/usr/bin/cmake -H/home/sunchangbao/test/github/codeCollectionTmp -B/home/sunchangbao/test/github/codeCollectionTmp/build --check-build-system CMakeFiles/Makefile.cmake 0
/usr/bin/cmake -E cmake_progress_start /home/sunchangbao/test/github/codeCollectionTmp/build/CMakeFiles /home/sunchangbao/test/github/codeCollectionTmp/build/CMakeFiles/progress.marks
make -f CMakeFiles/Makefile2 all
make[1]: Entering directory `/home/sunchangbao/test/github/codeCollectionTmp/build'
make -f src/CMakeFiles/build_info.dir/build.make src/CMakeFiles/build_info.dir/depend
make[2]: Entering directory `/home/sunchangbao/test/github/codeCollectionTmp/build'
cd /home/sunchangbao/test/github/codeCollectionTmp/build && /usr/bin/cmake -E cmake_depends "Unix Makefiles" /home/sunchangbao/test/github/codeCollectionTmp /home/sunchangbao/test/github/codeCollectionTmp/src /home/sunchangbao/test/github/codeCollectionTmp/build /home/sunchangbao/test/github/codeCollectionTmp/build/src /home/sunchangbao/test/github/codeCollectionTmp/build/src/CMakeFiles/build_info.dir/DependInfo.cmake --color=
make[2]: Leaving directory `/home/sunchangbao/test/github/codeCollectionTmp/build'
make -f src/CMakeFiles/build_info.dir/build.make src/CMakeFiles/build_info.dir/build
make[2]: Entering directory `/home/sunchangbao/test/github/codeCollectionTmp/build'
/usr/bin/cmake -E cmake_progress_report /home/sunchangbao/test/github/codeCollectionTmp/build/CMakeFiles 
[  0%] To making VERSION  ... 
cd /home/sunchangbao/test/github/codeCollectionTmp/build/src && exec /home/sunchangbao/test/github/codeCollectionTmp/config/scripts/make_version.sh
-----------------------------------------------
            generate build_info.h              
-----------------------------------------------
#ifndef __BUILD_INFO_H__
#define __BUILD_INFO_H__
 
 
#define g_make_build_date             "2016年 01月 15日 星期五 14:30:39 CST"
#define g_make_build_user_name        "sunchangbao"
#define g_make_build_host_name        "sunchangbao-ThinkPad"
#define g_make_build_kernel_revision  "Linux 3.19.0-32-generic x86_64"
#define g_make_svn_version    "5325"
#define g_make_major_version  "1"
#define g_make_minor_version  "0"
#define g_make_build_version  "1.0.5325"
 
#endif //__BUILD_INFO_H__
-- written to /home/sunchangbao/test/github/codeCollectionTmp/config/scripts/../../src/includes/build_info.h
/usr/bin/cmake -E cmake_progress_report /home/sunchangbao/test/github/codeCollectionTmp/build/CMakeFiles 17
[  1%] test build_info
make[2]: Leaving directory `/home/sunchangbao/test/github/codeCollectionTmp/build'
/usr/bin/cmake -E cmake_progress_report /home/sunchangbao/test/github/codeCollectionTmp/build/CMakeFiles  17
[  1%] Built target build_info
make -f src/Algorithm/Hash/CMakeFiles/hashlib.dir/build.make src/Algorithm/Hash/CMakeFiles/hashlib.dir/depend
make[2]: Entering directory `/home/sunchangbao/test/github/codeCollectionTmp/build'
cd /home/sunchangbao/test/github/codeCollectionTmp/build && /usr/bin/cmake -E cmake_depends "Unix Makefiles" /home/sunchangbao/test/github/codeCollectionTmp /home/sunchangbao/test/github/codeCollectionTmp/src/Algorithm/Hash /home/sunchangbao/test/github/codeCollectionTmp/build /home/sunchangbao/test/github/codeCollectionTmp/build/src/Algorithm/Hash /home/sunchangbao/test/github/codeCollectionTmp/build/src/Algorithm/Hash/CMakeFiles/hashlib.dir/DependInfo.cmake --color=
make[2]: Leaving directory `/home/sunchangbao/test/github/codeCollectionTmp/build'
make -f src/Algorithm/Hash/CMakeFiles/hashlib.dir/build.make src/Algorithm/Hash/CMakeFiles/hashlib.dir/build
make[2]: Entering directory `/home/sunchangbao/test/github/codeCollectionTmp/build'
make[2]: Nothing to be done for `src/Algorithm/Hash/CMakeFiles/hashlib.dir/build'.
make[2]: Leaving directory `/home/sunchangbao/test/github/codeCollectionTmp/build'
/usr/bin/cmake -E cmake_progress_report /home/sunchangbao/test/github/codeCollectionTmp/build/CMakeFiles 
[  1%] Built target hashlib
make -f src/Algorithm/Hash/CMakeFiles/Test_hash.elf.dir/build.make src/Algorithm/Hash/CMakeFiles/Test_hash.elf.dir/depend
make[2]: Entering directory `/home/sunchangbao/test/github/codeCollectionTmp/build'
cd /home/sunchangbao/test/github/codeCollectionTmp/build && /usr/bin/cmake -E cmake_depends "Unix Makefiles" /home/sunchangbao/test/github/codeCollectionTmp /home/sunchangbao/test/github/codeCollectionTmp/src/Algorithm/Hash /home/sunchangbao/test/github/codeCollectionTmp/build /home/sunchangbao/test/github/codeCollectionTmp/build/src/Algorithm/Hash /home/sunchangbao/test/github/codeCollectionTmp/build/src/Algorithm/Hash/CMakeFiles/Test_hash.elf.dir/DependInfo.cmake --color=
make[2]: Leaving directory `/home/sunchangbao/test/github/codeCollectionTmp/build'
make -f src/Algorithm/Hash/CMakeFiles/Test_hash.elf.dir/build.make src/Algorithm/Hash/CMakeFiles/Test_hash.elf.dir/build
make[2]: Entering directory `/home/sunchangbao/test/github/codeCollectionTmp/build'
make[2]: Nothing to be done for `src/Algorithm/Hash/CMakeFiles/Test_hash.elf.dir/build'.
make[2]: Leaving directory `/home/sunchangbao/test/github/codeCollectionTmp/build'
/usr/bin/cmake -E cmake_progress_report /home/sunchangbao/test/github/codeCollectionTmp/build/CMakeFiles 
[  1%] Built target Test_hash.elf
make -f src/Algorithm/Hash/CMakeFiles/hashs.dir/build.make src/Algorithm/Hash/CMakeFiles/hashs.dir/depend
make[2]: Entering directory `/home/sunchangbao/test/github/codeCollectionTmp/build'
cd /home/sunchangbao/test/github/codeCollectionTmp/build && /usr/bin/cmake -E cmake_depends "Unix Makefiles" /home/sunchangbao/test/github/codeCollectionTmp /home/sunchangbao/test/github/codeCollectionTmp/src/Algorithm/Hash /home/sunchangbao/test/github/codeCollectionTmp/build /home/sunchangbao/test/github/codeCollectionTmp/build/src/Algorithm/Hash /home/sunchangbao/test/github/codeCollectionTmp/build/src/Algorithm/Hash/CMakeFiles/hashs.dir/DependInfo.cmake --color=
make[2]: Leaving directory `/home/sunchangbao/test/github/codeCollectionTmp/build'
make -f src/Algorithm/Hash/CMakeFiles/hashs.dir/build.make src/Algorithm/Hash/CMakeFiles/hashs.dir/build
make[2]: Entering directory `/home/sunchangbao/test/github/codeCollectionTmp/build'
make[2]: Nothing to be done for `src/Algorithm/Hash/CMakeFiles/hashs.dir/build'.
make[2]: Leaving directory `/home/sunchangbao/test/github/codeCollectionTmp/build'
/usr/bin/cmake -E cmake_progress_report /home/sunchangbao/test/github/codeCollectionTmp/build/CMakeFiles  29
[  2%] Built target hashs
make -f src/A-V/jrtplib/src/CMakeFiles/jrtplib-shared.dir/build.make src/A-V/jrtplib/src/CMakeFiles/jrtplib-shared.dir/depend
make[2]: Entering directory `/home/sunchangbao/test/github/codeCollectionTmp/build'
cd /home/sunchangbao/test/github/codeCollectionTmp/build && /usr/bin/cmake -E cmake_depends "Unix Makefiles" /home/sunchangbao/test/github/codeCollectionTmp /home/sunchangbao/test/github/codeCollectionTmp/src/A-V/jrtplib/src /home/sunchangbao/test/github/codeCollectionTmp/build /home/sunchangbao/test/github/codeCollectionTmp/build/src/A-V/jrtplib/src /home/sunchangbao/test/github/codeCollectionTmp/build/src/A-V/jrtplib/src/CMakeFiles/jrtplib-shared.dir/DependInfo.cmake --color=
make[2]: Leaving directory `/home/sunchangbao/test/github/codeCollectionTmp/build'
make -f src/A-V/jrtplib/src/CMakeFiles/jrtplib-shared.dir/build.make src/A-V/jrtplib/src/CMakeFiles/jrtplib-shared.dir/build
make[2]: Entering directory `/home/sunchangbao/test/github/codeCollectionTmp/build'
make[2]: Nothing to be done for `src/A-V/jrtplib/src/CMakeFiles/jrtplib-shared.dir/build'.
make[2]: Leaving directory `/home/sunchangbao/test/github/codeCollectionTmp/build'
/usr/bin/cmake -E cmake_progress_report /home/sunchangbao/test/github/codeCollectionTmp/build/CMakeFiles  31 32 33 34 35 36 37 38 39
[ 11%] Built target jrtplib-shared
make -f src/A-V/jrtplib/src/CMakeFiles/jrtplib-static.dir/build.make src/A-V/jrtplib/src/CMakeFiles/jrtplib-static.dir/depend
make[2]: Entering directory `/home/sunchangbao/test/github/codeCollectionTmp/build'
cd /home/sunchangbao/test/github/codeCollectionTmp/build && /usr/bin/cmake -E cmake_depends "Unix Makefiles" /home/sunchangbao/test/github/codeCollectionTmp /home/sunchangbao/test/github/codeCollectionTmp/src/A-V/jrtplib/src /home/sunchangbao/test/github/codeCollectionTmp/build /home/sunchangbao/test/github/codeCollectionTmp/build/src/A-V/jrtplib/src /home/sunchangbao/test/github/codeCollectionTmp/build/src/A-V/jrtplib/src/CMakeFiles/jrtplib-static.dir/DependInfo.cmake --color=
make[2]: Leaving directory `/home/sunchangbao/test/github/codeCollectionTmp/build'
make -f src/A-V/jrtplib/src/CMakeFiles/jrtplib-static.dir/build.make src/A-V/jrtplib/src/CMakeFiles/jrtplib-static.dir/build
make[2]: Entering directory `/home/sunchangbao/test/github/codeCollectionTmp/build'
make[2]: Nothing to be done for `src/A-V/jrtplib/src/CMakeFiles/jrtplib-static.dir/build'.
make[2]: Leaving directory `/home/sunchangbao/test/github/codeCollectionTmp/build'
/usr/bin/cmake -E cmake_progress_report /home/sunchangbao/test/github/codeCollectionTmp/build/CMakeFiles  40 41 42 43 44 45 46 47
[ 19%] Built target jrtplib-static
make -f src/A-V/jrtplib/examples/CMakeFiles/Test_jrtplib_1.dir/build.make src/A-V/jrtplib/examples/CMakeFiles/Test_jrtplib_1.dir/depend
make[2]: Entering directory `/home/sunchangbao/test/github/codeCollectionTmp/build'
cd /home/sunchangbao/test/github/codeCollectionTmp/build && /usr/bin/cmake -E cmake_depends "Unix Makefiles" /home/sunchangbao/test/github/codeCollectionTmp /home/sunchangbao/test/github/codeCollectionTmp/src/A-V/jrtplib/examples /home/sunchangbao/test/github/codeCollectionTmp/build /home/sunchangbao/test/github/codeCollectionTmp/build/src/A-V/jrtplib/examples /home/sunchangbao/test/github/codeCollectionTmp/build/src/A-V/jrtplib/examples/CMakeFiles/Test_jrtplib_1.dir/DependInfo.cmake --color=
make[2]: Leaving directory `/home/sunchangbao/test/github/codeCollectionTmp/build'
make -f src/A-V/jrtplib/examples/CMakeFiles/Test_jrtplib_1.dir/build.make src/A-V/jrtplib/examples/CMakeFiles/Test_jrtplib_1.dir/build
make[2]: Entering directory `/home/sunchangbao/test/github/codeCollectionTmp/build'
make[2]: Nothing to be done for `src/A-V/jrtplib/examples/CMakeFiles/Test_jrtplib_1.dir/build'.
make[2]: Leaving directory `/home/sunchangbao/test/github/codeCollectionTmp/build'
/usr/bin/cmake -E cmake_progress_report /home/sunchangbao/test/github/codeCollectionTmp/build/CMakeFiles 
[ 19%] Built target Test_jrtplib_1
make -f src/A-V/jrtplib/examples/CMakeFiles/Test_jrtplib_2.dir/build.make src/A-V/jrtplib/examples/CMakeFiles/Test_jrtplib_2.dir/depend
make[2]: Entering directory `/home/sunchangbao/test/github/codeCollectionTmp/build'
cd /home/sunchangbao/test/github/codeCollectionTmp/build && /usr/bin/cmake -E cmake_depends "Unix Makefiles" /home/sunchangbao/test/github/codeCollectionTmp /home/sunchangbao/test/github/codeCollectionTmp/src/A-V/jrtplib/examples /home/sunchangbao/test/github/codeCollectionTmp/build /home/sunchangbao/test/github/codeCollectionTmp/build/src/A-V/jrtplib/examples /home/sunchangbao/test/github/codeCollectionTmp/build/src/A-V/jrtplib/examples/CMakeFiles/Test_jrtplib_2.dir/DependInfo.cmake --color=
make[2]: Leaving directory `/home/sunchangbao/test/github/codeCollectionTmp/build'
make -f src/A-V/jrtplib/examples/CMakeFiles/Test_jrtplib_2.dir/build.make src/A-V/jrtplib/examples/CMakeFiles/Test_jrtplib_2.dir/build
make[2]: Entering directory `/home/sunchangbao/test/github/codeCollectionTmp/build'
make[2]: Nothing to be done for `src/A-V/jrtplib/examples/CMakeFiles/Test_jrtplib_2.dir/build'.
make[2]: Leaving directory `/home/sunchangbao/test/github/codeCollectionTmp/build'
/usr/bin/cmake -E cmake_progress_report /home/sunchangbao/test/github/codeCollectionTmp/build/CMakeFiles 
[ 19%] Built target Test_jrtplib_2
make -f src/A-V/jrtplib/examples/CMakeFiles/Test_jrtplib_3.dir/build.make src/A-V/jrtplib/examples/CMakeFiles/Test_jrtplib_3.dir/depend
make[2]: Entering directory `/home/sunchangbao/test/github/codeCollectionTmp/build'
cd /home/sunchangbao/test/github/codeCollectionTmp/build && /usr/bin/cmake -E cmake_depends "Unix Makefiles" /home/sunchangbao/test/github/codeCollectionTmp /home/sunchangbao/test/github/codeCollectionTmp/src/A-V/jrtplib/examples /home/sunchangbao/test/github/codeCollectionTmp/build /home/sunchangbao/test/github/codeCollectionTmp/build/src/A-V/jrtplib/examples /home/sunchangbao/test/github/codeCollectionTmp/build/src/A-V/jrtplib/examples/CMakeFiles/Test_jrtplib_3.dir/DependInfo.cmake --color=
make[2]: Leaving directory `/home/sunchangbao/test/github/codeCollectionTmp/build'
make -f src/A-V/jrtplib/examples/CMakeFiles/Test_jrtplib_3.dir/build.make src/A-V/jrtplib/examples/CMakeFiles/Test_jrtplib_3.dir/build
make[2]: Entering directory `/home/sunchangbao/test/github/codeCollectionTmp/build'
make[2]: Nothing to be done for `src/A-V/jrtplib/examples/CMakeFiles/Test_jrtplib_3.dir/build'.
make[2]: Leaving directory `/home/sunchangbao/test/github/codeCollectionTmp/build'
/usr/bin/cmake -E cmake_progress_report /home/sunchangbao/test/github/codeCollectionTmp/build/CMakeFiles 
[ 19%] Built target Test_jrtplib_3
make -f src/A-V/jrtplib/examples/CMakeFiles/Test_jrtplib_4.dir/build.make src/A-V/jrtplib/examples/CMakeFiles/Test_jrtplib_4.dir/depend
make[2]: Entering directory `/home/sunchangbao/test/github/codeCollectionTmp/build'
cd /home/sunchangbao/test/github/codeCollectionTmp/build && /usr/bin/cmake -E cmake_depends "Unix Makefiles" /home/sunchangbao/test/github/codeCollectionTmp /home/sunchangbao/test/github/codeCollectionTmp/src/A-V/jrtplib/examples /home/sunchangbao/test/github/codeCollectionTmp/build /home/sunchangbao/test/github/codeCollectionTmp/build/src/A-V/jrtplib/examples /home/sunchangbao/test/github/codeCollectionTmp/build/src/A-V/jrtplib/examples/CMakeFiles/Test_jrtplib_4.dir/DependInfo.cmake --color=
make[2]: Leaving directory `/home/sunchangbao/test/github/codeCollectionTmp/build'
make -f src/A-V/jrtplib/examples/CMakeFiles/Test_jrtplib_4.dir/build.make src/A-V/jrtplib/examples/CMakeFiles/Test_jrtplib_4.dir/build
make[2]: Entering directory `/home/sunchangbao/test/github/codeCollectionTmp/build'
make[2]: Nothing to be done for `src/A-V/jrtplib/examples/CMakeFiles/Test_jrtplib_4.dir/build'.
make[2]: Leaving directory `/home/sunchangbao/test/github/codeCollectionTmp/build'
/usr/bin/cmake -E cmake_progress_report /home/sunchangbao/test/github/codeCollectionTmp/build/CMakeFiles  7
[ 20%] Built target Test_jrtplib_4
make -f src/A-V/jrtplib/examples/CMakeFiles/Test_jrtplib_5.dir/build.make src/A-V/jrtplib/examples/CMakeFiles/Test_jrtplib_5.dir/depend
make[2]: Entering directory `/home/sunchangbao/test/github/codeCollectionTmp/build'
cd /home/sunchangbao/test/github/codeCollectionTmp/build && /usr/bin/cmake -E cmake_depends "Unix Makefiles" /home/sunchangbao/test/github/codeCollectionTmp /home/sunchangbao/test/github/codeCollectionTmp/src/A-V/jrtplib/examples /home/sunchangbao/test/github/codeCollectionTmp/build /home/sunchangbao/test/github/codeCollectionTmp/build/src/A-V/jrtplib/examples /home/sunchangbao/test/github/codeCollectionTmp/build/src/A-V/jrtplib/examples/CMakeFiles/Test_jrtplib_5.dir/DependInfo.cmake --color=
make[2]: Leaving directory `/home/sunchangbao/test/github/codeCollectionTmp/build'
make -f src/A-V/jrtplib/examples/CMakeFiles/Test_jrtplib_5.dir/build.make src/A-V/jrtplib/examples/CMakeFiles/Test_jrtplib_5.dir/build
make[2]: Entering directory `/home/sunchangbao/test/github/codeCollectionTmp/build'
make[2]: Nothing to be done for `src/A-V/jrtplib/examples/CMakeFiles/Test_jrtplib_5.dir/build'.
make[2]: Leaving directory `/home/sunchangbao/test/github/codeCollectionTmp/build'
/usr/bin/cmake -E cmake_progress_report /home/sunchangbao/test/github/codeCollectionTmp/build/CMakeFiles 
[ 20%] Built target Test_jrtplib_5
make -f src/A-V/live555/CMakeFiles/BasicUsageEnvironment.dir/build.make src/A-V/live555/CMakeFiles/BasicUsageEnvironment.dir/depend
make[2]: Entering directory `/home/sunchangbao/test/github/codeCollectionTmp/build'
cd /home/sunchangbao/test/github/codeCollectionTmp/build && /usr/bin/cmake -E cmake_depends "Unix Makefiles" /home/sunchangbao/test/github/codeCollectionTmp /home/sunchangbao/test/github/codeCollectionTmp/src/A-V/live555 /home/sunchangbao/test/github/codeCollectionTmp/build /home/sunchangbao/test/github/codeCollectionTmp/build/src/A-V/live555 /home/sunchangbao/test/github/codeCollectionTmp/build/src/A-V/live555/CMakeFiles/BasicUsageEnvironment.dir/DependInfo.cmake --color=
make[2]: Leaving directory `/home/sunchangbao/test/github/codeCollectionTmp/build'
make -f src/A-V/live555/CMakeFiles/BasicUsageEnvironment.dir/build.make src/A-V/live555/CMakeFiles/BasicUsageEnvironment.dir/build
make[2]: Entering directory `/home/sunchangbao/test/github/codeCollectionTmp/build'
make[2]: Nothing to be done for `src/A-V/live555/CMakeFiles/BasicUsageEnvironment.dir/build'.
make[2]: Leaving directory `/home/sunchangbao/test/github/codeCollectionTmp/build'
/usr/bin/cmake -E cmake_progress_report /home/sunchangbao/test/github/codeCollectionTmp/build/CMakeFiles  1
[ 21%] Built target BasicUsageEnvironment
make -f src/A-V/live555/CMakeFiles/UsageEnvironment.dir/build.make src/A-V/live555/CMakeFiles/UsageEnvironment.dir/depend
make[2]: Entering directory `/home/sunchangbao/test/github/codeCollectionTmp/build'
cd /home/sunchangbao/test/github/codeCollectionTmp/build && /usr/bin/cmake -E cmake_depends "Unix Makefiles" /home/sunchangbao/test/github/codeCollectionTmp /home/sunchangbao/test/github/codeCollectionTmp/src/A-V/live555 /home/sunchangbao/test/github/codeCollectionTmp/build /home/sunchangbao/test/github/codeCollectionTmp/build/src/A-V/live555 /home/sunchangbao/test/github/codeCollectionTmp/build/src/A-V/live555/CMakeFiles/UsageEnvironment.dir/DependInfo.cmake --color=
make[2]: Leaving directory `/home/sunchangbao/test/github/codeCollectionTmp/build'
make -f src/A-V/live555/CMakeFiles/UsageEnvironment.dir/build.make src/A-V/live555/CMakeFiles/UsageEnvironment.dir/build
make[2]: Entering directory `/home/sunchangbao/test/github/codeCollectionTmp/build'
make[2]: Nothing to be done for `src/A-V/live555/CMakeFiles/UsageEnvironment.dir/build'.
make[2]: Leaving directory `/home/sunchangbao/test/github/codeCollectionTmp/build'
/usr/bin/cmake -E cmake_progress_report /home/sunchangbao/test/github/codeCollectionTmp/build/CMakeFiles  13
[ 22%] Built target UsageEnvironment
make -f src/A-V/live555/CMakeFiles/groupsock.dir/build.make src/A-V/live555/CMakeFiles/groupsock.dir/depend
make[2]: Entering directory `/home/sunchangbao/test/github/codeCollectionTmp/build'
cd /home/sunchangbao/test/github/codeCollectionTmp/build && /usr/bin/cmake -E cmake_depends "Unix Makefiles" /home/sunchangbao/test/github/codeCollectionTmp /home/sunchangbao/test/github/codeCollectionTmp/src/A-V/live555 /home/sunchangbao/test/github/codeCollectionTmp/build /home/sunchangbao/test/github/codeCollectionTmp/build/src/A-V/live555 /home/sunchangbao/test/github/codeCollectionTmp/build/src/A-V/live555/CMakeFiles/groupsock.dir/DependInfo.cmake --color=
make[2]: Leaving directory `/home/sunchangbao/test/github/codeCollectionTmp/build'
make -f src/A-V/live555/CMakeFiles/groupsock.dir/build.make src/A-V/live555/CMakeFiles/groupsock.dir/build
make[2]: Entering directory `/home/sunchangbao/test/github/codeCollectionTmp/build'
make[2]: Nothing to be done for `src/A-V/live555/CMakeFiles/groupsock.dir/build'.
make[2]: Leaving directory `/home/sunchangbao/test/github/codeCollectionTmp/build'
/usr/bin/cmake -E cmake_progress_report /home/sunchangbao/test/github/codeCollectionTmp/build/CMakeFiles  27 28
[ 24%] Built target groupsock
make -f src/A-V/live555/CMakeFiles/liveMedia.dir/build.make src/A-V/live555/CMakeFiles/liveMedia.dir/depend
make[2]: Entering directory `/home/sunchangbao/test/github/codeCollectionTmp/build'
cd /home/sunchangbao/test/github/codeCollectionTmp/build && /usr/bin/cmake -E cmake_depends "Unix Makefiles" /home/sunchangbao/test/github/codeCollectionTmp /home/sunchangbao/test/github/codeCollectionTmp/src/A-V/live555 /home/sunchangbao/test/github/codeCollectionTmp/build /home/sunchangbao/test/github/codeCollectionTmp/build/src/A-V/live555 /home/sunchangbao/test/github/codeCollectionTmp/build/src/A-V/live555/CMakeFiles/liveMedia.dir/DependInfo.cmake --color=
make[2]: Leaving directory `/home/sunchangbao/test/github/codeCollectionTmp/build'
make -f src/A-V/live555/CMakeFiles/liveMedia.dir/build.make src/A-V/live555/CMakeFiles/liveMedia.dir/build
make[2]: Entering directory `/home/sunchangbao/test/github/codeCollectionTmp/build'
make[2]: Nothing to be done for `src/A-V/live555/CMakeFiles/liveMedia.dir/build'.
make[2]: Leaving directory `/home/sunchangbao/test/github/codeCollectionTmp/build'
/usr/bin/cmake -E cmake_progress_report /home/sunchangbao/test/github/codeCollectionTmp/build/CMakeFiles  48 49 50 51 52 53 54 55 56 57 58 59 60 61 62 63 64 65 66 67 68 69 70 71 72 73 74 75 76 77 78 79 80 81 82 83 84 85
[ 62%] Built target liveMedia
make -f src/A-V/live555/CMakeFiles/mediaServer.dir/build.make src/A-V/live555/CMakeFiles/mediaServer.dir/depend
make[2]: Entering directory `/home/sunchangbao/test/github/codeCollectionTmp/build'
cd /home/sunchangbao/test/github/codeCollectionTmp/build && /usr/bin/cmake -E cmake_depends "Unix Makefiles" /home/sunchangbao/test/github/codeCollectionTmp /home/sunchangbao/test/github/codeCollectionTmp/src/A-V/live555 /home/sunchangbao/test/github/codeCollectionTmp/build /home/sunchangbao/test/github/codeCollectionTmp/build/src/A-V/live555 /home/sunchangbao/test/github/codeCollectionTmp/build/src/A-V/live555/CMakeFiles/mediaServer.dir/DependInfo.cmake --color=
make[2]: Leaving directory `/home/sunchangbao/test/github/codeCollectionTmp/build'
make -f src/A-V/live555/CMakeFiles/mediaServer.dir/build.make src/A-V/live555/CMakeFiles/mediaServer.dir/build
make[2]: Entering directory `/home/sunchangbao/test/github/codeCollectionTmp/build'
make[2]: Nothing to be done for `src/A-V/live555/CMakeFiles/mediaServer.dir/build'.
make[2]: Leaving directory `/home/sunchangbao/test/github/codeCollectionTmp/build'
/usr/bin/cmake -E cmake_progress_report /home/sunchangbao/test/github/codeCollectionTmp/build/CMakeFiles 
[ 62%] Built target mediaServer
make -f src/Crypto/AES/CMakeFiles/aeslib.dir/build.make src/Crypto/AES/CMakeFiles/aeslib.dir/depend
make[2]: Entering directory `/home/sunchangbao/test/github/codeCollectionTmp/build'
cd /home/sunchangbao/test/github/codeCollectionTmp/build && /usr/bin/cmake -E cmake_depends "Unix Makefiles" /home/sunchangbao/test/github/codeCollectionTmp /home/sunchangbao/test/github/codeCollectionTmp/src/Crypto/AES /home/sunchangbao/test/github/codeCollectionTmp/build /home/sunchangbao/test/github/codeCollectionTmp/build/src/Crypto/AES /home/sunchangbao/test/github/codeCollectionTmp/build/src/Crypto/AES/CMakeFiles/aeslib.dir/DependInfo.cmake --color=
make[2]: Leaving directory `/home/sunchangbao/test/github/codeCollectionTmp/build'
make -f src/Crypto/AES/CMakeFiles/aeslib.dir/build.make src/Crypto/AES/CMakeFiles/aeslib.dir/build
make[2]: Entering directory `/home/sunchangbao/test/github/codeCollectionTmp/build'
make[2]: Nothing to be done for `src/Crypto/AES/CMakeFiles/aeslib.dir/build'.
make[2]: Leaving directory `/home/sunchangbao/test/github/codeCollectionTmp/build'
/usr/bin/cmake -E cmake_progress_report /home/sunchangbao/test/github/codeCollectionTmp/build/CMakeFiles 
[ 62%] Built target aeslib
make -f src/Crypto/AES/CMakeFiles/Test_aes.elf.dir/build.make src/Crypto/AES/CMakeFiles/Test_aes.elf.dir/depend
make[2]: Entering directory `/home/sunchangbao/test/github/codeCollectionTmp/build'
cd /home/sunchangbao/test/github/codeCollectionTmp/build && /usr/bin/cmake -E cmake_depends "Unix Makefiles" /home/sunchangbao/test/github/codeCollectionTmp /home/sunchangbao/test/github/codeCollectionTmp/src/Crypto/AES /home/sunchangbao/test/github/codeCollectionTmp/build /home/sunchangbao/test/github/codeCollectionTmp/build/src/Crypto/AES /home/sunchangbao/test/github/codeCollectionTmp/build/src/Crypto/AES/CMakeFiles/Test_aes.elf.dir/DependInfo.cmake --color=
make[2]: Leaving directory `/home/sunchangbao/test/github/codeCollectionTmp/build'
make -f src/Crypto/AES/CMakeFiles/Test_aes.elf.dir/build.make src/Crypto/AES/CMakeFiles/Test_aes.elf.dir/build
make[2]: Entering directory `/home/sunchangbao/test/github/codeCollectionTmp/build'
make[2]: Nothing to be done for `src/Crypto/AES/CMakeFiles/Test_aes.elf.dir/build'.
make[2]: Leaving directory `/home/sunchangbao/test/github/codeCollectionTmp/build'
/usr/bin/cmake -E cmake_progress_report /home/sunchangbao/test/github/codeCollectionTmp/build/CMakeFiles 
[ 62%] Built target Test_aes.elf
make -f src/Crypto/AES/CMakeFiles/aess.dir/build.make src/Crypto/AES/CMakeFiles/aess.dir/depend
make[2]: Entering directory `/home/sunchangbao/test/github/codeCollectionTmp/build'
cd /home/sunchangbao/test/github/codeCollectionTmp/build && /usr/bin/cmake -E cmake_depends "Unix Makefiles" /home/sunchangbao/test/github/codeCollectionTmp /home/sunchangbao/test/github/codeCollectionTmp/src/Crypto/AES /home/sunchangbao/test/github/codeCollectionTmp/build /home/sunchangbao/test/github/codeCollectionTmp/build/src/Crypto/AES /home/sunchangbao/test/github/codeCollectionTmp/build/src/Crypto/AES/CMakeFiles/aess.dir/DependInfo.cmake --color=
make[2]: Leaving directory `/home/sunchangbao/test/github/codeCollectionTmp/build'
make -f src/Crypto/AES/CMakeFiles/aess.dir/build.make src/Crypto/AES/CMakeFiles/aess.dir/build
make[2]: Entering directory `/home/sunchangbao/test/github/codeCollectionTmp/build'
make[2]: Nothing to be done for `src/Crypto/AES/CMakeFiles/aess.dir/build'.
make[2]: Leaving directory `/home/sunchangbao/test/github/codeCollectionTmp/build'
/usr/bin/cmake -E cmake_progress_report /home/sunchangbao/test/github/codeCollectionTmp/build/CMakeFiles  14
[ 63%] Built target aess
make -f src/Crypto/Base64c/CMakeFiles/base64clib.dir/build.make src/Crypto/Base64c/CMakeFiles/base64clib.dir/depend
make[2]: Entering directory `/home/sunchangbao/test/github/codeCollectionTmp/build'
cd /home/sunchangbao/test/github/codeCollectionTmp/build && /usr/bin/cmake -E cmake_depends "Unix Makefiles" /home/sunchangbao/test/github/codeCollectionTmp /home/sunchangbao/test/github/codeCollectionTmp/src/Crypto/Base64c /home/sunchangbao/test/github/codeCollectionTmp/build /home/sunchangbao/test/github/codeCollectionTmp/build/src/Crypto/Base64c /home/sunchangbao/test/github/codeCollectionTmp/build/src/Crypto/Base64c/CMakeFiles/base64clib.dir/DependInfo.cmake --color=
make[2]: Leaving directory `/home/sunchangbao/test/github/codeCollectionTmp/build'
make -f src/Crypto/Base64c/CMakeFiles/base64clib.dir/build.make src/Crypto/Base64c/CMakeFiles/base64clib.dir/build
make[2]: Entering directory `/home/sunchangbao/test/github/codeCollectionTmp/build'
make[2]: Nothing to be done for `src/Crypto/Base64c/CMakeFiles/base64clib.dir/build'.
make[2]: Leaving directory `/home/sunchangbao/test/github/codeCollectionTmp/build'
/usr/bin/cmake -E cmake_progress_report /home/sunchangbao/test/github/codeCollectionTmp/build/CMakeFiles 
[ 63%] Built target base64clib
make -f src/Crypto/Base64c/CMakeFiles/Test_base64c.elf.dir/build.make src/Crypto/Base64c/CMakeFiles/Test_base64c.elf.dir/depend
make[2]: Entering directory `/home/sunchangbao/test/github/codeCollectionTmp/build'
cd /home/sunchangbao/test/github/codeCollectionTmp/build && /usr/bin/cmake -E cmake_depends "Unix Makefiles" /home/sunchangbao/test/github/codeCollectionTmp /home/sunchangbao/test/github/codeCollectionTmp/src/Crypto/Base64c /home/sunchangbao/test/github/codeCollectionTmp/build /home/sunchangbao/test/github/codeCollectionTmp/build/src/Crypto/Base64c /home/sunchangbao/test/github/codeCollectionTmp/build/src/Crypto/Base64c/CMakeFiles/Test_base64c.elf.dir/DependInfo.cmake --color=
make[2]: Leaving directory `/home/sunchangbao/test/github/codeCollectionTmp/build'
make -f src/Crypto/Base64c/CMakeFiles/Test_base64c.elf.dir/build.make src/Crypto/Base64c/CMakeFiles/Test_base64c.elf.dir/build
make[2]: Entering directory `/home/sunchangbao/test/github/codeCollectionTmp/build'
make[2]: Nothing to be done for `src/Crypto/Base64c/CMakeFiles/Test_base64c.elf.dir/build'.
make[2]: Leaving directory `/home/sunchangbao/test/github/codeCollectionTmp/build'
/usr/bin/cmake -E cmake_progress_report /home/sunchangbao/test/github/codeCollectionTmp/build/CMakeFiles 
[ 63%] Built target Test_base64c.elf
make -f src/Crypto/Base64c/CMakeFiles/base64cs.dir/build.make src/Crypto/Base64c/CMakeFiles/base64cs.dir/depend
make[2]: Entering directory `/home/sunchangbao/test/github/codeCollectionTmp/build'
cd /home/sunchangbao/test/github/codeCollectionTmp/build && /usr/bin/cmake -E cmake_depends "Unix Makefiles" /home/sunchangbao/test/github/codeCollectionTmp /home/sunchangbao/test/github/codeCollectionTmp/src/Crypto/Base64c /home/sunchangbao/test/github/codeCollectionTmp/build /home/sunchangbao/test/github/codeCollectionTmp/build/src/Crypto/Base64c /home/sunchangbao/test/github/codeCollectionTmp/build/src/Crypto/Base64c/CMakeFiles/base64cs.dir/DependInfo.cmake --color=
make[2]: Leaving directory `/home/sunchangbao/test/github/codeCollectionTmp/build'
make -f src/Crypto/Base64c/CMakeFiles/base64cs.dir/build.make src/Crypto/Base64c/CMakeFiles/base64cs.dir/build
make[2]: Entering directory `/home/sunchangbao/test/github/codeCollectionTmp/build'
make[2]: Nothing to be done for `src/Crypto/Base64c/CMakeFiles/base64cs.dir/build'.
make[2]: Leaving directory `/home/sunchangbao/test/github/codeCollectionTmp/build'
/usr/bin/cmake -E cmake_progress_report /home/sunchangbao/test/github/codeCollectionTmp/build/CMakeFiles 
[ 63%] Built target base64cs
make -f src/Crypto/Base64cpp/CMakeFiles/base64cpplib.dir/build.make src/Crypto/Base64cpp/CMakeFiles/base64cpplib.dir/depend
make[2]: Entering directory `/home/sunchangbao/test/github/codeCollectionTmp/build'
cd /home/sunchangbao/test/github/codeCollectionTmp/build && /usr/bin/cmake -E cmake_depends "Unix Makefiles" /home/sunchangbao/test/github/codeCollectionTmp /home/sunchangbao/test/github/codeCollectionTmp/src/Crypto/Base64cpp /home/sunchangbao/test/github/codeCollectionTmp/build /home/sunchangbao/test/github/codeCollectionTmp/build/src/Crypto/Base64cpp /home/sunchangbao/test/github/codeCollectionTmp/build/src/Crypto/Base64cpp/CMakeFiles/base64cpplib.dir/DependInfo.cmake --color=
make[2]: Leaving directory `/home/sunchangbao/test/github/codeCollectionTmp/build'
make -f src/Crypto/Base64cpp/CMakeFiles/base64cpplib.dir/build.make src/Crypto/Base64cpp/CMakeFiles/base64cpplib.dir/build
make[2]: Entering directory `/home/sunchangbao/test/github/codeCollectionTmp/build'
make[2]: Nothing to be done for `src/Crypto/Base64cpp/CMakeFiles/base64cpplib.dir/build'.
make[2]: Leaving directory `/home/sunchangbao/test/github/codeCollectionTmp/build'
/usr/bin/cmake -E cmake_progress_report /home/sunchangbao/test/github/codeCollectionTmp/build/CMakeFiles  15
[ 64%] Built target base64cpplib
make -f src/Crypto/Base64cpp/CMakeFiles/Test_base64cpp.elf.dir/build.make src/Crypto/Base64cpp/CMakeFiles/Test_base64cpp.elf.dir/depend
make[2]: Entering directory `/home/sunchangbao/test/github/codeCollectionTmp/build'
cd /home/sunchangbao/test/github/codeCollectionTmp/build && /usr/bin/cmake -E cmake_depends "Unix Makefiles" /home/sunchangbao/test/github/codeCollectionTmp /home/sunchangbao/test/github/codeCollectionTmp/src/Crypto/Base64cpp /home/sunchangbao/test/github/codeCollectionTmp/build /home/sunchangbao/test/github/codeCollectionTmp/build/src/Crypto/Base64cpp /home/sunchangbao/test/github/codeCollectionTmp/build/src/Crypto/Base64cpp/CMakeFiles/Test_base64cpp.elf.dir/DependInfo.cmake --color=
make[2]: Leaving directory `/home/sunchangbao/test/github/codeCollectionTmp/build'
make -f src/Crypto/Base64cpp/CMakeFiles/Test_base64cpp.elf.dir/build.make src/Crypto/Base64cpp/CMakeFiles/Test_base64cpp.elf.dir/build
make[2]: Entering directory `/home/sunchangbao/test/github/codeCollectionTmp/build'
make[2]: Nothing to be done for `src/Crypto/Base64cpp/CMakeFiles/Test_base64cpp.elf.dir/build'.
make[2]: Leaving directory `/home/sunchangbao/test/github/codeCollectionTmp/build'
/usr/bin/cmake -E cmake_progress_report /home/sunchangbao/test/github/codeCollectionTmp/build/CMakeFiles 
[ 64%] Built target Test_base64cpp.elf
make -f src/Crypto/Base64cpp/CMakeFiles/base64cpps.dir/build.make src/Crypto/Base64cpp/CMakeFiles/base64cpps.dir/depend
make[2]: Entering directory `/home/sunchangbao/test/github/codeCollectionTmp/build'
cd /home/sunchangbao/test/github/codeCollectionTmp/build && /usr/bin/cmake -E cmake_depends "Unix Makefiles" /home/sunchangbao/test/github/codeCollectionTmp /home/sunchangbao/test/github/codeCollectionTmp/src/Crypto/Base64cpp /home/sunchangbao/test/github/codeCollectionTmp/build /home/sunchangbao/test/github/codeCollectionTmp/build/src/Crypto/Base64cpp /home/sunchangbao/test/github/codeCollectionTmp/build/src/Crypto/Base64cpp/CMakeFiles/base64cpps.dir/DependInfo.cmake --color=
make[2]: Leaving directory `/home/sunchangbao/test/github/codeCollectionTmp/build'
make -f src/Crypto/Base64cpp/CMakeFiles/base64cpps.dir/build.make src/Crypto/Base64cpp/CMakeFiles/base64cpps.dir/build
make[2]: Entering directory `/home/sunchangbao/test/github/codeCollectionTmp/build'
make[2]: Nothing to be done for `src/Crypto/Base64cpp/CMakeFiles/base64cpps.dir/build'.
make[2]: Leaving directory `/home/sunchangbao/test/github/codeCollectionTmp/build'
/usr/bin/cmake -E cmake_progress_report /home/sunchangbao/test/github/codeCollectionTmp/build/CMakeFiles  16
[ 65%] Built target base64cpps
make -f src/Crypto/Base64live555/CMakeFiles/base64live555lib.dir/build.make src/Crypto/Base64live555/CMakeFiles/base64live555lib.dir/depend
make[2]: Entering directory `/home/sunchangbao/test/github/codeCollectionTmp/build'
cd /home/sunchangbao/test/github/codeCollectionTmp/build && /usr/bin/cmake -E cmake_depends "Unix Makefiles" /home/sunchangbao/test/github/codeCollectionTmp /home/sunchangbao/test/github/codeCollectionTmp/src/Crypto/Base64live555 /home/sunchangbao/test/github/codeCollectionTmp/build /home/sunchangbao/test/github/codeCollectionTmp/build/src/Crypto/Base64live555 /home/sunchangbao/test/github/codeCollectionTmp/build/src/Crypto/Base64live555/CMakeFiles/base64live555lib.dir/DependInfo.cmake --color=
make[2]: Leaving directory `/home/sunchangbao/test/github/codeCollectionTmp/build'
make -f src/Crypto/Base64live555/CMakeFiles/base64live555lib.dir/build.make src/Crypto/Base64live555/CMakeFiles/base64live555lib.dir/build
make[2]: Entering directory `/home/sunchangbao/test/github/codeCollectionTmp/build'
make[2]: Nothing to be done for `src/Crypto/Base64live555/CMakeFiles/base64live555lib.dir/build'.
make[2]: Leaving directory `/home/sunchangbao/test/github/codeCollectionTmp/build'
/usr/bin/cmake -E cmake_progress_report /home/sunchangbao/test/github/codeCollectionTmp/build/CMakeFiles 
[ 65%] Built target base64live555lib
make -f src/Crypto/Base64live555/CMakeFiles/Test_base64live555.elf.dir/build.make src/Crypto/Base64live555/CMakeFiles/Test_base64live555.elf.dir/depend
make[2]: Entering directory `/home/sunchangbao/test/github/codeCollectionTmp/build'
cd /home/sunchangbao/test/github/codeCollectionTmp/build && /usr/bin/cmake -E cmake_depends "Unix Makefiles" /home/sunchangbao/test/github/codeCollectionTmp /home/sunchangbao/test/github/codeCollectionTmp/src/Crypto/Base64live555 /home/sunchangbao/test/github/codeCollectionTmp/build /home/sunchangbao/test/github/codeCollectionTmp/build/src/Crypto/Base64live555 /home/sunchangbao/test/github/codeCollectionTmp/build/src/Crypto/Base64live555/CMakeFiles/Test_base64live555.elf.dir/DependInfo.cmake --color=
make[2]: Leaving directory `/home/sunchangbao/test/github/codeCollectionTmp/build'
make -f src/Crypto/Base64live555/CMakeFiles/Test_base64live555.elf.dir/build.make src/Crypto/Base64live555/CMakeFiles/Test_base64live555.elf.dir/build
make[2]: Entering directory `/home/sunchangbao/test/github/codeCollectionTmp/build'
make[2]: Nothing to be done for `src/Crypto/Base64live555/CMakeFiles/Test_base64live555.elf.dir/build'.
make[2]: Leaving directory `/home/sunchangbao/test/github/codeCollectionTmp/build'
/usr/bin/cmake -E cmake_progress_report /home/sunchangbao/test/github/codeCollectionTmp/build/CMakeFiles 
[ 65%] Built target Test_base64live555.elf
make -f src/Crypto/Base64live555/CMakeFiles/base64live555s.dir/build.make src/Crypto/Base64live555/CMakeFiles/base64live555s.dir/depend
make[2]: Entering directory `/home/sunchangbao/test/github/codeCollectionTmp/build'
cd /home/sunchangbao/test/github/codeCollectionTmp/build && /usr/bin/cmake -E cmake_depends "Unix Makefiles" /home/sunchangbao/test/github/codeCollectionTmp /home/sunchangbao/test/github/codeCollectionTmp/src/Crypto/Base64live555 /home/sunchangbao/test/github/codeCollectionTmp/build /home/sunchangbao/test/github/codeCollectionTmp/build/src/Crypto/Base64live555 /home/sunchangbao/test/github/codeCollectionTmp/build/src/Crypto/Base64live555/CMakeFiles/base64live555s.dir/DependInfo.cmake --color=
make[2]: Leaving directory `/home/sunchangbao/test/github/codeCollectionTmp/build'
make -f src/Crypto/Base64live555/CMakeFiles/base64live555s.dir/build.make src/Crypto/Base64live555/CMakeFiles/base64live555s.dir/build
make[2]: Entering directory `/home/sunchangbao/test/github/codeCollectionTmp/build'
make[2]: Nothing to be done for `src/Crypto/Base64live555/CMakeFiles/base64live555s.dir/build'.
make[2]: Leaving directory `/home/sunchangbao/test/github/codeCollectionTmp/build'
/usr/bin/cmake -E cmake_progress_report /home/sunchangbao/test/github/codeCollectionTmp/build/CMakeFiles 
[ 65%] Built target base64live555s
make -f src/Crypto/DESc/CMakeFiles/desclib.dir/build.make src/Crypto/DESc/CMakeFiles/desclib.dir/depend
make[2]: Entering directory `/home/sunchangbao/test/github/codeCollectionTmp/build'
cd /home/sunchangbao/test/github/codeCollectionTmp/build && /usr/bin/cmake -E cmake_depends "Unix Makefiles" /home/sunchangbao/test/github/codeCollectionTmp /home/sunchangbao/test/github/codeCollectionTmp/src/Crypto/DESc /home/sunchangbao/test/github/codeCollectionTmp/build /home/sunchangbao/test/github/codeCollectionTmp/build/src/Crypto/DESc /home/sunchangbao/test/github/codeCollectionTmp/build/src/Crypto/DESc/CMakeFiles/desclib.dir/DependInfo.cmake --color=
make[2]: Leaving directory `/home/sunchangbao/test/github/codeCollectionTmp/build'
make -f src/Crypto/DESc/CMakeFiles/desclib.dir/build.make src/Crypto/DESc/CMakeFiles/desclib.dir/build
make[2]: Entering directory `/home/sunchangbao/test/github/codeCollectionTmp/build'
make[2]: Nothing to be done for `src/Crypto/DESc/CMakeFiles/desclib.dir/build'.
make[2]: Leaving directory `/home/sunchangbao/test/github/codeCollectionTmp/build'
/usr/bin/cmake -E cmake_progress_report /home/sunchangbao/test/github/codeCollectionTmp/build/CMakeFiles 
[ 65%] Built target desclib
make -f src/Crypto/DESc/CMakeFiles/Test_desc.elf.dir/build.make src/Crypto/DESc/CMakeFiles/Test_desc.elf.dir/depend
make[2]: Entering directory `/home/sunchangbao/test/github/codeCollectionTmp/build'
cd /home/sunchangbao/test/github/codeCollectionTmp/build && /usr/bin/cmake -E cmake_depends "Unix Makefiles" /home/sunchangbao/test/github/codeCollectionTmp /home/sunchangbao/test/github/codeCollectionTmp/src/Crypto/DESc /home/sunchangbao/test/github/codeCollectionTmp/build /home/sunchangbao/test/github/codeCollectionTmp/build/src/Crypto/DESc /home/sunchangbao/test/github/codeCollectionTmp/build/src/Crypto/DESc/CMakeFiles/Test_desc.elf.dir/DependInfo.cmake --color=
make[2]: Leaving directory `/home/sunchangbao/test/github/codeCollectionTmp/build'
make -f src/Crypto/DESc/CMakeFiles/Test_desc.elf.dir/build.make src/Crypto/DESc/CMakeFiles/Test_desc.elf.dir/build
make[2]: Entering directory `/home/sunchangbao/test/github/codeCollectionTmp/build'
make[2]: Nothing to be done for `src/Crypto/DESc/CMakeFiles/Test_desc.elf.dir/build'.
make[2]: Leaving directory `/home/sunchangbao/test/github/codeCollectionTmp/build'
/usr/bin/cmake -E cmake_progress_report /home/sunchangbao/test/github/codeCollectionTmp/build/CMakeFiles 
[ 65%] Built target Test_desc.elf
make -f src/Crypto/DESc/CMakeFiles/descs.dir/build.make src/Crypto/DESc/CMakeFiles/descs.dir/depend
make[2]: Entering directory `/home/sunchangbao/test/github/codeCollectionTmp/build'
cd /home/sunchangbao/test/github/codeCollectionTmp/build && /usr/bin/cmake -E cmake_depends "Unix Makefiles" /home/sunchangbao/test/github/codeCollectionTmp /home/sunchangbao/test/github/codeCollectionTmp/src/Crypto/DESc /home/sunchangbao/test/github/codeCollectionTmp/build /home/sunchangbao/test/github/codeCollectionTmp/build/src/Crypto/DESc /home/sunchangbao/test/github/codeCollectionTmp/build/src/Crypto/DESc/CMakeFiles/descs.dir/DependInfo.cmake --color=
make[2]: Leaving directory `/home/sunchangbao/test/github/codeCollectionTmp/build'
make -f src/Crypto/DESc/CMakeFiles/descs.dir/build.make src/Crypto/DESc/CMakeFiles/descs.dir/build
make[2]: Entering directory `/home/sunchangbao/test/github/codeCollectionTmp/build'
make[2]: Nothing to be done for `src/Crypto/DESc/CMakeFiles/descs.dir/build'.
make[2]: Leaving directory `/home/sunchangbao/test/github/codeCollectionTmp/build'
/usr/bin/cmake -E cmake_progress_report /home/sunchangbao/test/github/codeCollectionTmp/build/CMakeFiles 
[ 65%] Built target descs
make -f src/Crypto/DEScpp/CMakeFiles/descpplib.dir/build.make src/Crypto/DEScpp/CMakeFiles/descpplib.dir/depend
make[2]: Entering directory `/home/sunchangbao/test/github/codeCollectionTmp/build'
cd /home/sunchangbao/test/github/codeCollectionTmp/build && /usr/bin/cmake -E cmake_depends "Unix Makefiles" /home/sunchangbao/test/github/codeCollectionTmp /home/sunchangbao/test/github/codeCollectionTmp/src/Crypto/DEScpp /home/sunchangbao/test/github/codeCollectionTmp/build /home/sunchangbao/test/github/codeCollectionTmp/build/src/Crypto/DEScpp /home/sunchangbao/test/github/codeCollectionTmp/build/src/Crypto/DEScpp/CMakeFiles/descpplib.dir/DependInfo.cmake --color=
make[2]: Leaving directory `/home/sunchangbao/test/github/codeCollectionTmp/build'
make -f src/Crypto/DEScpp/CMakeFiles/descpplib.dir/build.make src/Crypto/DEScpp/CMakeFiles/descpplib.dir/build
make[2]: Entering directory `/home/sunchangbao/test/github/codeCollectionTmp/build'
make[2]: Nothing to be done for `src/Crypto/DEScpp/CMakeFiles/descpplib.dir/build'.
make[2]: Leaving directory `/home/sunchangbao/test/github/codeCollectionTmp/build'
/usr/bin/cmake -E cmake_progress_report /home/sunchangbao/test/github/codeCollectionTmp/build/CMakeFiles  20
[ 66%] Built target descpplib
make -f src/Crypto/DEScpp/CMakeFiles/Test_descpp.elf.dir/build.make src/Crypto/DEScpp/CMakeFiles/Test_descpp.elf.dir/depend
make[2]: Entering directory `/home/sunchangbao/test/github/codeCollectionTmp/build'
cd /home/sunchangbao/test/github/codeCollectionTmp/build && /usr/bin/cmake -E cmake_depends "Unix Makefiles" /home/sunchangbao/test/github/codeCollectionTmp /home/sunchangbao/test/github/codeCollectionTmp/src/Crypto/DEScpp /home/sunchangbao/test/github/codeCollectionTmp/build /home/sunchangbao/test/github/codeCollectionTmp/build/src/Crypto/DEScpp /home/sunchangbao/test/github/codeCollectionTmp/build/src/Crypto/DEScpp/CMakeFiles/Test_descpp.elf.dir/DependInfo.cmake --color=
make[2]: Leaving directory `/home/sunchangbao/test/github/codeCollectionTmp/build'
make -f src/Crypto/DEScpp/CMakeFiles/Test_descpp.elf.dir/build.make src/Crypto/DEScpp/CMakeFiles/Test_descpp.elf.dir/build
make[2]: Entering directory `/home/sunchangbao/test/github/codeCollectionTmp/build'
make[2]: Nothing to be done for `src/Crypto/DEScpp/CMakeFiles/Test_descpp.elf.dir/build'.
make[2]: Leaving directory `/home/sunchangbao/test/github/codeCollectionTmp/build'
/usr/bin/cmake -E cmake_progress_report /home/sunchangbao/test/github/codeCollectionTmp/build/CMakeFiles 
[ 66%] Built target Test_descpp.elf
make -f src/Crypto/DEScpp/CMakeFiles/descpps.dir/build.make src/Crypto/DEScpp/CMakeFiles/descpps.dir/depend
make[2]: Entering directory `/home/sunchangbao/test/github/codeCollectionTmp/build'
cd /home/sunchangbao/test/github/codeCollectionTmp/build && /usr/bin/cmake -E cmake_depends "Unix Makefiles" /home/sunchangbao/test/github/codeCollectionTmp /home/sunchangbao/test/github/codeCollectionTmp/src/Crypto/DEScpp /home/sunchangbao/test/github/codeCollectionTmp/build /home/sunchangbao/test/github/codeCollectionTmp/build/src/Crypto/DEScpp /home/sunchangbao/test/github/codeCollectionTmp/build/src/Crypto/DEScpp/CMakeFiles/descpps.dir/DependInfo.cmake --color=
make[2]: Leaving directory `/home/sunchangbao/test/github/codeCollectionTmp/build'
make -f src/Crypto/DEScpp/CMakeFiles/descpps.dir/build.make src/Crypto/DEScpp/CMakeFiles/descpps.dir/build
make[2]: Entering directory `/home/sunchangbao/test/github/codeCollectionTmp/build'
make[2]: Nothing to be done for `src/Crypto/DEScpp/CMakeFiles/descpps.dir/build'.
make[2]: Leaving directory `/home/sunchangbao/test/github/codeCollectionTmp/build'
/usr/bin/cmake -E cmake_progress_report /home/sunchangbao/test/github/codeCollectionTmp/build/CMakeFiles 
[ 66%] Built target descpps
make -f src/Crypto/DEScpp_own/CMakeFiles/descpp_ownlib.dir/build.make src/Crypto/DEScpp_own/CMakeFiles/descpp_ownlib.dir/depend
make[2]: Entering directory `/home/sunchangbao/test/github/codeCollectionTmp/build'
cd /home/sunchangbao/test/github/codeCollectionTmp/build && /usr/bin/cmake -E cmake_depends "Unix Makefiles" /home/sunchangbao/test/github/codeCollectionTmp /home/sunchangbao/test/github/codeCollectionTmp/src/Crypto/DEScpp_own /home/sunchangbao/test/github/codeCollectionTmp/build /home/sunchangbao/test/github/codeCollectionTmp/build/src/Crypto/DEScpp_own /home/sunchangbao/test/github/codeCollectionTmp/build/src/Crypto/DEScpp_own/CMakeFiles/descpp_ownlib.dir/DependInfo.cmake --color=
make[2]: Leaving directory `/home/sunchangbao/test/github/codeCollectionTmp/build'
make -f src/Crypto/DEScpp_own/CMakeFiles/descpp_ownlib.dir/build.make src/Crypto/DEScpp_own/CMakeFiles/descpp_ownlib.dir/build
make[2]: Entering directory `/home/sunchangbao/test/github/codeCollectionTmp/build'
make[2]: Nothing to be done for `src/Crypto/DEScpp_own/CMakeFiles/descpp_ownlib.dir/build'.
make[2]: Leaving directory `/home/sunchangbao/test/github/codeCollectionTmp/build'
/usr/bin/cmake -E cmake_progress_report /home/sunchangbao/test/github/codeCollectionTmp/build/CMakeFiles 
[ 66%] Built target descpp_ownlib
make -f src/Crypto/DEScpp_own/CMakeFiles/Test_descpp_own.elf.dir/build.make src/Crypto/DEScpp_own/CMakeFiles/Test_descpp_own.elf.dir/depend
make[2]: Entering directory `/home/sunchangbao/test/github/codeCollectionTmp/build'
cd /home/sunchangbao/test/github/codeCollectionTmp/build && /usr/bin/cmake -E cmake_depends "Unix Makefiles" /home/sunchangbao/test/github/codeCollectionTmp /home/sunchangbao/test/github/codeCollectionTmp/src/Crypto/DEScpp_own /home/sunchangbao/test/github/codeCollectionTmp/build /home/sunchangbao/test/github/codeCollectionTmp/build/src/Crypto/DEScpp_own /home/sunchangbao/test/github/codeCollectionTmp/build/src/Crypto/DEScpp_own/CMakeFiles/Test_descpp_own.elf.dir/DependInfo.cmake --color=
make[2]: Leaving directory `/home/sunchangbao/test/github/codeCollectionTmp/build'
make -f src/Crypto/DEScpp_own/CMakeFiles/Test_descpp_own.elf.dir/build.make src/Crypto/DEScpp_own/CMakeFiles/Test_descpp_own.elf.dir/build
make[2]: Entering directory `/home/sunchangbao/test/github/codeCollectionTmp/build'
make[2]: Nothing to be done for `src/Crypto/DEScpp_own/CMakeFiles/Test_descpp_own.elf.dir/build'.
make[2]: Leaving directory `/home/sunchangbao/test/github/codeCollectionTmp/build'
/usr/bin/cmake -E cmake_progress_report /home/sunchangbao/test/github/codeCollectionTmp/build/CMakeFiles 
[ 66%] Built target Test_descpp_own.elf
make -f src/Crypto/DEScpp_own/CMakeFiles/descpp_owns.dir/build.make src/Crypto/DEScpp_own/CMakeFiles/descpp_owns.dir/depend
make[2]: Entering directory `/home/sunchangbao/test/github/codeCollectionTmp/build'
cd /home/sunchangbao/test/github/codeCollectionTmp/build && /usr/bin/cmake -E cmake_depends "Unix Makefiles" /home/sunchangbao/test/github/codeCollectionTmp /home/sunchangbao/test/github/codeCollectionTmp/src/Crypto/DEScpp_own /home/sunchangbao/test/github/codeCollectionTmp/build /home/sunchangbao/test/github/codeCollectionTmp/build/src/Crypto/DEScpp_own /home/sunchangbao/test/github/codeCollectionTmp/build/src/Crypto/DEScpp_own/CMakeFiles/descpp_owns.dir/DependInfo.cmake --color=
make[2]: Leaving directory `/home/sunchangbao/test/github/codeCollectionTmp/build'
make -f src/Crypto/DEScpp_own/CMakeFiles/descpp_owns.dir/build.make src/Crypto/DEScpp_own/CMakeFiles/descpp_owns.dir/build
make[2]: Entering directory `/home/sunchangbao/test/github/codeCollectionTmp/build'
make[2]: Nothing to be done for `src/Crypto/DEScpp_own/CMakeFiles/descpp_owns.dir/build'.
make[2]: Leaving directory `/home/sunchangbao/test/github/codeCollectionTmp/build'
/usr/bin/cmake -E cmake_progress_report /home/sunchangbao/test/github/codeCollectionTmp/build/CMakeFiles 
[ 66%] Built target descpp_owns
make -f src/Crypto/MD5/CMakeFiles/md5lib.dir/build.make src/Crypto/MD5/CMakeFiles/md5lib.dir/depend
make[2]: Entering directory `/home/sunchangbao/test/github/codeCollectionTmp/build'
cd /home/sunchangbao/test/github/codeCollectionTmp/build && /usr/bin/cmake -E cmake_depends "Unix Makefiles" /home/sunchangbao/test/github/codeCollectionTmp /home/sunchangbao/test/github/codeCollectionTmp/src/Crypto/MD5 /home/sunchangbao/test/github/codeCollectionTmp/build /home/sunchangbao/test/github/codeCollectionTmp/build/src/Crypto/MD5 /home/sunchangbao/test/github/codeCollectionTmp/build/src/Crypto/MD5/CMakeFiles/md5lib.dir/DependInfo.cmake --color=
make[2]: Leaving directory `/home/sunchangbao/test/github/codeCollectionTmp/build'
make -f src/Crypto/MD5/CMakeFiles/md5lib.dir/build.make src/Crypto/MD5/CMakeFiles/md5lib.dir/build
make[2]: Entering directory `/home/sunchangbao/test/github/codeCollectionTmp/build'
make[2]: Nothing to be done for `src/Crypto/MD5/CMakeFiles/md5lib.dir/build'.
make[2]: Leaving directory `/home/sunchangbao/test/github/codeCollectionTmp/build'
/usr/bin/cmake -E cmake_progress_report /home/sunchangbao/test/github/codeCollectionTmp/build/CMakeFiles 
[ 66%] Built target md5lib
make -f src/Crypto/MD5/CMakeFiles/Test_md5.elf.dir/build.make src/Crypto/MD5/CMakeFiles/Test_md5.elf.dir/depend
make[2]: Entering directory `/home/sunchangbao/test/github/codeCollectionTmp/build'
cd /home/sunchangbao/test/github/codeCollectionTmp/build && /usr/bin/cmake -E cmake_depends "Unix Makefiles" /home/sunchangbao/test/github/codeCollectionTmp /home/sunchangbao/test/github/codeCollectionTmp/src/Crypto/MD5 /home/sunchangbao/test/github/codeCollectionTmp/build /home/sunchangbao/test/github/codeCollectionTmp/build/src/Crypto/MD5 /home/sunchangbao/test/github/codeCollectionTmp/build/src/Crypto/MD5/CMakeFiles/Test_md5.elf.dir/DependInfo.cmake --color=
make[2]: Leaving directory `/home/sunchangbao/test/github/codeCollectionTmp/build'
make -f src/Crypto/MD5/CMakeFiles/Test_md5.elf.dir/build.make src/Crypto/MD5/CMakeFiles/Test_md5.elf.dir/build
make[2]: Entering directory `/home/sunchangbao/test/github/codeCollectionTmp/build'
make[2]: Nothing to be done for `src/Crypto/MD5/CMakeFiles/Test_md5.elf.dir/build'.
make[2]: Leaving directory `/home/sunchangbao/test/github/codeCollectionTmp/build'
/usr/bin/cmake -E cmake_progress_report /home/sunchangbao/test/github/codeCollectionTmp/build/CMakeFiles  8
[ 67%] Built target Test_md5.elf
make -f src/Crypto/MD5/CMakeFiles/md5s.dir/build.make src/Crypto/MD5/CMakeFiles/md5s.dir/depend
make[2]: Entering directory `/home/sunchangbao/test/github/codeCollectionTmp/build'
cd /home/sunchangbao/test/github/codeCollectionTmp/build && /usr/bin/cmake -E cmake_depends "Unix Makefiles" /home/sunchangbao/test/github/codeCollectionTmp /home/sunchangbao/test/github/codeCollectionTmp/src/Crypto/MD5 /home/sunchangbao/test/github/codeCollectionTmp/build /home/sunchangbao/test/github/codeCollectionTmp/build/src/Crypto/MD5 /home/sunchangbao/test/github/codeCollectionTmp/build/src/Crypto/MD5/CMakeFiles/md5s.dir/DependInfo.cmake --color=
make[2]: Leaving directory `/home/sunchangbao/test/github/codeCollectionTmp/build'
make -f src/Crypto/MD5/CMakeFiles/md5s.dir/build.make src/Crypto/MD5/CMakeFiles/md5s.dir/build
make[2]: Entering directory `/home/sunchangbao/test/github/codeCollectionTmp/build'
make[2]: Nothing to be done for `src/Crypto/MD5/CMakeFiles/md5s.dir/build'.
make[2]: Leaving directory `/home/sunchangbao/test/github/codeCollectionTmp/build'
/usr/bin/cmake -E cmake_progress_report /home/sunchangbao/test/github/codeCollectionTmp/build/CMakeFiles 
[ 67%] Built target md5s
make -f src/Crypto/MD5lib/CMakeFiles/md5liblib.dir/build.make src/Crypto/MD5lib/CMakeFiles/md5liblib.dir/depend
make[2]: Entering directory `/home/sunchangbao/test/github/codeCollectionTmp/build'
cd /home/sunchangbao/test/github/codeCollectionTmp/build && /usr/bin/cmake -E cmake_depends "Unix Makefiles" /home/sunchangbao/test/github/codeCollectionTmp /home/sunchangbao/test/github/codeCollectionTmp/src/Crypto/MD5lib /home/sunchangbao/test/github/codeCollectionTmp/build /home/sunchangbao/test/github/codeCollectionTmp/build/src/Crypto/MD5lib /home/sunchangbao/test/github/codeCollectionTmp/build/src/Crypto/MD5lib/CMakeFiles/md5liblib.dir/DependInfo.cmake --color=
make[2]: Leaving directory `/home/sunchangbao/test/github/codeCollectionTmp/build'
make -f src/Crypto/MD5lib/CMakeFiles/md5liblib.dir/build.make src/Crypto/MD5lib/CMakeFiles/md5liblib.dir/build
make[2]: Entering directory `/home/sunchangbao/test/github/codeCollectionTmp/build'
make[2]: Nothing to be done for `src/Crypto/MD5lib/CMakeFiles/md5liblib.dir/build'.
make[2]: Leaving directory `/home/sunchangbao/test/github/codeCollectionTmp/build'
/usr/bin/cmake -E cmake_progress_report /home/sunchangbao/test/github/codeCollectionTmp/build/CMakeFiles  87
[ 68%] Built target md5liblib
make -f src/Crypto/MD5lib/CMakeFiles/Test_md5lib.elf.dir/build.make src/Crypto/MD5lib/CMakeFiles/Test_md5lib.elf.dir/depend
make[2]: Entering directory `/home/sunchangbao/test/github/codeCollectionTmp/build'
cd /home/sunchangbao/test/github/codeCollectionTmp/build && /usr/bin/cmake -E cmake_depends "Unix Makefiles" /home/sunchangbao/test/github/codeCollectionTmp /home/sunchangbao/test/github/codeCollectionTmp/src/Crypto/MD5lib /home/sunchangbao/test/github/codeCollectionTmp/build /home/sunchangbao/test/github/codeCollectionTmp/build/src/Crypto/MD5lib /home/sunchangbao/test/github/codeCollectionTmp/build/src/Crypto/MD5lib/CMakeFiles/Test_md5lib.elf.dir/DependInfo.cmake --color=
make[2]: Leaving directory `/home/sunchangbao/test/github/codeCollectionTmp/build'
make -f src/Crypto/MD5lib/CMakeFiles/Test_md5lib.elf.dir/build.make src/Crypto/MD5lib/CMakeFiles/Test_md5lib.elf.dir/build
make[2]: Entering directory `/home/sunchangbao/test/github/codeCollectionTmp/build'
make[2]: Nothing to be done for `src/Crypto/MD5lib/CMakeFiles/Test_md5lib.elf.dir/build'.
make[2]: Leaving directory `/home/sunchangbao/test/github/codeCollectionTmp/build'
/usr/bin/cmake -E cmake_progress_report /home/sunchangbao/test/github/codeCollectionTmp/build/CMakeFiles 
[ 68%] Built target Test_md5lib.elf
make -f src/Crypto/MD5lib/CMakeFiles/md5libs.dir/build.make src/Crypto/MD5lib/CMakeFiles/md5libs.dir/depend
make[2]: Entering directory `/home/sunchangbao/test/github/codeCollectionTmp/build'
cd /home/sunchangbao/test/github/codeCollectionTmp/build && /usr/bin/cmake -E cmake_depends "Unix Makefiles" /home/sunchangbao/test/github/codeCollectionTmp /home/sunchangbao/test/github/codeCollectionTmp/src/Crypto/MD5lib /home/sunchangbao/test/github/codeCollectionTmp/build /home/sunchangbao/test/github/codeCollectionTmp/build/src/Crypto/MD5lib /home/sunchangbao/test/github/codeCollectionTmp/build/src/Crypto/MD5lib/CMakeFiles/md5libs.dir/DependInfo.cmake --color=
make[2]: Leaving directory `/home/sunchangbao/test/github/codeCollectionTmp/build'
make -f src/Crypto/MD5lib/CMakeFiles/md5libs.dir/build.make src/Crypto/MD5lib/CMakeFiles/md5libs.dir/build
make[2]: Entering directory `/home/sunchangbao/test/github/codeCollectionTmp/build'
make[2]: Nothing to be done for `src/Crypto/MD5lib/CMakeFiles/md5libs.dir/build'.
make[2]: Leaving directory `/home/sunchangbao/test/github/codeCollectionTmp/build'
/usr/bin/cmake -E cmake_progress_report /home/sunchangbao/test/github/codeCollectionTmp/build/CMakeFiles 
[ 68%] Built target md5libs
make -f src/Crypto/MD5rfc1321/CMakeFiles/md5rfc1321lib.dir/build.make src/Crypto/MD5rfc1321/CMakeFiles/md5rfc1321lib.dir/depend
make[2]: Entering directory `/home/sunchangbao/test/github/codeCollectionTmp/build'
cd /home/sunchangbao/test/github/codeCollectionTmp/build && /usr/bin/cmake -E cmake_depends "Unix Makefiles" /home/sunchangbao/test/github/codeCollectionTmp /home/sunchangbao/test/github/codeCollectionTmp/src/Crypto/MD5rfc1321 /home/sunchangbao/test/github/codeCollectionTmp/build /home/sunchangbao/test/github/codeCollectionTmp/build/src/Crypto/MD5rfc1321 /home/sunchangbao/test/github/codeCollectionTmp/build/src/Crypto/MD5rfc1321/CMakeFiles/md5rfc1321lib.dir/DependInfo.cmake --color=
make[2]: Leaving directory `/home/sunchangbao/test/github/codeCollectionTmp/build'
make -f src/Crypto/MD5rfc1321/CMakeFiles/md5rfc1321lib.dir/build.make src/Crypto/MD5rfc1321/CMakeFiles/md5rfc1321lib.dir/build
make[2]: Entering directory `/home/sunchangbao/test/github/codeCollectionTmp/build'
make[2]: Nothing to be done for `src/Crypto/MD5rfc1321/CMakeFiles/md5rfc1321lib.dir/build'.
make[2]: Leaving directory `/home/sunchangbao/test/github/codeCollectionTmp/build'
/usr/bin/cmake -E cmake_progress_report /home/sunchangbao/test/github/codeCollectionTmp/build/CMakeFiles 
[ 68%] Built target md5rfc1321lib
make -f src/Crypto/MD5rfc1321/CMakeFiles/Test_md5rfc1321.elf.dir/build.make src/Crypto/MD5rfc1321/CMakeFiles/Test_md5rfc1321.elf.dir/depend
make[2]: Entering directory `/home/sunchangbao/test/github/codeCollectionTmp/build'
cd /home/sunchangbao/test/github/codeCollectionTmp/build && /usr/bin/cmake -E cmake_depends "Unix Makefiles" /home/sunchangbao/test/github/codeCollectionTmp /home/sunchangbao/test/github/codeCollectionTmp/src/Crypto/MD5rfc1321 /home/sunchangbao/test/github/codeCollectionTmp/build /home/sunchangbao/test/github/codeCollectionTmp/build/src/Crypto/MD5rfc1321 /home/sunchangbao/test/github/codeCollectionTmp/build/src/Crypto/MD5rfc1321/CMakeFiles/Test_md5rfc1321.elf.dir/DependInfo.cmake --color=
make[2]: Leaving directory `/home/sunchangbao/test/github/codeCollectionTmp/build'
make -f src/Crypto/MD5rfc1321/CMakeFiles/Test_md5rfc1321.elf.dir/build.make src/Crypto/MD5rfc1321/CMakeFiles/Test_md5rfc1321.elf.dir/build
make[2]: Entering directory `/home/sunchangbao/test/github/codeCollectionTmp/build'
make[2]: Nothing to be done for `src/Crypto/MD5rfc1321/CMakeFiles/Test_md5rfc1321.elf.dir/build'.
make[2]: Leaving directory `/home/sunchangbao/test/github/codeCollectionTmp/build'
/usr/bin/cmake -E cmake_progress_report /home/sunchangbao/test/github/codeCollectionTmp/build/CMakeFiles 
[ 68%] Built target Test_md5rfc1321.elf
make -f src/Crypto/MD5rfc1321/CMakeFiles/md5rfc1321s.dir/build.make src/Crypto/MD5rfc1321/CMakeFiles/md5rfc1321s.dir/depend
make[2]: Entering directory `/home/sunchangbao/test/github/codeCollectionTmp/build'
cd /home/sunchangbao/test/github/codeCollectionTmp/build && /usr/bin/cmake -E cmake_depends "Unix Makefiles" /home/sunchangbao/test/github/codeCollectionTmp /home/sunchangbao/test/github/codeCollectionTmp/src/Crypto/MD5rfc1321 /home/sunchangbao/test/github/codeCollectionTmp/build /home/sunchangbao/test/github/codeCollectionTmp/build/src/Crypto/MD5rfc1321 /home/sunchangbao/test/github/codeCollectionTmp/build/src/Crypto/MD5rfc1321/CMakeFiles/md5rfc1321s.dir/DependInfo.cmake --color=
make[2]: Leaving directory `/home/sunchangbao/test/github/codeCollectionTmp/build'
make -f src/Crypto/MD5rfc1321/CMakeFiles/md5rfc1321s.dir/build.make src/Crypto/MD5rfc1321/CMakeFiles/md5rfc1321s.dir/build
make[2]: Entering directory `/home/sunchangbao/test/github/codeCollectionTmp/build'
make[2]: Nothing to be done for `src/Crypto/MD5rfc1321/CMakeFiles/md5rfc1321s.dir/build'.
make[2]: Leaving directory `/home/sunchangbao/test/github/codeCollectionTmp/build'
/usr/bin/cmake -E cmake_progress_report /home/sunchangbao/test/github/codeCollectionTmp/build/CMakeFiles  88
[ 69%] Built target md5rfc1321s
make -f src/Crypto/RSA/CMakeFiles/rsalib.dir/build.make src/Crypto/RSA/CMakeFiles/rsalib.dir/depend
make[2]: Entering directory `/home/sunchangbao/test/github/codeCollectionTmp/build'
cd /home/sunchangbao/test/github/codeCollectionTmp/build && /usr/bin/cmake -E cmake_depends "Unix Makefiles" /home/sunchangbao/test/github/codeCollectionTmp /home/sunchangbao/test/github/codeCollectionTmp/src/Crypto/RSA /home/sunchangbao/test/github/codeCollectionTmp/build /home/sunchangbao/test/github/codeCollectionTmp/build/src/Crypto/RSA /home/sunchangbao/test/github/codeCollectionTmp/build/src/Crypto/RSA/CMakeFiles/rsalib.dir/DependInfo.cmake --color=
make[2]: Leaving directory `/home/sunchangbao/test/github/codeCollectionTmp/build'
make -f src/Crypto/RSA/CMakeFiles/rsalib.dir/build.make src/Crypto/RSA/CMakeFiles/rsalib.dir/build
make[2]: Entering directory `/home/sunchangbao/test/github/codeCollectionTmp/build'
make[2]: Nothing to be done for `src/Crypto/RSA/CMakeFiles/rsalib.dir/build'.
make[2]: Leaving directory `/home/sunchangbao/test/github/codeCollectionTmp/build'
/usr/bin/cmake -E cmake_progress_report /home/sunchangbao/test/github/codeCollectionTmp/build/CMakeFiles 
[ 69%] Built target rsalib
make -f src/Crypto/RSA/CMakeFiles/Test_rsa.elf.dir/build.make src/Crypto/RSA/CMakeFiles/Test_rsa.elf.dir/depend
make[2]: Entering directory `/home/sunchangbao/test/github/codeCollectionTmp/build'
cd /home/sunchangbao/test/github/codeCollectionTmp/build && /usr/bin/cmake -E cmake_depends "Unix Makefiles" /home/sunchangbao/test/github/codeCollectionTmp /home/sunchangbao/test/github/codeCollectionTmp/src/Crypto/RSA /home/sunchangbao/test/github/codeCollectionTmp/build /home/sunchangbao/test/github/codeCollectionTmp/build/src/Crypto/RSA /home/sunchangbao/test/github/codeCollectionTmp/build/src/Crypto/RSA/CMakeFiles/Test_rsa.elf.dir/DependInfo.cmake --color=
make[2]: Leaving directory `/home/sunchangbao/test/github/codeCollectionTmp/build'
make -f src/Crypto/RSA/CMakeFiles/Test_rsa.elf.dir/build.make src/Crypto/RSA/CMakeFiles/Test_rsa.elf.dir/build
make[2]: Entering directory `/home/sunchangbao/test/github/codeCollectionTmp/build'
make[2]: Nothing to be done for `src/Crypto/RSA/CMakeFiles/Test_rsa.elf.dir/build'.
make[2]: Leaving directory `/home/sunchangbao/test/github/codeCollectionTmp/build'
/usr/bin/cmake -E cmake_progress_report /home/sunchangbao/test/github/codeCollectionTmp/build/CMakeFiles 
[ 69%] Built target Test_rsa.elf
make -f src/Crypto/RSA/CMakeFiles/rsas.dir/build.make src/Crypto/RSA/CMakeFiles/rsas.dir/depend
make[2]: Entering directory `/home/sunchangbao/test/github/codeCollectionTmp/build'
cd /home/sunchangbao/test/github/codeCollectionTmp/build && /usr/bin/cmake -E cmake_depends "Unix Makefiles" /home/sunchangbao/test/github/codeCollectionTmp /home/sunchangbao/test/github/codeCollectionTmp/src/Crypto/RSA /home/sunchangbao/test/github/codeCollectionTmp/build /home/sunchangbao/test/github/codeCollectionTmp/build/src/Crypto/RSA /home/sunchangbao/test/github/codeCollectionTmp/build/src/Crypto/RSA/CMakeFiles/rsas.dir/DependInfo.cmake --color=
make[2]: Leaving directory `/home/sunchangbao/test/github/codeCollectionTmp/build'
make -f src/Crypto/RSA/CMakeFiles/rsas.dir/build.make src/Crypto/RSA/CMakeFiles/rsas.dir/build
make[2]: Entering directory `/home/sunchangbao/test/github/codeCollectionTmp/build'
make[2]: Nothing to be done for `src/Crypto/RSA/CMakeFiles/rsas.dir/build'.
make[2]: Leaving directory `/home/sunchangbao/test/github/codeCollectionTmp/build'
/usr/bin/cmake -E cmake_progress_report /home/sunchangbao/test/github/codeCollectionTmp/build/CMakeFiles 
[ 69%] Built target rsas
make -f src/Crypto/SHA128/CMakeFiles/sha128lib.dir/build.make src/Crypto/SHA128/CMakeFiles/sha128lib.dir/depend
make[2]: Entering directory `/home/sunchangbao/test/github/codeCollectionTmp/build'
cd /home/sunchangbao/test/github/codeCollectionTmp/build && /usr/bin/cmake -E cmake_depends "Unix Makefiles" /home/sunchangbao/test/github/codeCollectionTmp /home/sunchangbao/test/github/codeCollectionTmp/src/Crypto/SHA128 /home/sunchangbao/test/github/codeCollectionTmp/build /home/sunchangbao/test/github/codeCollectionTmp/build/src/Crypto/SHA128 /home/sunchangbao/test/github/codeCollectionTmp/build/src/Crypto/SHA128/CMakeFiles/sha128lib.dir/DependInfo.cmake --color=
make[2]: Leaving directory `/home/sunchangbao/test/github/codeCollectionTmp/build'
make -f src/Crypto/SHA128/CMakeFiles/sha128lib.dir/build.make src/Crypto/SHA128/CMakeFiles/sha128lib.dir/build
make[2]: Entering directory `/home/sunchangbao/test/github/codeCollectionTmp/build'
make[2]: Nothing to be done for `src/Crypto/SHA128/CMakeFiles/sha128lib.dir/build'.
make[2]: Leaving directory `/home/sunchangbao/test/github/codeCollectionTmp/build'
/usr/bin/cmake -E cmake_progress_report /home/sunchangbao/test/github/codeCollectionTmp/build/CMakeFiles 
[ 69%] Built target sha128lib
make -f src/Crypto/SHA128/CMakeFiles/Test_sha128.elf.dir/build.make src/Crypto/SHA128/CMakeFiles/Test_sha128.elf.dir/depend
make[2]: Entering directory `/home/sunchangbao/test/github/codeCollectionTmp/build'
cd /home/sunchangbao/test/github/codeCollectionTmp/build && /usr/bin/cmake -E cmake_depends "Unix Makefiles" /home/sunchangbao/test/github/codeCollectionTmp /home/sunchangbao/test/github/codeCollectionTmp/src/Crypto/SHA128 /home/sunchangbao/test/github/codeCollectionTmp/build /home/sunchangbao/test/github/codeCollectionTmp/build/src/Crypto/SHA128 /home/sunchangbao/test/github/codeCollectionTmp/build/src/Crypto/SHA128/CMakeFiles/Test_sha128.elf.dir/DependInfo.cmake --color=
make[2]: Leaving directory `/home/sunchangbao/test/github/codeCollectionTmp/build'
make -f src/Crypto/SHA128/CMakeFiles/Test_sha128.elf.dir/build.make src/Crypto/SHA128/CMakeFiles/Test_sha128.elf.dir/build
make[2]: Entering directory `/home/sunchangbao/test/github/codeCollectionTmp/build'
make[2]: Nothing to be done for `src/Crypto/SHA128/CMakeFiles/Test_sha128.elf.dir/build'.
make[2]: Leaving directory `/home/sunchangbao/test/github/codeCollectionTmp/build'
/usr/bin/cmake -E cmake_progress_report /home/sunchangbao/test/github/codeCollectionTmp/build/CMakeFiles 
[ 69%] Built target Test_sha128.elf
make -f src/Crypto/SHA128/CMakeFiles/sha128s.dir/build.make src/Crypto/SHA128/CMakeFiles/sha128s.dir/depend
make[2]: Entering directory `/home/sunchangbao/test/github/codeCollectionTmp/build'
cd /home/sunchangbao/test/github/codeCollectionTmp/build && /usr/bin/cmake -E cmake_depends "Unix Makefiles" /home/sunchangbao/test/github/codeCollectionTmp /home/sunchangbao/test/github/codeCollectionTmp/src/Crypto/SHA128 /home/sunchangbao/test/github/codeCollectionTmp/build /home/sunchangbao/test/github/codeCollectionTmp/build/src/Crypto/SHA128 /home/sunchangbao/test/github/codeCollectionTmp/build/src/Crypto/SHA128/CMakeFiles/sha128s.dir/DependInfo.cmake --color=
make[2]: Leaving directory `/home/sunchangbao/test/github/codeCollectionTmp/build'
make -f src/Crypto/SHA128/CMakeFiles/sha128s.dir/build.make src/Crypto/SHA128/CMakeFiles/sha128s.dir/build
make[2]: Entering directory `/home/sunchangbao/test/github/codeCollectionTmp/build'
make[2]: Nothing to be done for `src/Crypto/SHA128/CMakeFiles/sha128s.dir/build'.
make[2]: Leaving directory `/home/sunchangbao/test/github/codeCollectionTmp/build'
/usr/bin/cmake -E cmake_progress_report /home/sunchangbao/test/github/codeCollectionTmp/build/CMakeFiles 
[ 69%] Built target sha128s
make -f src/Crypto/SHA256/CMakeFiles/sha256lib.dir/build.make src/Crypto/SHA256/CMakeFiles/sha256lib.dir/depend
make[2]: Entering directory `/home/sunchangbao/test/github/codeCollectionTmp/build'
cd /home/sunchangbao/test/github/codeCollectionTmp/build && /usr/bin/cmake -E cmake_depends "Unix Makefiles" /home/sunchangbao/test/github/codeCollectionTmp /home/sunchangbao/test/github/codeCollectionTmp/src/Crypto/SHA256 /home/sunchangbao/test/github/codeCollectionTmp/build /home/sunchangbao/test/github/codeCollectionTmp/build/src/Crypto/SHA256 /home/sunchangbao/test/github/codeCollectionTmp/build/src/Crypto/SHA256/CMakeFiles/sha256lib.dir/DependInfo.cmake --color=
make[2]: Leaving directory `/home/sunchangbao/test/github/codeCollectionTmp/build'
make -f src/Crypto/SHA256/CMakeFiles/sha256lib.dir/build.make src/Crypto/SHA256/CMakeFiles/sha256lib.dir/build
make[2]: Entering directory `/home/sunchangbao/test/github/codeCollectionTmp/build'
make[2]: Nothing to be done for `src/Crypto/SHA256/CMakeFiles/sha256lib.dir/build'.
make[2]: Leaving directory `/home/sunchangbao/test/github/codeCollectionTmp/build'
/usr/bin/cmake -E cmake_progress_report /home/sunchangbao/test/github/codeCollectionTmp/build/CMakeFiles  92
[ 70%] Built target sha256lib
make -f src/Crypto/SHA256/CMakeFiles/Test_sha256.elf.dir/build.make src/Crypto/SHA256/CMakeFiles/Test_sha256.elf.dir/depend
make[2]: Entering directory `/home/sunchangbao/test/github/codeCollectionTmp/build'
cd /home/sunchangbao/test/github/codeCollectionTmp/build && /usr/bin/cmake -E cmake_depends "Unix Makefiles" /home/sunchangbao/test/github/codeCollectionTmp /home/sunchangbao/test/github/codeCollectionTmp/src/Crypto/SHA256 /home/sunchangbao/test/github/codeCollectionTmp/build /home/sunchangbao/test/github/codeCollectionTmp/build/src/Crypto/SHA256 /home/sunchangbao/test/github/codeCollectionTmp/build/src/Crypto/SHA256/CMakeFiles/Test_sha256.elf.dir/DependInfo.cmake --color=
make[2]: Leaving directory `/home/sunchangbao/test/github/codeCollectionTmp/build'
make -f src/Crypto/SHA256/CMakeFiles/Test_sha256.elf.dir/build.make src/Crypto/SHA256/CMakeFiles/Test_sha256.elf.dir/build
make[2]: Entering directory `/home/sunchangbao/test/github/codeCollectionTmp/build'
make[2]: Nothing to be done for `src/Crypto/SHA256/CMakeFiles/Test_sha256.elf.dir/build'.
make[2]: Leaving directory `/home/sunchangbao/test/github/codeCollectionTmp/build'
/usr/bin/cmake -E cmake_progress_report /home/sunchangbao/test/github/codeCollectionTmp/build/CMakeFiles 
[ 70%] Built target Test_sha256.elf
make -f src/Crypto/SHA256/CMakeFiles/sha256s.dir/build.make src/Crypto/SHA256/CMakeFiles/sha256s.dir/depend
make[2]: Entering directory `/home/sunchangbao/test/github/codeCollectionTmp/build'
cd /home/sunchangbao/test/github/codeCollectionTmp/build && /usr/bin/cmake -E cmake_depends "Unix Makefiles" /home/sunchangbao/test/github/codeCollectionTmp /home/sunchangbao/test/github/codeCollectionTmp/src/Crypto/SHA256 /home/sunchangbao/test/github/codeCollectionTmp/build /home/sunchangbao/test/github/codeCollectionTmp/build/src/Crypto/SHA256 /home/sunchangbao/test/github/codeCollectionTmp/build/src/Crypto/SHA256/CMakeFiles/sha256s.dir/DependInfo.cmake --color=
make[2]: Leaving directory `/home/sunchangbao/test/github/codeCollectionTmp/build'
make -f src/Crypto/SHA256/CMakeFiles/sha256s.dir/build.make src/Crypto/SHA256/CMakeFiles/sha256s.dir/build
make[2]: Entering directory `/home/sunchangbao/test/github/codeCollectionTmp/build'
make[2]: Nothing to be done for `src/Crypto/SHA256/CMakeFiles/sha256s.dir/build'.
make[2]: Leaving directory `/home/sunchangbao/test/github/codeCollectionTmp/build'
/usr/bin/cmake -E cmake_progress_report /home/sunchangbao/test/github/codeCollectionTmp/build/CMakeFiles 
[ 70%] Built target sha256s
make -f src/Debug/DebugHeap/CMakeFiles/debugHeaplib.dir/build.make src/Debug/DebugHeap/CMakeFiles/debugHeaplib.dir/depend
make[2]: Entering directory `/home/sunchangbao/test/github/codeCollectionTmp/build'
cd /home/sunchangbao/test/github/codeCollectionTmp/build && /usr/bin/cmake -E cmake_depends "Unix Makefiles" /home/sunchangbao/test/github/codeCollectionTmp /home/sunchangbao/test/github/codeCollectionTmp/src/Debug/DebugHeap /home/sunchangbao/test/github/codeCollectionTmp/build /home/sunchangbao/test/github/codeCollectionTmp/build/src/Debug/DebugHeap /home/sunchangbao/test/github/codeCollectionTmp/build/src/Debug/DebugHeap/CMakeFiles/debugHeaplib.dir/DependInfo.cmake --color=
make[2]: Leaving directory `/home/sunchangbao/test/github/codeCollectionTmp/build'
make -f src/Debug/DebugHeap/CMakeFiles/debugHeaplib.dir/build.make src/Debug/DebugHeap/CMakeFiles/debugHeaplib.dir/build
make[2]: Entering directory `/home/sunchangbao/test/github/codeCollectionTmp/build'
make[2]: Nothing to be done for `src/Debug/DebugHeap/CMakeFiles/debugHeaplib.dir/build'.
make[2]: Leaving directory `/home/sunchangbao/test/github/codeCollectionTmp/build'
/usr/bin/cmake -E cmake_progress_report /home/sunchangbao/test/github/codeCollectionTmp/build/CMakeFiles 
[ 70%] Built target debugHeaplib
make -f src/Debug/DebugHeap/CMakeFiles/Test_debugHeap.elf.dir/build.make src/Debug/DebugHeap/CMakeFiles/Test_debugHeap.elf.dir/depend
make[2]: Entering directory `/home/sunchangbao/test/github/codeCollectionTmp/build'
cd /home/sunchangbao/test/github/codeCollectionTmp/build && /usr/bin/cmake -E cmake_depends "Unix Makefiles" /home/sunchangbao/test/github/codeCollectionTmp /home/sunchangbao/test/github/codeCollectionTmp/src/Debug/DebugHeap /home/sunchangbao/test/github/codeCollectionTmp/build /home/sunchangbao/test/github/codeCollectionTmp/build/src/Debug/DebugHeap /home/sunchangbao/test/github/codeCollectionTmp/build/src/Debug/DebugHeap/CMakeFiles/Test_debugHeap.elf.dir/DependInfo.cmake --color=
make[2]: Leaving directory `/home/sunchangbao/test/github/codeCollectionTmp/build'
make -f src/Debug/DebugHeap/CMakeFiles/Test_debugHeap.elf.dir/build.make src/Debug/DebugHeap/CMakeFiles/Test_debugHeap.elf.dir/build
make[2]: Entering directory `/home/sunchangbao/test/github/codeCollectionTmp/build'
make[2]: Nothing to be done for `src/Debug/DebugHeap/CMakeFiles/Test_debugHeap.elf.dir/build'.
make[2]: Leaving directory `/home/sunchangbao/test/github/codeCollectionTmp/build'
/usr/bin/cmake -E cmake_progress_report /home/sunchangbao/test/github/codeCollectionTmp/build/CMakeFiles  3
[ 71%] Built target Test_debugHeap.elf
make -f src/Debug/DebugHeap/CMakeFiles/debugHeaps.dir/build.make src/Debug/DebugHeap/CMakeFiles/debugHeaps.dir/depend
make[2]: Entering directory `/home/sunchangbao/test/github/codeCollectionTmp/build'
cd /home/sunchangbao/test/github/codeCollectionTmp/build && /usr/bin/cmake -E cmake_depends "Unix Makefiles" /home/sunchangbao/test/github/codeCollectionTmp /home/sunchangbao/test/github/codeCollectionTmp/src/Debug/DebugHeap /home/sunchangbao/test/github/codeCollectionTmp/build /home/sunchangbao/test/github/codeCollectionTmp/build/src/Debug/DebugHeap /home/sunchangbao/test/github/codeCollectionTmp/build/src/Debug/DebugHeap/CMakeFiles/debugHeaps.dir/DependInfo.cmake --color=
make[2]: Leaving directory `/home/sunchangbao/test/github/codeCollectionTmp/build'
make -f src/Debug/DebugHeap/CMakeFiles/debugHeaps.dir/build.make src/Debug/DebugHeap/CMakeFiles/debugHeaps.dir/build
make[2]: Entering directory `/home/sunchangbao/test/github/codeCollectionTmp/build'
make[2]: Nothing to be done for `src/Debug/DebugHeap/CMakeFiles/debugHeaps.dir/build'.
make[2]: Leaving directory `/home/sunchangbao/test/github/codeCollectionTmp/build'
/usr/bin/cmake -E cmake_progress_report /home/sunchangbao/test/github/codeCollectionTmp/build/CMakeFiles  19
[ 72%] Built target debugHeaps
make -f src/Debug/FunctionsStatistics/CMakeFiles/functionsStaticslib.dir/build.make src/Debug/FunctionsStatistics/CMakeFiles/functionsStaticslib.dir/depend
make[2]: Entering directory `/home/sunchangbao/test/github/codeCollectionTmp/build'
cd /home/sunchangbao/test/github/codeCollectionTmp/build && /usr/bin/cmake -E cmake_depends "Unix Makefiles" /home/sunchangbao/test/github/codeCollectionTmp /home/sunchangbao/test/github/codeCollectionTmp/src/Debug/FunctionsStatistics /home/sunchangbao/test/github/codeCollectionTmp/build /home/sunchangbao/test/github/codeCollectionTmp/build/src/Debug/FunctionsStatistics /home/sunchangbao/test/github/codeCollectionTmp/build/src/Debug/FunctionsStatistics/CMakeFiles/functionsStaticslib.dir/DependInfo.cmake --color=
make[2]: Leaving directory `/home/sunchangbao/test/github/codeCollectionTmp/build'
make -f src/Debug/FunctionsStatistics/CMakeFiles/functionsStaticslib.dir/build.make src/Debug/FunctionsStatistics/CMakeFiles/functionsStaticslib.dir/build
make[2]: Entering directory `/home/sunchangbao/test/github/codeCollectionTmp/build'
make[2]: Nothing to be done for `src/Debug/FunctionsStatistics/CMakeFiles/functionsStaticslib.dir/build'.
make[2]: Leaving directory `/home/sunchangbao/test/github/codeCollectionTmp/build'
/usr/bin/cmake -E cmake_progress_report /home/sunchangbao/test/github/codeCollectionTmp/build/CMakeFiles 
[ 72%] Built target functionsStaticslib
make -f src/Debug/FunctionsStatistics/CMakeFiles/Test_functionsStatics.elf.dir/build.make src/Debug/FunctionsStatistics/CMakeFiles/Test_functionsStatics.elf.dir/depend
make[2]: Entering directory `/home/sunchangbao/test/github/codeCollectionTmp/build'
cd /home/sunchangbao/test/github/codeCollectionTmp/build && /usr/bin/cmake -E cmake_depends "Unix Makefiles" /home/sunchangbao/test/github/codeCollectionTmp /home/sunchangbao/test/github/codeCollectionTmp/src/Debug/FunctionsStatistics /home/sunchangbao/test/github/codeCollectionTmp/build /home/sunchangbao/test/github/codeCollectionTmp/build/src/Debug/FunctionsStatistics /home/sunchangbao/test/github/codeCollectionTmp/build/src/Debug/FunctionsStatistics/CMakeFiles/Test_functionsStatics.elf.dir/DependInfo.cmake --color=
make[2]: Leaving directory `/home/sunchangbao/test/github/codeCollectionTmp/build'
make -f src/Debug/FunctionsStatistics/CMakeFiles/Test_functionsStatics.elf.dir/build.make src/Debug/FunctionsStatistics/CMakeFiles/Test_functionsStatics.elf.dir/build
make[2]: Entering directory `/home/sunchangbao/test/github/codeCollectionTmp/build'
make[2]: Nothing to be done for `src/Debug/FunctionsStatistics/CMakeFiles/Test_functionsStatics.elf.dir/build'.
make[2]: Leaving directory `/home/sunchangbao/test/github/codeCollectionTmp/build'
/usr/bin/cmake -E cmake_progress_report /home/sunchangbao/test/github/codeCollectionTmp/build/CMakeFiles  5
[ 73%] Built target Test_functionsStatics.elf
make -f src/Debug/FunctionsStatistics/CMakeFiles/functionsStaticss.dir/build.make src/Debug/FunctionsStatistics/CMakeFiles/functionsStaticss.dir/depend
make[2]: Entering directory `/home/sunchangbao/test/github/codeCollectionTmp/build'
cd /home/sunchangbao/test/github/codeCollectionTmp/build && /usr/bin/cmake -E cmake_depends "Unix Makefiles" /home/sunchangbao/test/github/codeCollectionTmp /home/sunchangbao/test/github/codeCollectionTmp/src/Debug/FunctionsStatistics /home/sunchangbao/test/github/codeCollectionTmp/build /home/sunchangbao/test/github/codeCollectionTmp/build/src/Debug/FunctionsStatistics /home/sunchangbao/test/github/codeCollectionTmp/build/src/Debug/FunctionsStatistics/CMakeFiles/functionsStaticss.dir/DependInfo.cmake --color=
make[2]: Leaving directory `/home/sunchangbao/test/github/codeCollectionTmp/build'
make -f src/Debug/FunctionsStatistics/CMakeFiles/functionsStaticss.dir/build.make src/Debug/FunctionsStatistics/CMakeFiles/functionsStaticss.dir/build
make[2]: Entering directory `/home/sunchangbao/test/github/codeCollectionTmp/build'
make[2]: Nothing to be done for `src/Debug/FunctionsStatistics/CMakeFiles/functionsStaticss.dir/build'.
make[2]: Leaving directory `/home/sunchangbao/test/github/codeCollectionTmp/build'
/usr/bin/cmake -E cmake_progress_report /home/sunchangbao/test/github/codeCollectionTmp/build/CMakeFiles  25
[ 74%] Built target functionsStaticss
make -f src/Debug/GeneralPrintf/CMakeFiles/generaPrintflib.dir/build.make src/Debug/GeneralPrintf/CMakeFiles/generaPrintflib.dir/depend
make[2]: Entering directory `/home/sunchangbao/test/github/codeCollectionTmp/build'
cd /home/sunchangbao/test/github/codeCollectionTmp/build && /usr/bin/cmake -E cmake_depends "Unix Makefiles" /home/sunchangbao/test/github/codeCollectionTmp /home/sunchangbao/test/github/codeCollectionTmp/src/Debug/GeneralPrintf /home/sunchangbao/test/github/codeCollectionTmp/build /home/sunchangbao/test/github/codeCollectionTmp/build/src/Debug/GeneralPrintf /home/sunchangbao/test/github/codeCollectionTmp/build/src/Debug/GeneralPrintf/CMakeFiles/generaPrintflib.dir/DependInfo.cmake --color=
make[2]: Leaving directory `/home/sunchangbao/test/github/codeCollectionTmp/build'
make -f src/Debug/GeneralPrintf/CMakeFiles/generaPrintflib.dir/build.make src/Debug/GeneralPrintf/CMakeFiles/generaPrintflib.dir/build
make[2]: Entering directory `/home/sunchangbao/test/github/codeCollectionTmp/build'
make[2]: Nothing to be done for `src/Debug/GeneralPrintf/CMakeFiles/generaPrintflib.dir/build'.
make[2]: Leaving directory `/home/sunchangbao/test/github/codeCollectionTmp/build'
/usr/bin/cmake -E cmake_progress_report /home/sunchangbao/test/github/codeCollectionTmp/build/CMakeFiles 
[ 74%] Built target generaPrintflib
make -f src/Debug/GeneralPrintf/CMakeFiles/Test_generaPrintf.elf.dir/build.make src/Debug/GeneralPrintf/CMakeFiles/Test_generaPrintf.elf.dir/depend
make[2]: Entering directory `/home/sunchangbao/test/github/codeCollectionTmp/build'
cd /home/sunchangbao/test/github/codeCollectionTmp/build && /usr/bin/cmake -E cmake_depends "Unix Makefiles" /home/sunchangbao/test/github/codeCollectionTmp /home/sunchangbao/test/github/codeCollectionTmp/src/Debug/GeneralPrintf /home/sunchangbao/test/github/codeCollectionTmp/build /home/sunchangbao/test/github/codeCollectionTmp/build/src/Debug/GeneralPrintf /home/sunchangbao/test/github/codeCollectionTmp/build/src/Debug/GeneralPrintf/CMakeFiles/Test_generaPrintf.elf.dir/DependInfo.cmake --color=
make[2]: Leaving directory `/home/sunchangbao/test/github/codeCollectionTmp/build'
make -f src/Debug/GeneralPrintf/CMakeFiles/Test_generaPrintf.elf.dir/build.make src/Debug/GeneralPrintf/CMakeFiles/Test_generaPrintf.elf.dir/build
make[2]: Entering directory `/home/sunchangbao/test/github/codeCollectionTmp/build'
make[2]: Nothing to be done for `src/Debug/GeneralPrintf/CMakeFiles/Test_generaPrintf.elf.dir/build'.
make[2]: Leaving directory `/home/sunchangbao/test/github/codeCollectionTmp/build'
/usr/bin/cmake -E cmake_progress_report /home/sunchangbao/test/github/codeCollectionTmp/build/CMakeFiles 
[ 74%] Built target Test_generaPrintf.elf
make -f src/Debug/GeneralPrintf/CMakeFiles/generaPrintfs.dir/build.make src/Debug/GeneralPrintf/CMakeFiles/generaPrintfs.dir/depend
make[2]: Entering directory `/home/sunchangbao/test/github/codeCollectionTmp/build'
cd /home/sunchangbao/test/github/codeCollectionTmp/build && /usr/bin/cmake -E cmake_depends "Unix Makefiles" /home/sunchangbao/test/github/codeCollectionTmp /home/sunchangbao/test/github/codeCollectionTmp/src/Debug/GeneralPrintf /home/sunchangbao/test/github/codeCollectionTmp/build /home/sunchangbao/test/github/codeCollectionTmp/build/src/Debug/GeneralPrintf /home/sunchangbao/test/github/codeCollectionTmp/build/src/Debug/GeneralPrintf/CMakeFiles/generaPrintfs.dir/DependInfo.cmake --color=
make[2]: Leaving directory `/home/sunchangbao/test/github/codeCollectionTmp/build'
make -f src/Debug/GeneralPrintf/CMakeFiles/generaPrintfs.dir/build.make src/Debug/GeneralPrintf/CMakeFiles/generaPrintfs.dir/build
make[2]: Entering directory `/home/sunchangbao/test/github/codeCollectionTmp/build'
make[2]: Nothing to be done for `src/Debug/GeneralPrintf/CMakeFiles/generaPrintfs.dir/build'.
make[2]: Leaving directory `/home/sunchangbao/test/github/codeCollectionTmp/build'
/usr/bin/cmake -E cmake_progress_report /home/sunchangbao/test/github/codeCollectionTmp/build/CMakeFiles 
[ 74%] Built target generaPrintfs
make -f src/Debug/InstrumentFunctions/CMakeFiles/systemInstrumentlib.dir/build.make src/Debug/InstrumentFunctions/CMakeFiles/systemInstrumentlib.dir/depend
make[2]: Entering directory `/home/sunchangbao/test/github/codeCollectionTmp/build'
cd /home/sunchangbao/test/github/codeCollectionTmp/build && /usr/bin/cmake -E cmake_depends "Unix Makefiles" /home/sunchangbao/test/github/codeCollectionTmp /home/sunchangbao/test/github/codeCollectionTmp/src/Debug/InstrumentFunctions /home/sunchangbao/test/github/codeCollectionTmp/build /home/sunchangbao/test/github/codeCollectionTmp/build/src/Debug/InstrumentFunctions /home/sunchangbao/test/github/codeCollectionTmp/build/src/Debug/InstrumentFunctions/CMakeFiles/systemInstrumentlib.dir/DependInfo.cmake --color=
make[2]: Leaving directory `/home/sunchangbao/test/github/codeCollectionTmp/build'
make -f src/Debug/InstrumentFunctions/CMakeFiles/systemInstrumentlib.dir/build.make src/Debug/InstrumentFunctions/CMakeFiles/systemInstrumentlib.dir/build
make[2]: Entering directory `/home/sunchangbao/test/github/codeCollectionTmp/build'
make[2]: Nothing to be done for `src/Debug/InstrumentFunctions/CMakeFiles/systemInstrumentlib.dir/build'.
make[2]: Leaving directory `/home/sunchangbao/test/github/codeCollectionTmp/build'
/usr/bin/cmake -E cmake_progress_report /home/sunchangbao/test/github/codeCollectionTmp/build/CMakeFiles 
[ 74%] Built target systemInstrumentlib
make -f src/Debug/InstrumentFunctions/CMakeFiles/Test_systemInstrument.elf.dir/build.make src/Debug/InstrumentFunctions/CMakeFiles/Test_systemInstrument.elf.dir/depend
make[2]: Entering directory `/home/sunchangbao/test/github/codeCollectionTmp/build'
cd /home/sunchangbao/test/github/codeCollectionTmp/build && /usr/bin/cmake -E cmake_depends "Unix Makefiles" /home/sunchangbao/test/github/codeCollectionTmp /home/sunchangbao/test/github/codeCollectionTmp/src/Debug/InstrumentFunctions /home/sunchangbao/test/github/codeCollectionTmp/build /home/sunchangbao/test/github/codeCollectionTmp/build/src/Debug/InstrumentFunctions /home/sunchangbao/test/github/codeCollectionTmp/build/src/Debug/InstrumentFunctions/CMakeFiles/Test_systemInstrument.elf.dir/DependInfo.cmake --color=
make[2]: Leaving directory `/home/sunchangbao/test/github/codeCollectionTmp/build'
make -f src/Debug/InstrumentFunctions/CMakeFiles/Test_systemInstrument.elf.dir/build.make src/Debug/InstrumentFunctions/CMakeFiles/Test_systemInstrument.elf.dir/build
make[2]: Entering directory `/home/sunchangbao/test/github/codeCollectionTmp/build'
make[2]: Nothing to be done for `src/Debug/InstrumentFunctions/CMakeFiles/Test_systemInstrument.elf.dir/build'.
make[2]: Leaving directory `/home/sunchangbao/test/github/codeCollectionTmp/build'
/usr/bin/cmake -E cmake_progress_report /home/sunchangbao/test/github/codeCollectionTmp/build/CMakeFiles  11
[ 75%] Built target Test_systemInstrument.elf
make -f src/Debug/InstrumentFunctions/CMakeFiles/systemInstruments.dir/build.make src/Debug/InstrumentFunctions/CMakeFiles/systemInstruments.dir/depend
make[2]: Entering directory `/home/sunchangbao/test/github/codeCollectionTmp/build'
cd /home/sunchangbao/test/github/codeCollectionTmp/build && /usr/bin/cmake -E cmake_depends "Unix Makefiles" /home/sunchangbao/test/github/codeCollectionTmp /home/sunchangbao/test/github/codeCollectionTmp/src/Debug/InstrumentFunctions /home/sunchangbao/test/github/codeCollectionTmp/build /home/sunchangbao/test/github/codeCollectionTmp/build/src/Debug/InstrumentFunctions /home/sunchangbao/test/github/codeCollectionTmp/build/src/Debug/InstrumentFunctions/CMakeFiles/systemInstruments.dir/DependInfo.cmake --color=
make[2]: Leaving directory `/home/sunchangbao/test/github/codeCollectionTmp/build'
make -f src/Debug/InstrumentFunctions/CMakeFiles/systemInstruments.dir/build.make src/Debug/InstrumentFunctions/CMakeFiles/systemInstruments.dir/build
make[2]: Entering directory `/home/sunchangbao/test/github/codeCollectionTmp/build'
make[2]: Nothing to be done for `src/Debug/InstrumentFunctions/CMakeFiles/systemInstruments.dir/build'.
make[2]: Leaving directory `/home/sunchangbao/test/github/codeCollectionTmp/build'
/usr/bin/cmake -E cmake_progress_report /home/sunchangbao/test/github/codeCollectionTmp/build/CMakeFiles  95
[ 76%] Built target systemInstruments
make -f src/Debug/StackInfoDebug/CMakeFiles/stackInfolib.dir/build.make src/Debug/StackInfoDebug/CMakeFiles/stackInfolib.dir/depend
make[2]: Entering directory `/home/sunchangbao/test/github/codeCollectionTmp/build'
cd /home/sunchangbao/test/github/codeCollectionTmp/build && /usr/bin/cmake -E cmake_depends "Unix Makefiles" /home/sunchangbao/test/github/codeCollectionTmp /home/sunchangbao/test/github/codeCollectionTmp/src/Debug/StackInfoDebug /home/sunchangbao/test/github/codeCollectionTmp/build /home/sunchangbao/test/github/codeCollectionTmp/build/src/Debug/StackInfoDebug /home/sunchangbao/test/github/codeCollectionTmp/build/src/Debug/StackInfoDebug/CMakeFiles/stackInfolib.dir/DependInfo.cmake --color=
make[2]: Leaving directory `/home/sunchangbao/test/github/codeCollectionTmp/build'
make -f src/Debug/StackInfoDebug/CMakeFiles/stackInfolib.dir/build.make src/Debug/StackInfoDebug/CMakeFiles/stackInfolib.dir/build
make[2]: Entering directory `/home/sunchangbao/test/github/codeCollectionTmp/build'
make[2]: Nothing to be done for `src/Debug/StackInfoDebug/CMakeFiles/stackInfolib.dir/build'.
make[2]: Leaving directory `/home/sunchangbao/test/github/codeCollectionTmp/build'
/usr/bin/cmake -E cmake_progress_report /home/sunchangbao/test/github/codeCollectionTmp/build/CMakeFiles  94
[ 77%] Built target stackInfolib
make -f src/Debug/StackInfoDebug/CMakeFiles/Test_stackInfo.elf.dir/build.make src/Debug/StackInfoDebug/CMakeFiles/Test_stackInfo.elf.dir/depend
make[2]: Entering directory `/home/sunchangbao/test/github/codeCollectionTmp/build'
cd /home/sunchangbao/test/github/codeCollectionTmp/build && /usr/bin/cmake -E cmake_depends "Unix Makefiles" /home/sunchangbao/test/github/codeCollectionTmp /home/sunchangbao/test/github/codeCollectionTmp/src/Debug/StackInfoDebug /home/sunchangbao/test/github/codeCollectionTmp/build /home/sunchangbao/test/github/codeCollectionTmp/build/src/Debug/StackInfoDebug /home/sunchangbao/test/github/codeCollectionTmp/build/src/Debug/StackInfoDebug/CMakeFiles/Test_stackInfo.elf.dir/DependInfo.cmake --color=
make[2]: Leaving directory `/home/sunchangbao/test/github/codeCollectionTmp/build'
make -f src/Debug/StackInfoDebug/CMakeFiles/Test_stackInfo.elf.dir/build.make src/Debug/StackInfoDebug/CMakeFiles/Test_stackInfo.elf.dir/build
make[2]: Entering directory `/home/sunchangbao/test/github/codeCollectionTmp/build'
make[2]: Nothing to be done for `src/Debug/StackInfoDebug/CMakeFiles/Test_stackInfo.elf.dir/build'.
make[2]: Leaving directory `/home/sunchangbao/test/github/codeCollectionTmp/build'
/usr/bin/cmake -E cmake_progress_report /home/sunchangbao/test/github/codeCollectionTmp/build/CMakeFiles 
[ 77%] Built target Test_stackInfo.elf
make -f src/Debug/StackInfoDebug/CMakeFiles/stackInfos.dir/build.make src/Debug/StackInfoDebug/CMakeFiles/stackInfos.dir/depend
make[2]: Entering directory `/home/sunchangbao/test/github/codeCollectionTmp/build'
cd /home/sunchangbao/test/github/codeCollectionTmp/build && /usr/bin/cmake -E cmake_depends "Unix Makefiles" /home/sunchangbao/test/github/codeCollectionTmp /home/sunchangbao/test/github/codeCollectionTmp/src/Debug/StackInfoDebug /home/sunchangbao/test/github/codeCollectionTmp/build /home/sunchangbao/test/github/codeCollectionTmp/build/src/Debug/StackInfoDebug /home/sunchangbao/test/github/codeCollectionTmp/build/src/Debug/StackInfoDebug/CMakeFiles/stackInfos.dir/DependInfo.cmake --color=
make[2]: Leaving directory `/home/sunchangbao/test/github/codeCollectionTmp/build'
make -f src/Debug/StackInfoDebug/CMakeFiles/stackInfos.dir/build.make src/Debug/StackInfoDebug/CMakeFiles/stackInfos.dir/build
make[2]: Entering directory `/home/sunchangbao/test/github/codeCollectionTmp/build'
make[2]: Nothing to be done for `src/Debug/StackInfoDebug/CMakeFiles/stackInfos.dir/build'.
make[2]: Leaving directory `/home/sunchangbao/test/github/codeCollectionTmp/build'
/usr/bin/cmake -E cmake_progress_report /home/sunchangbao/test/github/codeCollectionTmp/build/CMakeFiles 
[ 77%] Built target stackInfos
make -f src/Event/ThreadPool/CMakeFiles/threadpoollib.dir/build.make src/Event/ThreadPool/CMakeFiles/threadpoollib.dir/depend
make[2]: Entering directory `/home/sunchangbao/test/github/codeCollectionTmp/build'
cd /home/sunchangbao/test/github/codeCollectionTmp/build && /usr/bin/cmake -E cmake_depends "Unix Makefiles" /home/sunchangbao/test/github/codeCollectionTmp /home/sunchangbao/test/github/codeCollectionTmp/src/Event/ThreadPool /home/sunchangbao/test/github/codeCollectionTmp/build /home/sunchangbao/test/github/codeCollectionTmp/build/src/Event/ThreadPool /home/sunchangbao/test/github/codeCollectionTmp/build/src/Event/ThreadPool/CMakeFiles/threadpoollib.dir/DependInfo.cmake --color=
make[2]: Leaving directory `/home/sunchangbao/test/github/codeCollectionTmp/build'
make -f src/Event/ThreadPool/CMakeFiles/threadpoollib.dir/build.make src/Event/ThreadPool/CMakeFiles/threadpoollib.dir/build
make[2]: Entering directory `/home/sunchangbao/test/github/codeCollectionTmp/build'
make[2]: Nothing to be done for `src/Event/ThreadPool/CMakeFiles/threadpoollib.dir/build'.
make[2]: Leaving directory `/home/sunchangbao/test/github/codeCollectionTmp/build'
/usr/bin/cmake -E cmake_progress_report /home/sunchangbao/test/github/codeCollectionTmp/build/CMakeFiles 
[ 77%] Built target threadpoollib
make -f src/Event/ThreadPool/CMakeFiles/Test_threadpool-heavy.elf.dir/build.make src/Event/ThreadPool/CMakeFiles/Test_threadpool-heavy.elf.dir/depend
make[2]: Entering directory `/home/sunchangbao/test/github/codeCollectionTmp/build'
cd /home/sunchangbao/test/github/codeCollectionTmp/build && /usr/bin/cmake -E cmake_depends "Unix Makefiles" /home/sunchangbao/test/github/codeCollectionTmp /home/sunchangbao/test/github/codeCollectionTmp/src/Event/ThreadPool /home/sunchangbao/test/github/codeCollectionTmp/build /home/sunchangbao/test/github/codeCollectionTmp/build/src/Event/ThreadPool /home/sunchangbao/test/github/codeCollectionTmp/build/src/Event/ThreadPool/CMakeFiles/Test_threadpool-heavy.elf.dir/DependInfo.cmake --color=
make[2]: Leaving directory `/home/sunchangbao/test/github/codeCollectionTmp/build'
make -f src/Event/ThreadPool/CMakeFiles/Test_threadpool-heavy.elf.dir/build.make src/Event/ThreadPool/CMakeFiles/Test_threadpool-heavy.elf.dir/build
make[2]: Entering directory `/home/sunchangbao/test/github/codeCollectionTmp/build'
make[2]: Nothing to be done for `src/Event/ThreadPool/CMakeFiles/Test_threadpool-heavy.elf.dir/build'.
make[2]: Leaving directory `/home/sunchangbao/test/github/codeCollectionTmp/build'
/usr/bin/cmake -E cmake_progress_report /home/sunchangbao/test/github/codeCollectionTmp/build/CMakeFiles 
[ 77%] Built target Test_threadpool-heavy.elf
make -f src/Event/ThreadPool/CMakeFiles/Test_threadpool-shutdown.elf.dir/build.make src/Event/ThreadPool/CMakeFiles/Test_threadpool-shutdown.elf.dir/depend
make[2]: Entering directory `/home/sunchangbao/test/github/codeCollectionTmp/build'
cd /home/sunchangbao/test/github/codeCollectionTmp/build && /usr/bin/cmake -E cmake_depends "Unix Makefiles" /home/sunchangbao/test/github/codeCollectionTmp /home/sunchangbao/test/github/codeCollectionTmp/src/Event/ThreadPool /home/sunchangbao/test/github/codeCollectionTmp/build /home/sunchangbao/test/github/codeCollectionTmp/build/src/Event/ThreadPool /home/sunchangbao/test/github/codeCollectionTmp/build/src/Event/ThreadPool/CMakeFiles/Test_threadpool-shutdown.elf.dir/DependInfo.cmake --color=
make[2]: Leaving directory `/home/sunchangbao/test/github/codeCollectionTmp/build'
make -f src/Event/ThreadPool/CMakeFiles/Test_threadpool-shutdown.elf.dir/build.make src/Event/ThreadPool/CMakeFiles/Test_threadpool-shutdown.elf.dir/build
make[2]: Entering directory `/home/sunchangbao/test/github/codeCollectionTmp/build'
make[2]: Nothing to be done for `src/Event/ThreadPool/CMakeFiles/Test_threadpool-shutdown.elf.dir/build'.
make[2]: Leaving directory `/home/sunchangbao/test/github/codeCollectionTmp/build'
/usr/bin/cmake -E cmake_progress_report /home/sunchangbao/test/github/codeCollectionTmp/build/CMakeFiles 
[ 77%] Built target Test_threadpool-shutdown.elf
make -f src/Event/ThreadPool/CMakeFiles/Test_threadpool-thrd.elf.dir/build.make src/Event/ThreadPool/CMakeFiles/Test_threadpool-thrd.elf.dir/depend
make[2]: Entering directory `/home/sunchangbao/test/github/codeCollectionTmp/build'
cd /home/sunchangbao/test/github/codeCollectionTmp/build && /usr/bin/cmake -E cmake_depends "Unix Makefiles" /home/sunchangbao/test/github/codeCollectionTmp /home/sunchangbao/test/github/codeCollectionTmp/src/Event/ThreadPool /home/sunchangbao/test/github/codeCollectionTmp/build /home/sunchangbao/test/github/codeCollectionTmp/build/src/Event/ThreadPool /home/sunchangbao/test/github/codeCollectionTmp/build/src/Event/ThreadPool/CMakeFiles/Test_threadpool-thrd.elf.dir/DependInfo.cmake --color=
make[2]: Leaving directory `/home/sunchangbao/test/github/codeCollectionTmp/build'
make -f src/Event/ThreadPool/CMakeFiles/Test_threadpool-thrd.elf.dir/build.make src/Event/ThreadPool/CMakeFiles/Test_threadpool-thrd.elf.dir/build
make[2]: Entering directory `/home/sunchangbao/test/github/codeCollectionTmp/build'
make[2]: Nothing to be done for `src/Event/ThreadPool/CMakeFiles/Test_threadpool-thrd.elf.dir/build'.
make[2]: Leaving directory `/home/sunchangbao/test/github/codeCollectionTmp/build'
/usr/bin/cmake -E cmake_progress_report /home/sunchangbao/test/github/codeCollectionTmp/build/CMakeFiles 
[ 77%] Built target Test_threadpool-thrd.elf
make -f src/Event/ThreadPool/CMakeFiles/threadpools.dir/build.make src/Event/ThreadPool/CMakeFiles/threadpools.dir/depend
make[2]: Entering directory `/home/sunchangbao/test/github/codeCollectionTmp/build'
cd /home/sunchangbao/test/github/codeCollectionTmp/build && /usr/bin/cmake -E cmake_depends "Unix Makefiles" /home/sunchangbao/test/github/codeCollectionTmp /home/sunchangbao/test/github/codeCollectionTmp/src/Event/ThreadPool /home/sunchangbao/test/github/codeCollectionTmp/build /home/sunchangbao/test/github/codeCollectionTmp/build/src/Event/ThreadPool /home/sunchangbao/test/github/codeCollectionTmp/build/src/Event/ThreadPool/CMakeFiles/threadpools.dir/DependInfo.cmake --color=
make[2]: Leaving directory `/home/sunchangbao/test/github/codeCollectionTmp/build'
make -f src/Event/ThreadPool/CMakeFiles/threadpools.dir/build.make src/Event/ThreadPool/CMakeFiles/threadpools.dir/build
make[2]: Entering directory `/home/sunchangbao/test/github/codeCollectionTmp/build'
make[2]: Nothing to be done for `src/Event/ThreadPool/CMakeFiles/threadpools.dir/build'.
make[2]: Leaving directory `/home/sunchangbao/test/github/codeCollectionTmp/build'
/usr/bin/cmake -E cmake_progress_report /home/sunchangbao/test/github/codeCollectionTmp/build/CMakeFiles 
[ 77%] Built target threadpools
make -f src/File/ParserIni/CMakeFiles/iniParserlib.dir/build.make src/File/ParserIni/CMakeFiles/iniParserlib.dir/depend
make[2]: Entering directory `/home/sunchangbao/test/github/codeCollectionTmp/build'
cd /home/sunchangbao/test/github/codeCollectionTmp/build && /usr/bin/cmake -E cmake_depends "Unix Makefiles" /home/sunchangbao/test/github/codeCollectionTmp /home/sunchangbao/test/github/codeCollectionTmp/src/File/ParserIni /home/sunchangbao/test/github/codeCollectionTmp/build /home/sunchangbao/test/github/codeCollectionTmp/build/src/File/ParserIni /home/sunchangbao/test/github/codeCollectionTmp/build/src/File/ParserIni/CMakeFiles/iniParserlib.dir/DependInfo.cmake --color=
make[2]: Leaving directory `/home/sunchangbao/test/github/codeCollectionTmp/build'
make -f src/File/ParserIni/CMakeFiles/iniParserlib.dir/build.make src/File/ParserIni/CMakeFiles/iniParserlib.dir/build
make[2]: Entering directory `/home/sunchangbao/test/github/codeCollectionTmp/build'
make[2]: Nothing to be done for `src/File/ParserIni/CMakeFiles/iniParserlib.dir/build'.
make[2]: Leaving directory `/home/sunchangbao/test/github/codeCollectionTmp/build'
/usr/bin/cmake -E cmake_progress_report /home/sunchangbao/test/github/codeCollectionTmp/build/CMakeFiles  30
[ 78%] Built target iniParserlib
make -f src/File/ParserIni/CMakeFiles/Test_iniParser.elf.dir/build.make src/File/ParserIni/CMakeFiles/Test_iniParser.elf.dir/depend
make[2]: Entering directory `/home/sunchangbao/test/github/codeCollectionTmp/build'
cd /home/sunchangbao/test/github/codeCollectionTmp/build && /usr/bin/cmake -E cmake_depends "Unix Makefiles" /home/sunchangbao/test/github/codeCollectionTmp /home/sunchangbao/test/github/codeCollectionTmp/src/File/ParserIni /home/sunchangbao/test/github/codeCollectionTmp/build /home/sunchangbao/test/github/codeCollectionTmp/build/src/File/ParserIni /home/sunchangbao/test/github/codeCollectionTmp/build/src/File/ParserIni/CMakeFiles/Test_iniParser.elf.dir/DependInfo.cmake --color=
make[2]: Leaving directory `/home/sunchangbao/test/github/codeCollectionTmp/build'
make -f src/File/ParserIni/CMakeFiles/Test_iniParser.elf.dir/build.make src/File/ParserIni/CMakeFiles/Test_iniParser.elf.dir/build
make[2]: Entering directory `/home/sunchangbao/test/github/codeCollectionTmp/build'
make[2]: Nothing to be done for `src/File/ParserIni/CMakeFiles/Test_iniParser.elf.dir/build'.
make[2]: Leaving directory `/home/sunchangbao/test/github/codeCollectionTmp/build'
/usr/bin/cmake -E cmake_progress_report /home/sunchangbao/test/github/codeCollectionTmp/build/CMakeFiles  6
[ 79%] Built target Test_iniParser.elf
make -f src/File/ParserIni/CMakeFiles/iniParsers.dir/build.make src/File/ParserIni/CMakeFiles/iniParsers.dir/depend
make[2]: Entering directory `/home/sunchangbao/test/github/codeCollectionTmp/build'
cd /home/sunchangbao/test/github/codeCollectionTmp/build && /usr/bin/cmake -E cmake_depends "Unix Makefiles" /home/sunchangbao/test/github/codeCollectionTmp /home/sunchangbao/test/github/codeCollectionTmp/src/File/ParserIni /home/sunchangbao/test/github/codeCollectionTmp/build /home/sunchangbao/test/github/codeCollectionTmp/build/src/File/ParserIni /home/sunchangbao/test/github/codeCollectionTmp/build/src/File/ParserIni/CMakeFiles/iniParsers.dir/DependInfo.cmake --color=
make[2]: Leaving directory `/home/sunchangbao/test/github/codeCollectionTmp/build'
make -f src/File/ParserIni/CMakeFiles/iniParsers.dir/build.make src/File/ParserIni/CMakeFiles/iniParsers.dir/build
make[2]: Entering directory `/home/sunchangbao/test/github/codeCollectionTmp/build'
make[2]: Nothing to be done for `src/File/ParserIni/CMakeFiles/iniParsers.dir/build'.
make[2]: Leaving directory `/home/sunchangbao/test/github/codeCollectionTmp/build'
/usr/bin/cmake -E cmake_progress_report /home/sunchangbao/test/github/codeCollectionTmp/build/CMakeFiles 
[ 79%] Built target iniParsers
make -f src/File/ParserJsonCPP/CMakeFiles/cppJsonlib.dir/build.make src/File/ParserJsonCPP/CMakeFiles/cppJsonlib.dir/depend
make[2]: Entering directory `/home/sunchangbao/test/github/codeCollectionTmp/build'
cd /home/sunchangbao/test/github/codeCollectionTmp/build && /usr/bin/cmake -E cmake_depends "Unix Makefiles" /home/sunchangbao/test/github/codeCollectionTmp /home/sunchangbao/test/github/codeCollectionTmp/src/File/ParserJsonCPP /home/sunchangbao/test/github/codeCollectionTmp/build /home/sunchangbao/test/github/codeCollectionTmp/build/src/File/ParserJsonCPP /home/sunchangbao/test/github/codeCollectionTmp/build/src/File/ParserJsonCPP/CMakeFiles/cppJsonlib.dir/DependInfo.cmake --color=
make[2]: Leaving directory `/home/sunchangbao/test/github/codeCollectionTmp/build'
make -f src/File/ParserJsonCPP/CMakeFiles/cppJsonlib.dir/build.make src/File/ParserJsonCPP/CMakeFiles/cppJsonlib.dir/build
make[2]: Entering directory `/home/sunchangbao/test/github/codeCollectionTmp/build'
make[2]: Nothing to be done for `src/File/ParserJsonCPP/CMakeFiles/cppJsonlib.dir/build'.
make[2]: Leaving directory `/home/sunchangbao/test/github/codeCollectionTmp/build'
/usr/bin/cmake -E cmake_progress_report /home/sunchangbao/test/github/codeCollectionTmp/build/CMakeFiles 
[ 79%] Built target cppJsonlib
make -f src/File/ParserJsonCPP/CMakeFiles/Test_cppJson.elf.dir/build.make src/File/ParserJsonCPP/CMakeFiles/Test_cppJson.elf.dir/depend
make[2]: Entering directory `/home/sunchangbao/test/github/codeCollectionTmp/build'
cd /home/sunchangbao/test/github/codeCollectionTmp/build && /usr/bin/cmake -E cmake_depends "Unix Makefiles" /home/sunchangbao/test/github/codeCollectionTmp /home/sunchangbao/test/github/codeCollectionTmp/src/File/ParserJsonCPP /home/sunchangbao/test/github/codeCollectionTmp/build /home/sunchangbao/test/github/codeCollectionTmp/build/src/File/ParserJsonCPP /home/sunchangbao/test/github/codeCollectionTmp/build/src/File/ParserJsonCPP/CMakeFiles/Test_cppJson.elf.dir/DependInfo.cmake --color=
make[2]: Leaving directory `/home/sunchangbao/test/github/codeCollectionTmp/build'
make -f src/File/ParserJsonCPP/CMakeFiles/Test_cppJson.elf.dir/build.make src/File/ParserJsonCPP/CMakeFiles/Test_cppJson.elf.dir/build
make[2]: Entering directory `/home/sunchangbao/test/github/codeCollectionTmp/build'
make[2]: Nothing to be done for `src/File/ParserJsonCPP/CMakeFiles/Test_cppJson.elf.dir/build'.
make[2]: Leaving directory `/home/sunchangbao/test/github/codeCollectionTmp/build'
/usr/bin/cmake -E cmake_progress_report /home/sunchangbao/test/github/codeCollectionTmp/build/CMakeFiles 
[ 79%] Built target Test_cppJson.elf
make -f src/File/ParserJsonCPP/CMakeFiles/cppJsons.dir/build.make src/File/ParserJsonCPP/CMakeFiles/cppJsons.dir/depend
make[2]: Entering directory `/home/sunchangbao/test/github/codeCollectionTmp/build'
cd /home/sunchangbao/test/github/codeCollectionTmp/build && /usr/bin/cmake -E cmake_depends "Unix Makefiles" /home/sunchangbao/test/github/codeCollectionTmp /home/sunchangbao/test/github/codeCollectionTmp/src/File/ParserJsonCPP /home/sunchangbao/test/github/codeCollectionTmp/build /home/sunchangbao/test/github/codeCollectionTmp/build/src/File/ParserJsonCPP /home/sunchangbao/test/github/codeCollectionTmp/build/src/File/ParserJsonCPP/CMakeFiles/cppJsons.dir/DependInfo.cmake --color=
make[2]: Leaving directory `/home/sunchangbao/test/github/codeCollectionTmp/build'
make -f src/File/ParserJsonCPP/CMakeFiles/cppJsons.dir/build.make src/File/ParserJsonCPP/CMakeFiles/cppJsons.dir/build
make[2]: Entering directory `/home/sunchangbao/test/github/codeCollectionTmp/build'
make[2]: Nothing to be done for `src/File/ParserJsonCPP/CMakeFiles/cppJsons.dir/build'.
make[2]: Leaving directory `/home/sunchangbao/test/github/codeCollectionTmp/build'
/usr/bin/cmake -E cmake_progress_report /home/sunchangbao/test/github/codeCollectionTmp/build/CMakeFiles  18
[ 80%] Built target cppJsons
make -f src/File/ParserTinyXML2/CMakeFiles/tinyxml2.dir/build.make src/File/ParserTinyXML2/CMakeFiles/tinyxml2.dir/depend
make[2]: Entering directory `/home/sunchangbao/test/github/codeCollectionTmp/build'
cd /home/sunchangbao/test/github/codeCollectionTmp/build && /usr/bin/cmake -E cmake_depends "Unix Makefiles" /home/sunchangbao/test/github/codeCollectionTmp /home/sunchangbao/test/github/codeCollectionTmp/src/File/ParserTinyXML2 /home/sunchangbao/test/github/codeCollectionTmp/build /home/sunchangbao/test/github/codeCollectionTmp/build/src/File/ParserTinyXML2 /home/sunchangbao/test/github/codeCollectionTmp/build/src/File/ParserTinyXML2/CMakeFiles/tinyxml2.dir/DependInfo.cmake --color=
make[2]: Leaving directory `/home/sunchangbao/test/github/codeCollectionTmp/build'
make -f src/File/ParserTinyXML2/CMakeFiles/tinyxml2.dir/build.make src/File/ParserTinyXML2/CMakeFiles/tinyxml2.dir/build
make[2]: Entering directory `/home/sunchangbao/test/github/codeCollectionTmp/build'
make[2]: Nothing to be done for `src/File/ParserTinyXML2/CMakeFiles/tinyxml2.dir/build'.
make[2]: Leaving directory `/home/sunchangbao/test/github/codeCollectionTmp/build'
/usr/bin/cmake -E cmake_progress_report /home/sunchangbao/test/github/codeCollectionTmp/build/CMakeFiles  99
[ 81%] Built target tinyxml2
make -f src/File/ParserTinyXML2/CMakeFiles/DATA_COPY.dir/build.make src/File/ParserTinyXML2/CMakeFiles/DATA_COPY.dir/depend
make[2]: Entering directory `/home/sunchangbao/test/github/codeCollectionTmp/build'
cd /home/sunchangbao/test/github/codeCollectionTmp/build && /usr/bin/cmake -E cmake_depends "Unix Makefiles" /home/sunchangbao/test/github/codeCollectionTmp /home/sunchangbao/test/github/codeCollectionTmp/src/File/ParserTinyXML2 /home/sunchangbao/test/github/codeCollectionTmp/build /home/sunchangbao/test/github/codeCollectionTmp/build/src/File/ParserTinyXML2 /home/sunchangbao/test/github/codeCollectionTmp/build/src/File/ParserTinyXML2/CMakeFiles/DATA_COPY.dir/DependInfo.cmake --color=
make[2]: Leaving directory `/home/sunchangbao/test/github/codeCollectionTmp/build'
make -f src/File/ParserTinyXML2/CMakeFiles/DATA_COPY.dir/build.make src/File/ParserTinyXML2/CMakeFiles/DATA_COPY.dir/build
make[2]: Entering directory `/home/sunchangbao/test/github/codeCollectionTmp/build'
cd /home/sunchangbao/test/github/codeCollectionTmp/build/src/File/ParserTinyXML2 && /usr/bin/cmake -E copy /home/sunchangbao/test/github/codeCollectionTmp/src/File/ParserTinyXML2/resources/dream.xml /home/sunchangbao/test/github/codeCollectionTmp/build/src/File/ParserTinyXML2/resources/
cd /home/sunchangbao/test/github/codeCollectionTmp/build/src/File/ParserTinyXML2 && /usr/bin/cmake -E copy /home/sunchangbao/test/github/codeCollectionTmp/src/File/ParserTinyXML2/resources/empty.xml /home/sunchangbao/test/github/codeCollectionTmp/build/src/File/ParserTinyXML2/resources/
cd /home/sunchangbao/test/github/codeCollectionTmp/build/src/File/ParserTinyXML2 && /usr/bin/cmake -E copy /home/sunchangbao/test/github/codeCollectionTmp/src/File/ParserTinyXML2/resources/utf8test.xml /home/sunchangbao/test/github/codeCollectionTmp/build/src/File/ParserTinyXML2/resources/
cd /home/sunchangbao/test/github/codeCollectionTmp/build/src/File/ParserTinyXML2 && /usr/bin/cmake -E copy /home/sunchangbao/test/github/codeCollectionTmp/src/File/ParserTinyXML2/resources/utf8testverify.xml /home/sunchangbao/test/github/codeCollectionTmp/build/src/File/ParserTinyXML2/resources/
make[2]: Leaving directory `/home/sunchangbao/test/github/codeCollectionTmp/build'
/usr/bin/cmake -E cmake_progress_report /home/sunchangbao/test/github/codeCollectionTmp/build/CMakeFiles 
[ 81%] Built target DATA_COPY
make -f src/File/ParserTinyXML2/CMakeFiles/TestXML.elf.dir/build.make src/File/ParserTinyXML2/CMakeFiles/TestXML.elf.dir/depend
make[2]: Entering directory `/home/sunchangbao/test/github/codeCollectionTmp/build'
cd /home/sunchangbao/test/github/codeCollectionTmp/build && /usr/bin/cmake -E cmake_depends "Unix Makefiles" /home/sunchangbao/test/github/codeCollectionTmp /home/sunchangbao/test/github/codeCollectionTmp/src/File/ParserTinyXML2 /home/sunchangbao/test/github/codeCollectionTmp/build /home/sunchangbao/test/github/codeCollectionTmp/build/src/File/ParserTinyXML2 /home/sunchangbao/test/github/codeCollectionTmp/build/src/File/ParserTinyXML2/CMakeFiles/TestXML.elf.dir/DependInfo.cmake --color=
make[2]: Leaving directory `/home/sunchangbao/test/github/codeCollectionTmp/build'
make -f src/File/ParserTinyXML2/CMakeFiles/TestXML.elf.dir/build.make src/File/ParserTinyXML2/CMakeFiles/TestXML.elf.dir/build
make[2]: Entering directory `/home/sunchangbao/test/github/codeCollectionTmp/build'
make[2]: Nothing to be done for `src/File/ParserTinyXML2/CMakeFiles/TestXML.elf.dir/build'.
make[2]: Leaving directory `/home/sunchangbao/test/github/codeCollectionTmp/build'
/usr/bin/cmake -E cmake_progress_report /home/sunchangbao/test/github/codeCollectionTmp/build/CMakeFiles 
[ 81%] Built target TestXML.elf
make -f src/File/Sqlite3/CMakeFiles/sqlite3lib.dir/build.make src/File/Sqlite3/CMakeFiles/sqlite3lib.dir/depend
make[2]: Entering directory `/home/sunchangbao/test/github/codeCollectionTmp/build'
cd /home/sunchangbao/test/github/codeCollectionTmp/build && /usr/bin/cmake -E cmake_depends "Unix Makefiles" /home/sunchangbao/test/github/codeCollectionTmp /home/sunchangbao/test/github/codeCollectionTmp/src/File/Sqlite3 /home/sunchangbao/test/github/codeCollectionTmp/build /home/sunchangbao/test/github/codeCollectionTmp/build/src/File/Sqlite3 /home/sunchangbao/test/github/codeCollectionTmp/build/src/File/Sqlite3/CMakeFiles/sqlite3lib.dir/DependInfo.cmake --color=
make[2]: Leaving directory `/home/sunchangbao/test/github/codeCollectionTmp/build'
make -f src/File/Sqlite3/CMakeFiles/sqlite3lib.dir/build.make src/File/Sqlite3/CMakeFiles/sqlite3lib.dir/build
make[2]: Entering directory `/home/sunchangbao/test/github/codeCollectionTmp/build'
make[2]: Nothing to be done for `src/File/Sqlite3/CMakeFiles/sqlite3lib.dir/build'.
make[2]: Leaving directory `/home/sunchangbao/test/github/codeCollectionTmp/build'
/usr/bin/cmake -E cmake_progress_report /home/sunchangbao/test/github/codeCollectionTmp/build/CMakeFiles 
[ 81%] Built target sqlite3lib
make -f src/File/Sqlite3/CMakeFiles/Test_sqlite3.elf.dir/build.make src/File/Sqlite3/CMakeFiles/Test_sqlite3.elf.dir/depend
make[2]: Entering directory `/home/sunchangbao/test/github/codeCollectionTmp/build'
cd /home/sunchangbao/test/github/codeCollectionTmp/build && /usr/bin/cmake -E cmake_depends "Unix Makefiles" /home/sunchangbao/test/github/codeCollectionTmp /home/sunchangbao/test/github/codeCollectionTmp/src/File/Sqlite3 /home/sunchangbao/test/github/codeCollectionTmp/build /home/sunchangbao/test/github/codeCollectionTmp/build/src/File/Sqlite3 /home/sunchangbao/test/github/codeCollectionTmp/build/src/File/Sqlite3/CMakeFiles/Test_sqlite3.elf.dir/DependInfo.cmake --color=
make[2]: Leaving directory `/home/sunchangbao/test/github/codeCollectionTmp/build'
make -f src/File/Sqlite3/CMakeFiles/Test_sqlite3.elf.dir/build.make src/File/Sqlite3/CMakeFiles/Test_sqlite3.elf.dir/build
make[2]: Entering directory `/home/sunchangbao/test/github/codeCollectionTmp/build'
make[2]: Nothing to be done for `src/File/Sqlite3/CMakeFiles/Test_sqlite3.elf.dir/build'.
make[2]: Leaving directory `/home/sunchangbao/test/github/codeCollectionTmp/build'
/usr/bin/cmake -E cmake_progress_report /home/sunchangbao/test/github/codeCollectionTmp/build/CMakeFiles 
[ 81%] Built target Test_sqlite3.elf
make -f src/File/Sqlite3/CMakeFiles/sqlite3s.dir/build.make src/File/Sqlite3/CMakeFiles/sqlite3s.dir/depend
make[2]: Entering directory `/home/sunchangbao/test/github/codeCollectionTmp/build'
cd /home/sunchangbao/test/github/codeCollectionTmp/build && /usr/bin/cmake -E cmake_depends "Unix Makefiles" /home/sunchangbao/test/github/codeCollectionTmp /home/sunchangbao/test/github/codeCollectionTmp/src/File/Sqlite3 /home/sunchangbao/test/github/codeCollectionTmp/build /home/sunchangbao/test/github/codeCollectionTmp/build/src/File/Sqlite3 /home/sunchangbao/test/github/codeCollectionTmp/build/src/File/Sqlite3/CMakeFiles/sqlite3s.dir/DependInfo.cmake --color=
make[2]: Leaving directory `/home/sunchangbao/test/github/codeCollectionTmp/build'
make -f src/File/Sqlite3/CMakeFiles/sqlite3s.dir/build.make src/File/Sqlite3/CMakeFiles/sqlite3s.dir/build
make[2]: Entering directory `/home/sunchangbao/test/github/codeCollectionTmp/build'
make[2]: Nothing to be done for `src/File/Sqlite3/CMakeFiles/sqlite3s.dir/build'.
make[2]: Leaving directory `/home/sunchangbao/test/github/codeCollectionTmp/build'
/usr/bin/cmake -E cmake_progress_report /home/sunchangbao/test/github/codeCollectionTmp/build/CMakeFiles 
[ 81%] Built target sqlite3s
make -f src/File/Unix2Dos/CMakeFiles/unix2doslib.dir/build.make src/File/Unix2Dos/CMakeFiles/unix2doslib.dir/depend
make[2]: Entering directory `/home/sunchangbao/test/github/codeCollectionTmp/build'
cd /home/sunchangbao/test/github/codeCollectionTmp/build && /usr/bin/cmake -E cmake_depends "Unix Makefiles" /home/sunchangbao/test/github/codeCollectionTmp /home/sunchangbao/test/github/codeCollectionTmp/src/File/Unix2Dos /home/sunchangbao/test/github/codeCollectionTmp/build /home/sunchangbao/test/github/codeCollectionTmp/build/src/File/Unix2Dos /home/sunchangbao/test/github/codeCollectionTmp/build/src/File/Unix2Dos/CMakeFiles/unix2doslib.dir/DependInfo.cmake --color=
make[2]: Leaving directory `/home/sunchangbao/test/github/codeCollectionTmp/build'
make -f src/File/Unix2Dos/CMakeFiles/unix2doslib.dir/build.make src/File/Unix2Dos/CMakeFiles/unix2doslib.dir/build
make[2]: Entering directory `/home/sunchangbao/test/github/codeCollectionTmp/build'
make[2]: Nothing to be done for `src/File/Unix2Dos/CMakeFiles/unix2doslib.dir/build'.
make[2]: Leaving directory `/home/sunchangbao/test/github/codeCollectionTmp/build'
/usr/bin/cmake -E cmake_progress_report /home/sunchangbao/test/github/codeCollectionTmp/build/CMakeFiles 
[ 81%] Built target unix2doslib
make -f src/File/Unix2Dos/CMakeFiles/Test_unix2dos.elf.dir/build.make src/File/Unix2Dos/CMakeFiles/Test_unix2dos.elf.dir/depend
make[2]: Entering directory `/home/sunchangbao/test/github/codeCollectionTmp/build'
cd /home/sunchangbao/test/github/codeCollectionTmp/build && /usr/bin/cmake -E cmake_depends "Unix Makefiles" /home/sunchangbao/test/github/codeCollectionTmp /home/sunchangbao/test/github/codeCollectionTmp/src/File/Unix2Dos /home/sunchangbao/test/github/codeCollectionTmp/build /home/sunchangbao/test/github/codeCollectionTmp/build/src/File/Unix2Dos /home/sunchangbao/test/github/codeCollectionTmp/build/src/File/Unix2Dos/CMakeFiles/Test_unix2dos.elf.dir/DependInfo.cmake --color=
make[2]: Leaving directory `/home/sunchangbao/test/github/codeCollectionTmp/build'
make -f src/File/Unix2Dos/CMakeFiles/Test_unix2dos.elf.dir/build.make src/File/Unix2Dos/CMakeFiles/Test_unix2dos.elf.dir/build
make[2]: Entering directory `/home/sunchangbao/test/github/codeCollectionTmp/build'
make[2]: Nothing to be done for `src/File/Unix2Dos/CMakeFiles/Test_unix2dos.elf.dir/build'.
make[2]: Leaving directory `/home/sunchangbao/test/github/codeCollectionTmp/build'
/usr/bin/cmake -E cmake_progress_report /home/sunchangbao/test/github/codeCollectionTmp/build/CMakeFiles 
[ 81%] Built target Test_unix2dos.elf
make -f src/File/Unix2Dos/CMakeFiles/unix2doss.dir/build.make src/File/Unix2Dos/CMakeFiles/unix2doss.dir/depend
make[2]: Entering directory `/home/sunchangbao/test/github/codeCollectionTmp/build'
cd /home/sunchangbao/test/github/codeCollectionTmp/build && /usr/bin/cmake -E cmake_depends "Unix Makefiles" /home/sunchangbao/test/github/codeCollectionTmp /home/sunchangbao/test/github/codeCollectionTmp/src/File/Unix2Dos /home/sunchangbao/test/github/codeCollectionTmp/build /home/sunchangbao/test/github/codeCollectionTmp/build/src/File/Unix2Dos /home/sunchangbao/test/github/codeCollectionTmp/build/src/File/Unix2Dos/CMakeFiles/unix2doss.dir/DependInfo.cmake --color=
make[2]: Leaving directory `/home/sunchangbao/test/github/codeCollectionTmp/build'
make -f src/File/Unix2Dos/CMakeFiles/unix2doss.dir/build.make src/File/Unix2Dos/CMakeFiles/unix2doss.dir/build
make[2]: Entering directory `/home/sunchangbao/test/github/codeCollectionTmp/build'
make[2]: Nothing to be done for `src/File/Unix2Dos/CMakeFiles/unix2doss.dir/build'.
make[2]: Leaving directory `/home/sunchangbao/test/github/codeCollectionTmp/build'
/usr/bin/cmake -E cmake_progress_report /home/sunchangbao/test/github/codeCollectionTmp/build/CMakeFiles  100
[ 82%] Built target unix2doss
make -f src/Net/arp/CMakeFiles/arplib.dir/build.make src/Net/arp/CMakeFiles/arplib.dir/depend
make[2]: Entering directory `/home/sunchangbao/test/github/codeCollectionTmp/build'
cd /home/sunchangbao/test/github/codeCollectionTmp/build && /usr/bin/cmake -E cmake_depends "Unix Makefiles" /home/sunchangbao/test/github/codeCollectionTmp /home/sunchangbao/test/github/codeCollectionTmp/src/Net/arp /home/sunchangbao/test/github/codeCollectionTmp/build /home/sunchangbao/test/github/codeCollectionTmp/build/src/Net/arp /home/sunchangbao/test/github/codeCollectionTmp/build/src/Net/arp/CMakeFiles/arplib.dir/DependInfo.cmake --color=
make[2]: Leaving directory `/home/sunchangbao/test/github/codeCollectionTmp/build'
make -f src/Net/arp/CMakeFiles/arplib.dir/build.make src/Net/arp/CMakeFiles/arplib.dir/build
make[2]: Entering directory `/home/sunchangbao/test/github/codeCollectionTmp/build'
make[2]: Nothing to be done for `src/Net/arp/CMakeFiles/arplib.dir/build'.
make[2]: Leaving directory `/home/sunchangbao/test/github/codeCollectionTmp/build'
/usr/bin/cmake -E cmake_progress_report /home/sunchangbao/test/github/codeCollectionTmp/build/CMakeFiles 
[ 82%] Built target arplib
make -f src/Net/arp/CMakeFiles/Test_arp.elf.dir/build.make src/Net/arp/CMakeFiles/Test_arp.elf.dir/depend
make[2]: Entering directory `/home/sunchangbao/test/github/codeCollectionTmp/build'
cd /home/sunchangbao/test/github/codeCollectionTmp/build && /usr/bin/cmake -E cmake_depends "Unix Makefiles" /home/sunchangbao/test/github/codeCollectionTmp /home/sunchangbao/test/github/codeCollectionTmp/src/Net/arp /home/sunchangbao/test/github/codeCollectionTmp/build /home/sunchangbao/test/github/codeCollectionTmp/build/src/Net/arp /home/sunchangbao/test/github/codeCollectionTmp/build/src/Net/arp/CMakeFiles/Test_arp.elf.dir/DependInfo.cmake --color=
make[2]: Leaving directory `/home/sunchangbao/test/github/codeCollectionTmp/build'
make -f src/Net/arp/CMakeFiles/Test_arp.elf.dir/build.make src/Net/arp/CMakeFiles/Test_arp.elf.dir/build
make[2]: Entering directory `/home/sunchangbao/test/github/codeCollectionTmp/build'
make[2]: Nothing to be done for `src/Net/arp/CMakeFiles/Test_arp.elf.dir/build'.
make[2]: Leaving directory `/home/sunchangbao/test/github/codeCollectionTmp/build'
/usr/bin/cmake -E cmake_progress_report /home/sunchangbao/test/github/codeCollectionTmp/build/CMakeFiles  2
[ 83%] Built target Test_arp.elf
make -f src/Net/arp/CMakeFiles/arps.dir/build.make src/Net/arp/CMakeFiles/arps.dir/depend
make[2]: Entering directory `/home/sunchangbao/test/github/codeCollectionTmp/build'
cd /home/sunchangbao/test/github/codeCollectionTmp/build && /usr/bin/cmake -E cmake_depends "Unix Makefiles" /home/sunchangbao/test/github/codeCollectionTmp /home/sunchangbao/test/github/codeCollectionTmp/src/Net/arp /home/sunchangbao/test/github/codeCollectionTmp/build /home/sunchangbao/test/github/codeCollectionTmp/build/src/Net/arp /home/sunchangbao/test/github/codeCollectionTmp/build/src/Net/arp/CMakeFiles/arps.dir/DependInfo.cmake --color=
make[2]: Leaving directory `/home/sunchangbao/test/github/codeCollectionTmp/build'
make -f src/Net/arp/CMakeFiles/arps.dir/build.make src/Net/arp/CMakeFiles/arps.dir/build
make[2]: Entering directory `/home/sunchangbao/test/github/codeCollectionTmp/build'
make[2]: Nothing to be done for `src/Net/arp/CMakeFiles/arps.dir/build'.
make[2]: Leaving directory `/home/sunchangbao/test/github/codeCollectionTmp/build'
/usr/bin/cmake -E cmake_progress_report /home/sunchangbao/test/github/codeCollectionTmp/build/CMakeFiles 
[ 83%] Built target arps
make -f src/Net/DHCP/CMakeFiles/dhcplib.dir/build.make src/Net/DHCP/CMakeFiles/dhcplib.dir/depend
make[2]: Entering directory `/home/sunchangbao/test/github/codeCollectionTmp/build'
cd /home/sunchangbao/test/github/codeCollectionTmp/build && /usr/bin/cmake -E cmake_depends "Unix Makefiles" /home/sunchangbao/test/github/codeCollectionTmp /home/sunchangbao/test/github/codeCollectionTmp/src/Net/DHCP /home/sunchangbao/test/github/codeCollectionTmp/build /home/sunchangbao/test/github/codeCollectionTmp/build/src/Net/DHCP /home/sunchangbao/test/github/codeCollectionTmp/build/src/Net/DHCP/CMakeFiles/dhcplib.dir/DependInfo.cmake --color=
make[2]: Leaving directory `/home/sunchangbao/test/github/codeCollectionTmp/build'
make -f src/Net/DHCP/CMakeFiles/dhcplib.dir/build.make src/Net/DHCP/CMakeFiles/dhcplib.dir/build
make[2]: Entering directory `/home/sunchangbao/test/github/codeCollectionTmp/build'
make[2]: Nothing to be done for `src/Net/DHCP/CMakeFiles/dhcplib.dir/build'.
make[2]: Leaving directory `/home/sunchangbao/test/github/codeCollectionTmp/build'
/usr/bin/cmake -E cmake_progress_report /home/sunchangbao/test/github/codeCollectionTmp/build/CMakeFiles 
[ 83%] Built target dhcplib
make -f src/Net/DHCP/CMakeFiles/Test_dhcp.elf.dir/build.make src/Net/DHCP/CMakeFiles/Test_dhcp.elf.dir/depend
make[2]: Entering directory `/home/sunchangbao/test/github/codeCollectionTmp/build'
cd /home/sunchangbao/test/github/codeCollectionTmp/build && /usr/bin/cmake -E cmake_depends "Unix Makefiles" /home/sunchangbao/test/github/codeCollectionTmp /home/sunchangbao/test/github/codeCollectionTmp/src/Net/DHCP /home/sunchangbao/test/github/codeCollectionTmp/build /home/sunchangbao/test/github/codeCollectionTmp/build/src/Net/DHCP /home/sunchangbao/test/github/codeCollectionTmp/build/src/Net/DHCP/CMakeFiles/Test_dhcp.elf.dir/DependInfo.cmake --color=
make[2]: Leaving directory `/home/sunchangbao/test/github/codeCollectionTmp/build'
make -f src/Net/DHCP/CMakeFiles/Test_dhcp.elf.dir/build.make src/Net/DHCP/CMakeFiles/Test_dhcp.elf.dir/build
make[2]: Entering directory `/home/sunchangbao/test/github/codeCollectionTmp/build'
make[2]: Nothing to be done for `src/Net/DHCP/CMakeFiles/Test_dhcp.elf.dir/build'.
make[2]: Leaving directory `/home/sunchangbao/test/github/codeCollectionTmp/build'
/usr/bin/cmake -E cmake_progress_report /home/sunchangbao/test/github/codeCollectionTmp/build/CMakeFiles  4
[ 84%] Built target Test_dhcp.elf
make -f src/Net/DHCP/CMakeFiles/dhcps.dir/build.make src/Net/DHCP/CMakeFiles/dhcps.dir/depend
make[2]: Entering directory `/home/sunchangbao/test/github/codeCollectionTmp/build'
cd /home/sunchangbao/test/github/codeCollectionTmp/build && /usr/bin/cmake -E cmake_depends "Unix Makefiles" /home/sunchangbao/test/github/codeCollectionTmp /home/sunchangbao/test/github/codeCollectionTmp/src/Net/DHCP /home/sunchangbao/test/github/codeCollectionTmp/build /home/sunchangbao/test/github/codeCollectionTmp/build/src/Net/DHCP /home/sunchangbao/test/github/codeCollectionTmp/build/src/Net/DHCP/CMakeFiles/dhcps.dir/DependInfo.cmake --color=
make[2]: Leaving directory `/home/sunchangbao/test/github/codeCollectionTmp/build'
make -f src/Net/DHCP/CMakeFiles/dhcps.dir/build.make src/Net/DHCP/CMakeFiles/dhcps.dir/build
make[2]: Entering directory `/home/sunchangbao/test/github/codeCollectionTmp/build'
make[2]: Nothing to be done for `src/Net/DHCP/CMakeFiles/dhcps.dir/build'.
make[2]: Leaving directory `/home/sunchangbao/test/github/codeCollectionTmp/build'
/usr/bin/cmake -E cmake_progress_report /home/sunchangbao/test/github/codeCollectionTmp/build/CMakeFiles 
[ 84%] Built target dhcps
make -f src/Net/DNS/CMakeFiles/dnslib.dir/build.make src/Net/DNS/CMakeFiles/dnslib.dir/depend
make[2]: Entering directory `/home/sunchangbao/test/github/codeCollectionTmp/build'
cd /home/sunchangbao/test/github/codeCollectionTmp/build && /usr/bin/cmake -E cmake_depends "Unix Makefiles" /home/sunchangbao/test/github/codeCollectionTmp /home/sunchangbao/test/github/codeCollectionTmp/src/Net/DNS /home/sunchangbao/test/github/codeCollectionTmp/build /home/sunchangbao/test/github/codeCollectionTmp/build/src/Net/DNS /home/sunchangbao/test/github/codeCollectionTmp/build/src/Net/DNS/CMakeFiles/dnslib.dir/DependInfo.cmake --color=
make[2]: Leaving directory `/home/sunchangbao/test/github/codeCollectionTmp/build'
make -f src/Net/DNS/CMakeFiles/dnslib.dir/build.make src/Net/DNS/CMakeFiles/dnslib.dir/build
make[2]: Entering directory `/home/sunchangbao/test/github/codeCollectionTmp/build'
make[2]: Nothing to be done for `src/Net/DNS/CMakeFiles/dnslib.dir/build'.
make[2]: Leaving directory `/home/sunchangbao/test/github/codeCollectionTmp/build'
/usr/bin/cmake -E cmake_progress_report /home/sunchangbao/test/github/codeCollectionTmp/build/CMakeFiles  21
[ 85%] Built target dnslib
make -f src/Net/DNS/CMakeFiles/Test_dns.elf.dir/build.make src/Net/DNS/CMakeFiles/Test_dns.elf.dir/depend
make[2]: Entering directory `/home/sunchangbao/test/github/codeCollectionTmp/build'
cd /home/sunchangbao/test/github/codeCollectionTmp/build && /usr/bin/cmake -E cmake_depends "Unix Makefiles" /home/sunchangbao/test/github/codeCollectionTmp /home/sunchangbao/test/github/codeCollectionTmp/src/Net/DNS /home/sunchangbao/test/github/codeCollectionTmp/build /home/sunchangbao/test/github/codeCollectionTmp/build/src/Net/DNS /home/sunchangbao/test/github/codeCollectionTmp/build/src/Net/DNS/CMakeFiles/Test_dns.elf.dir/DependInfo.cmake --color=
make[2]: Leaving directory `/home/sunchangbao/test/github/codeCollectionTmp/build'
make -f src/Net/DNS/CMakeFiles/Test_dns.elf.dir/build.make src/Net/DNS/CMakeFiles/Test_dns.elf.dir/build
make[2]: Entering directory `/home/sunchangbao/test/github/codeCollectionTmp/build'
make[2]: Nothing to be done for `src/Net/DNS/CMakeFiles/Test_dns.elf.dir/build'.
make[2]: Leaving directory `/home/sunchangbao/test/github/codeCollectionTmp/build'
/usr/bin/cmake -E cmake_progress_report /home/sunchangbao/test/github/codeCollectionTmp/build/CMakeFiles 
[ 85%] Built target Test_dns.elf
make -f src/Net/DNS/CMakeFiles/dnss.dir/build.make src/Net/DNS/CMakeFiles/dnss.dir/depend
make[2]: Entering directory `/home/sunchangbao/test/github/codeCollectionTmp/build'
cd /home/sunchangbao/test/github/codeCollectionTmp/build && /usr/bin/cmake -E cmake_depends "Unix Makefiles" /home/sunchangbao/test/github/codeCollectionTmp /home/sunchangbao/test/github/codeCollectionTmp/src/Net/DNS /home/sunchangbao/test/github/codeCollectionTmp/build /home/sunchangbao/test/github/codeCollectionTmp/build/src/Net/DNS /home/sunchangbao/test/github/codeCollectionTmp/build/src/Net/DNS/CMakeFiles/dnss.dir/DependInfo.cmake --color=
make[2]: Leaving directory `/home/sunchangbao/test/github/codeCollectionTmp/build'
make -f src/Net/DNS/CMakeFiles/dnss.dir/build.make src/Net/DNS/CMakeFiles/dnss.dir/build
make[2]: Entering directory `/home/sunchangbao/test/github/codeCollectionTmp/build'
make[2]: Nothing to be done for `src/Net/DNS/CMakeFiles/dnss.dir/build'.
make[2]: Leaving directory `/home/sunchangbao/test/github/codeCollectionTmp/build'
/usr/bin/cmake -E cmake_progress_report /home/sunchangbao/test/github/codeCollectionTmp/build/CMakeFiles 
[ 85%] Built target dnss
make -f src/Net/FTPServer/CMakeFiles/ftpServerlib.dir/build.make src/Net/FTPServer/CMakeFiles/ftpServerlib.dir/depend
make[2]: Entering directory `/home/sunchangbao/test/github/codeCollectionTmp/build'
cd /home/sunchangbao/test/github/codeCollectionTmp/build && /usr/bin/cmake -E cmake_depends "Unix Makefiles" /home/sunchangbao/test/github/codeCollectionTmp /home/sunchangbao/test/github/codeCollectionTmp/src/Net/FTPServer /home/sunchangbao/test/github/codeCollectionTmp/build /home/sunchangbao/test/github/codeCollectionTmp/build/src/Net/FTPServer /home/sunchangbao/test/github/codeCollectionTmp/build/src/Net/FTPServer/CMakeFiles/ftpServerlib.dir/DependInfo.cmake --color=
make[2]: Leaving directory `/home/sunchangbao/test/github/codeCollectionTmp/build'
make -f src/Net/FTPServer/CMakeFiles/ftpServerlib.dir/build.make src/Net/FTPServer/CMakeFiles/ftpServerlib.dir/build
make[2]: Entering directory `/home/sunchangbao/test/github/codeCollectionTmp/build'
make[2]: Nothing to be done for `src/Net/FTPServer/CMakeFiles/ftpServerlib.dir/build'.
make[2]: Leaving directory `/home/sunchangbao/test/github/codeCollectionTmp/build'
/usr/bin/cmake -E cmake_progress_report /home/sunchangbao/test/github/codeCollectionTmp/build/CMakeFiles  22 23
[ 87%] Built target ftpServerlib
make -f src/Net/FTPServer/CMakeFiles/Test_ftpServer.elf.dir/build.make src/Net/FTPServer/CMakeFiles/Test_ftpServer.elf.dir/depend
make[2]: Entering directory `/home/sunchangbao/test/github/codeCollectionTmp/build'
cd /home/sunchangbao/test/github/codeCollectionTmp/build && /usr/bin/cmake -E cmake_depends "Unix Makefiles" /home/sunchangbao/test/github/codeCollectionTmp /home/sunchangbao/test/github/codeCollectionTmp/src/Net/FTPServer /home/sunchangbao/test/github/codeCollectionTmp/build /home/sunchangbao/test/github/codeCollectionTmp/build/src/Net/FTPServer /home/sunchangbao/test/github/codeCollectionTmp/build/src/Net/FTPServer/CMakeFiles/Test_ftpServer.elf.dir/DependInfo.cmake --color=
make[2]: Leaving directory `/home/sunchangbao/test/github/codeCollectionTmp/build'
make -f src/Net/FTPServer/CMakeFiles/Test_ftpServer.elf.dir/build.make src/Net/FTPServer/CMakeFiles/Test_ftpServer.elf.dir/build
make[2]: Entering directory `/home/sunchangbao/test/github/codeCollectionTmp/build'
make[2]: Nothing to be done for `src/Net/FTPServer/CMakeFiles/Test_ftpServer.elf.dir/build'.
make[2]: Leaving directory `/home/sunchangbao/test/github/codeCollectionTmp/build'
/usr/bin/cmake -E cmake_progress_report /home/sunchangbao/test/github/codeCollectionTmp/build/CMakeFiles 
[ 87%] Built target Test_ftpServer.elf
make -f src/Net/FTPServer/CMakeFiles/ftpServers.dir/build.make src/Net/FTPServer/CMakeFiles/ftpServers.dir/depend
make[2]: Entering directory `/home/sunchangbao/test/github/codeCollectionTmp/build'
cd /home/sunchangbao/test/github/codeCollectionTmp/build && /usr/bin/cmake -E cmake_depends "Unix Makefiles" /home/sunchangbao/test/github/codeCollectionTmp /home/sunchangbao/test/github/codeCollectionTmp/src/Net/FTPServer /home/sunchangbao/test/github/codeCollectionTmp/build /home/sunchangbao/test/github/codeCollectionTmp/build/src/Net/FTPServer /home/sunchangbao/test/github/codeCollectionTmp/build/src/Net/FTPServer/CMakeFiles/ftpServers.dir/DependInfo.cmake --color=
make[2]: Leaving directory `/home/sunchangbao/test/github/codeCollectionTmp/build'
make -f src/Net/FTPServer/CMakeFiles/ftpServers.dir/build.make src/Net/FTPServer/CMakeFiles/ftpServers.dir/build
make[2]: Entering directory `/home/sunchangbao/test/github/codeCollectionTmp/build'
make[2]: Nothing to be done for `src/Net/FTPServer/CMakeFiles/ftpServers.dir/build'.
make[2]: Leaving directory `/home/sunchangbao/test/github/codeCollectionTmp/build'
/usr/bin/cmake -E cmake_progress_report /home/sunchangbao/test/github/codeCollectionTmp/build/CMakeFiles  24
[ 88%] Built target ftpServers
make -f src/Net/SNTP/CMakeFiles/sntplib.dir/build.make src/Net/SNTP/CMakeFiles/sntplib.dir/depend
make[2]: Entering directory `/home/sunchangbao/test/github/codeCollectionTmp/build'
cd /home/sunchangbao/test/github/codeCollectionTmp/build && /usr/bin/cmake -E cmake_depends "Unix Makefiles" /home/sunchangbao/test/github/codeCollectionTmp /home/sunchangbao/test/github/codeCollectionTmp/src/Net/SNTP /home/sunchangbao/test/github/codeCollectionTmp/build /home/sunchangbao/test/github/codeCollectionTmp/build/src/Net/SNTP /home/sunchangbao/test/github/codeCollectionTmp/build/src/Net/SNTP/CMakeFiles/sntplib.dir/DependInfo.cmake --color=
make[2]: Leaving directory `/home/sunchangbao/test/github/codeCollectionTmp/build'
make -f src/Net/SNTP/CMakeFiles/sntplib.dir/build.make src/Net/SNTP/CMakeFiles/sntplib.dir/build
make[2]: Entering directory `/home/sunchangbao/test/github/codeCollectionTmp/build'
make[2]: Nothing to be done for `src/Net/SNTP/CMakeFiles/sntplib.dir/build'.
make[2]: Leaving directory `/home/sunchangbao/test/github/codeCollectionTmp/build'
/usr/bin/cmake -E cmake_progress_report /home/sunchangbao/test/github/codeCollectionTmp/build/CMakeFiles 
[ 88%] Built target sntplib
make -f src/Net/SNTP/CMakeFiles/Test_sntp.elf.dir/build.make src/Net/SNTP/CMakeFiles/Test_sntp.elf.dir/depend
make[2]: Entering directory `/home/sunchangbao/test/github/codeCollectionTmp/build'
cd /home/sunchangbao/test/github/codeCollectionTmp/build && /usr/bin/cmake -E cmake_depends "Unix Makefiles" /home/sunchangbao/test/github/codeCollectionTmp /home/sunchangbao/test/github/codeCollectionTmp/src/Net/SNTP /home/sunchangbao/test/github/codeCollectionTmp/build /home/sunchangbao/test/github/codeCollectionTmp/build/src/Net/SNTP /home/sunchangbao/test/github/codeCollectionTmp/build/src/Net/SNTP/CMakeFiles/Test_sntp.elf.dir/DependInfo.cmake --color=
make[2]: Leaving directory `/home/sunchangbao/test/github/codeCollectionTmp/build'
make -f src/Net/SNTP/CMakeFiles/Test_sntp.elf.dir/build.make src/Net/SNTP/CMakeFiles/Test_sntp.elf.dir/build
make[2]: Entering directory `/home/sunchangbao/test/github/codeCollectionTmp/build'
make[2]: Nothing to be done for `src/Net/SNTP/CMakeFiles/Test_sntp.elf.dir/build'.
make[2]: Leaving directory `/home/sunchangbao/test/github/codeCollectionTmp/build'
/usr/bin/cmake -E cmake_progress_report /home/sunchangbao/test/github/codeCollectionTmp/build/CMakeFiles  10
[ 89%] Built target Test_sntp.elf
make -f src/Net/SNTP/CMakeFiles/sntps.dir/build.make src/Net/SNTP/CMakeFiles/sntps.dir/depend
make[2]: Entering directory `/home/sunchangbao/test/github/codeCollectionTmp/build'
cd /home/sunchangbao/test/github/codeCollectionTmp/build && /usr/bin/cmake -E cmake_depends "Unix Makefiles" /home/sunchangbao/test/github/codeCollectionTmp /home/sunchangbao/test/github/codeCollectionTmp/src/Net/SNTP /home/sunchangbao/test/github/codeCollectionTmp/build /home/sunchangbao/test/github/codeCollectionTmp/build/src/Net/SNTP /home/sunchangbao/test/github/codeCollectionTmp/build/src/Net/SNTP/CMakeFiles/sntps.dir/DependInfo.cmake --color=
make[2]: Leaving directory `/home/sunchangbao/test/github/codeCollectionTmp/build'
make -f src/Net/SNTP/CMakeFiles/sntps.dir/build.make src/Net/SNTP/CMakeFiles/sntps.dir/build
make[2]: Entering directory `/home/sunchangbao/test/github/codeCollectionTmp/build'
make[2]: Nothing to be done for `src/Net/SNTP/CMakeFiles/sntps.dir/build'.
make[2]: Leaving directory `/home/sunchangbao/test/github/codeCollectionTmp/build'
/usr/bin/cmake -E cmake_progress_report /home/sunchangbao/test/github/codeCollectionTmp/build/CMakeFiles 
[ 89%] Built target sntps
make -f src/Net/SNTPlib/CMakeFiles/sntpliblib.dir/build.make src/Net/SNTPlib/CMakeFiles/sntpliblib.dir/depend
make[2]: Entering directory `/home/sunchangbao/test/github/codeCollectionTmp/build'
cd /home/sunchangbao/test/github/codeCollectionTmp/build && /usr/bin/cmake -E cmake_depends "Unix Makefiles" /home/sunchangbao/test/github/codeCollectionTmp /home/sunchangbao/test/github/codeCollectionTmp/src/Net/SNTPlib /home/sunchangbao/test/github/codeCollectionTmp/build /home/sunchangbao/test/github/codeCollectionTmp/build/src/Net/SNTPlib /home/sunchangbao/test/github/codeCollectionTmp/build/src/Net/SNTPlib/CMakeFiles/sntpliblib.dir/DependInfo.cmake --color=
make[2]: Leaving directory `/home/sunchangbao/test/github/codeCollectionTmp/build'
make -f src/Net/SNTPlib/CMakeFiles/sntpliblib.dir/build.make src/Net/SNTPlib/CMakeFiles/sntpliblib.dir/build
make[2]: Entering directory `/home/sunchangbao/test/github/codeCollectionTmp/build'
make[2]: Nothing to be done for `src/Net/SNTPlib/CMakeFiles/sntpliblib.dir/build'.
make[2]: Leaving directory `/home/sunchangbao/test/github/codeCollectionTmp/build'
/usr/bin/cmake -E cmake_progress_report /home/sunchangbao/test/github/codeCollectionTmp/build/CMakeFiles 
[ 89%] Built target sntpliblib
make -f src/Net/SNTPlib/CMakeFiles/Test_sntplib.elf.dir/build.make src/Net/SNTPlib/CMakeFiles/Test_sntplib.elf.dir/depend
make[2]: Entering directory `/home/sunchangbao/test/github/codeCollectionTmp/build'
cd /home/sunchangbao/test/github/codeCollectionTmp/build && /usr/bin/cmake -E cmake_depends "Unix Makefiles" /home/sunchangbao/test/github/codeCollectionTmp /home/sunchangbao/test/github/codeCollectionTmp/src/Net/SNTPlib /home/sunchangbao/test/github/codeCollectionTmp/build /home/sunchangbao/test/github/codeCollectionTmp/build/src/Net/SNTPlib /home/sunchangbao/test/github/codeCollectionTmp/build/src/Net/SNTPlib/CMakeFiles/Test_sntplib.elf.dir/DependInfo.cmake --color=
make[2]: Leaving directory `/home/sunchangbao/test/github/codeCollectionTmp/build'
make -f src/Net/SNTPlib/CMakeFiles/Test_sntplib.elf.dir/build.make src/Net/SNTPlib/CMakeFiles/Test_sntplib.elf.dir/build
make[2]: Entering directory `/home/sunchangbao/test/github/codeCollectionTmp/build'
make[2]: Nothing to be done for `src/Net/SNTPlib/CMakeFiles/Test_sntplib.elf.dir/build'.
make[2]: Leaving directory `/home/sunchangbao/test/github/codeCollectionTmp/build'
/usr/bin/cmake -E cmake_progress_report /home/sunchangbao/test/github/codeCollectionTmp/build/CMakeFiles 
[ 89%] Built target Test_sntplib.elf
make -f src/Net/SNTPlib/CMakeFiles/sntplibs.dir/build.make src/Net/SNTPlib/CMakeFiles/sntplibs.dir/depend
make[2]: Entering directory `/home/sunchangbao/test/github/codeCollectionTmp/build'
cd /home/sunchangbao/test/github/codeCollectionTmp/build && /usr/bin/cmake -E cmake_depends "Unix Makefiles" /home/sunchangbao/test/github/codeCollectionTmp /home/sunchangbao/test/github/codeCollectionTmp/src/Net/SNTPlib /home/sunchangbao/test/github/codeCollectionTmp/build /home/sunchangbao/test/github/codeCollectionTmp/build/src/Net/SNTPlib /home/sunchangbao/test/github/codeCollectionTmp/build/src/Net/SNTPlib/CMakeFiles/sntplibs.dir/DependInfo.cmake --color=
make[2]: Leaving directory `/home/sunchangbao/test/github/codeCollectionTmp/build'
make -f src/Net/SNTPlib/CMakeFiles/sntplibs.dir/build.make src/Net/SNTPlib/CMakeFiles/sntplibs.dir/build
make[2]: Entering directory `/home/sunchangbao/test/github/codeCollectionTmp/build'
make[2]: Nothing to be done for `src/Net/SNTPlib/CMakeFiles/sntplibs.dir/build'.
make[2]: Leaving directory `/home/sunchangbao/test/github/codeCollectionTmp/build'
/usr/bin/cmake -E cmake_progress_report /home/sunchangbao/test/github/codeCollectionTmp/build/CMakeFiles  93
[ 90%] Built target sntplibs
make -f src/Net/TinyAdns/CMakeFiles/tinyadnslib.dir/build.make src/Net/TinyAdns/CMakeFiles/tinyadnslib.dir/depend
make[2]: Entering directory `/home/sunchangbao/test/github/codeCollectionTmp/build'
cd /home/sunchangbao/test/github/codeCollectionTmp/build && /usr/bin/cmake -E cmake_depends "Unix Makefiles" /home/sunchangbao/test/github/codeCollectionTmp /home/sunchangbao/test/github/codeCollectionTmp/src/Net/TinyAdns /home/sunchangbao/test/github/codeCollectionTmp/build /home/sunchangbao/test/github/codeCollectionTmp/build/src/Net/TinyAdns /home/sunchangbao/test/github/codeCollectionTmp/build/src/Net/TinyAdns/CMakeFiles/tinyadnslib.dir/DependInfo.cmake --color=
make[2]: Leaving directory `/home/sunchangbao/test/github/codeCollectionTmp/build'
make -f src/Net/TinyAdns/CMakeFiles/tinyadnslib.dir/build.make src/Net/TinyAdns/CMakeFiles/tinyadnslib.dir/build
make[2]: Entering directory `/home/sunchangbao/test/github/codeCollectionTmp/build'
make[2]: Nothing to be done for `src/Net/TinyAdns/CMakeFiles/tinyadnslib.dir/build'.
make[2]: Leaving directory `/home/sunchangbao/test/github/codeCollectionTmp/build'
/usr/bin/cmake -E cmake_progress_report /home/sunchangbao/test/github/codeCollectionTmp/build/CMakeFiles 
[ 90%] Built target tinyadnslib
make -f src/Net/TinyAdns/CMakeFiles/Test_tinyadns.elf.dir/build.make src/Net/TinyAdns/CMakeFiles/Test_tinyadns.elf.dir/depend
make[2]: Entering directory `/home/sunchangbao/test/github/codeCollectionTmp/build'
cd /home/sunchangbao/test/github/codeCollectionTmp/build && /usr/bin/cmake -E cmake_depends "Unix Makefiles" /home/sunchangbao/test/github/codeCollectionTmp /home/sunchangbao/test/github/codeCollectionTmp/src/Net/TinyAdns /home/sunchangbao/test/github/codeCollectionTmp/build /home/sunchangbao/test/github/codeCollectionTmp/build/src/Net/TinyAdns /home/sunchangbao/test/github/codeCollectionTmp/build/src/Net/TinyAdns/CMakeFiles/Test_tinyadns.elf.dir/DependInfo.cmake --color=
make[2]: Leaving directory `/home/sunchangbao/test/github/codeCollectionTmp/build'
make -f src/Net/TinyAdns/CMakeFiles/Test_tinyadns.elf.dir/build.make src/Net/TinyAdns/CMakeFiles/Test_tinyadns.elf.dir/build
make[2]: Entering directory `/home/sunchangbao/test/github/codeCollectionTmp/build'
make[2]: Nothing to be done for `src/Net/TinyAdns/CMakeFiles/Test_tinyadns.elf.dir/build'.
make[2]: Leaving directory `/home/sunchangbao/test/github/codeCollectionTmp/build'
/usr/bin/cmake -E cmake_progress_report /home/sunchangbao/test/github/codeCollectionTmp/build/CMakeFiles 
[ 90%] Built target Test_tinyadns.elf
make -f src/Net/TinyAdns/CMakeFiles/tinyadnss.dir/build.make src/Net/TinyAdns/CMakeFiles/tinyadnss.dir/depend
make[2]: Entering directory `/home/sunchangbao/test/github/codeCollectionTmp/build'
cd /home/sunchangbao/test/github/codeCollectionTmp/build && /usr/bin/cmake -E cmake_depends "Unix Makefiles" /home/sunchangbao/test/github/codeCollectionTmp /home/sunchangbao/test/github/codeCollectionTmp/src/Net/TinyAdns /home/sunchangbao/test/github/codeCollectionTmp/build /home/sunchangbao/test/github/codeCollectionTmp/build/src/Net/TinyAdns /home/sunchangbao/test/github/codeCollectionTmp/build/src/Net/TinyAdns/CMakeFiles/tinyadnss.dir/DependInfo.cmake --color=
make[2]: Leaving directory `/home/sunchangbao/test/github/codeCollectionTmp/build'
make -f src/Net/TinyAdns/CMakeFiles/tinyadnss.dir/build.make src/Net/TinyAdns/CMakeFiles/tinyadnss.dir/build
make[2]: Entering directory `/home/sunchangbao/test/github/codeCollectionTmp/build'
make[2]: Nothing to be done for `src/Net/TinyAdns/CMakeFiles/tinyadnss.dir/build'.
make[2]: Leaving directory `/home/sunchangbao/test/github/codeCollectionTmp/build'
/usr/bin/cmake -E cmake_progress_report /home/sunchangbao/test/github/codeCollectionTmp/build/CMakeFiles  96
[ 91%] Built target tinyadnss
make -f src/Net/TinyHttpd/CMakeFiles/tinyhttpdlib.dir/build.make src/Net/TinyHttpd/CMakeFiles/tinyhttpdlib.dir/depend
make[2]: Entering directory `/home/sunchangbao/test/github/codeCollectionTmp/build'
cd /home/sunchangbao/test/github/codeCollectionTmp/build && /usr/bin/cmake -E cmake_depends "Unix Makefiles" /home/sunchangbao/test/github/codeCollectionTmp /home/sunchangbao/test/github/codeCollectionTmp/src/Net/TinyHttpd /home/sunchangbao/test/github/codeCollectionTmp/build /home/sunchangbao/test/github/codeCollectionTmp/build/src/Net/TinyHttpd /home/sunchangbao/test/github/codeCollectionTmp/build/src/Net/TinyHttpd/CMakeFiles/tinyhttpdlib.dir/DependInfo.cmake --color=
make[2]: Leaving directory `/home/sunchangbao/test/github/codeCollectionTmp/build'
make -f src/Net/TinyHttpd/CMakeFiles/tinyhttpdlib.dir/build.make src/Net/TinyHttpd/CMakeFiles/tinyhttpdlib.dir/build
make[2]: Entering directory `/home/sunchangbao/test/github/codeCollectionTmp/build'
make[2]: Nothing to be done for `src/Net/TinyHttpd/CMakeFiles/tinyhttpdlib.dir/build'.
make[2]: Leaving directory `/home/sunchangbao/test/github/codeCollectionTmp/build'
/usr/bin/cmake -E cmake_progress_report /home/sunchangbao/test/github/codeCollectionTmp/build/CMakeFiles 
[ 91%] Built target tinyhttpdlib
make -f src/Net/TinyHttpd/CMakeFiles/Test_tinyhttpd.elf.dir/build.make src/Net/TinyHttpd/CMakeFiles/Test_tinyhttpd.elf.dir/depend
make[2]: Entering directory `/home/sunchangbao/test/github/codeCollectionTmp/build'
cd /home/sunchangbao/test/github/codeCollectionTmp/build && /usr/bin/cmake -E cmake_depends "Unix Makefiles" /home/sunchangbao/test/github/codeCollectionTmp /home/sunchangbao/test/github/codeCollectionTmp/src/Net/TinyHttpd /home/sunchangbao/test/github/codeCollectionTmp/build /home/sunchangbao/test/github/codeCollectionTmp/build/src/Net/TinyHttpd /home/sunchangbao/test/github/codeCollectionTmp/build/src/Net/TinyHttpd/CMakeFiles/Test_tinyhttpd.elf.dir/DependInfo.cmake --color=
make[2]: Leaving directory `/home/sunchangbao/test/github/codeCollectionTmp/build'
make -f src/Net/TinyHttpd/CMakeFiles/Test_tinyhttpd.elf.dir/build.make src/Net/TinyHttpd/CMakeFiles/Test_tinyhttpd.elf.dir/build
make[2]: Entering directory `/home/sunchangbao/test/github/codeCollectionTmp/build'
make[2]: Nothing to be done for `src/Net/TinyHttpd/CMakeFiles/Test_tinyhttpd.elf.dir/build'.
make[2]: Leaving directory `/home/sunchangbao/test/github/codeCollectionTmp/build'
/usr/bin/cmake -E cmake_progress_report /home/sunchangbao/test/github/codeCollectionTmp/build/CMakeFiles  12
[ 92%] Built target Test_tinyhttpd.elf
make -f src/Net/TinyHttpd/CMakeFiles/tinyhttpds.dir/build.make src/Net/TinyHttpd/CMakeFiles/tinyhttpds.dir/depend
make[2]: Entering directory `/home/sunchangbao/test/github/codeCollectionTmp/build'
cd /home/sunchangbao/test/github/codeCollectionTmp/build && /usr/bin/cmake -E cmake_depends "Unix Makefiles" /home/sunchangbao/test/github/codeCollectionTmp /home/sunchangbao/test/github/codeCollectionTmp/src/Net/TinyHttpd /home/sunchangbao/test/github/codeCollectionTmp/build /home/sunchangbao/test/github/codeCollectionTmp/build/src/Net/TinyHttpd /home/sunchangbao/test/github/codeCollectionTmp/build/src/Net/TinyHttpd/CMakeFiles/tinyhttpds.dir/DependInfo.cmake --color=
make[2]: Leaving directory `/home/sunchangbao/test/github/codeCollectionTmp/build'
make -f src/Net/TinyHttpd/CMakeFiles/tinyhttpds.dir/build.make src/Net/TinyHttpd/CMakeFiles/tinyhttpds.dir/build
make[2]: Entering directory `/home/sunchangbao/test/github/codeCollectionTmp/build'
make[2]: Nothing to be done for `src/Net/TinyHttpd/CMakeFiles/tinyhttpds.dir/build'.
make[2]: Leaving directory `/home/sunchangbao/test/github/codeCollectionTmp/build'
/usr/bin/cmake -E cmake_progress_report /home/sunchangbao/test/github/codeCollectionTmp/build/CMakeFiles 
[ 92%] Built target tinyhttpds
make -f src/Net/TinyTCP/CMakeFiles/tinytcplib.dir/build.make src/Net/TinyTCP/CMakeFiles/tinytcplib.dir/depend
make[2]: Entering directory `/home/sunchangbao/test/github/codeCollectionTmp/build'
cd /home/sunchangbao/test/github/codeCollectionTmp/build && /usr/bin/cmake -E cmake_depends "Unix Makefiles" /home/sunchangbao/test/github/codeCollectionTmp /home/sunchangbao/test/github/codeCollectionTmp/src/Net/TinyTCP /home/sunchangbao/test/github/codeCollectionTmp/build /home/sunchangbao/test/github/codeCollectionTmp/build/src/Net/TinyTCP /home/sunchangbao/test/github/codeCollectionTmp/build/src/Net/TinyTCP/CMakeFiles/tinytcplib.dir/DependInfo.cmake --color=
make[2]: Leaving directory `/home/sunchangbao/test/github/codeCollectionTmp/build'
make -f src/Net/TinyTCP/CMakeFiles/tinytcplib.dir/build.make src/Net/TinyTCP/CMakeFiles/tinytcplib.dir/build
make[2]: Entering directory `/home/sunchangbao/test/github/codeCollectionTmp/build'
make[2]: Nothing to be done for `src/Net/TinyTCP/CMakeFiles/tinytcplib.dir/build'.
make[2]: Leaving directory `/home/sunchangbao/test/github/codeCollectionTmp/build'
/usr/bin/cmake -E cmake_progress_report /home/sunchangbao/test/github/codeCollectionTmp/build/CMakeFiles 
[ 92%] Built target tinytcplib
make -f src/Net/TinyTCP/CMakeFiles/Test_tinytcp.elf.dir/build.make src/Net/TinyTCP/CMakeFiles/Test_tinytcp.elf.dir/depend
make[2]: Entering directory `/home/sunchangbao/test/github/codeCollectionTmp/build'
cd /home/sunchangbao/test/github/codeCollectionTmp/build && /usr/bin/cmake -E cmake_depends "Unix Makefiles" /home/sunchangbao/test/github/codeCollectionTmp /home/sunchangbao/test/github/codeCollectionTmp/src/Net/TinyTCP /home/sunchangbao/test/github/codeCollectionTmp/build /home/sunchangbao/test/github/codeCollectionTmp/build/src/Net/TinyTCP /home/sunchangbao/test/github/codeCollectionTmp/build/src/Net/TinyTCP/CMakeFiles/Test_tinytcp.elf.dir/DependInfo.cmake --color=
make[2]: Leaving directory `/home/sunchangbao/test/github/codeCollectionTmp/build'
make -f src/Net/TinyTCP/CMakeFiles/Test_tinytcp.elf.dir/build.make src/Net/TinyTCP/CMakeFiles/Test_tinytcp.elf.dir/build
make[2]: Entering directory `/home/sunchangbao/test/github/codeCollectionTmp/build'
make[2]: Nothing to be done for `src/Net/TinyTCP/CMakeFiles/Test_tinytcp.elf.dir/build'.
make[2]: Leaving directory `/home/sunchangbao/test/github/codeCollectionTmp/build'
/usr/bin/cmake -E cmake_progress_report /home/sunchangbao/test/github/codeCollectionTmp/build/CMakeFiles 
[ 92%] Built target Test_tinytcp.elf
make -f src/Net/TinyTCP/CMakeFiles/tinytcps.dir/build.make src/Net/TinyTCP/CMakeFiles/tinytcps.dir/depend
make[2]: Entering directory `/home/sunchangbao/test/github/codeCollectionTmp/build'
cd /home/sunchangbao/test/github/codeCollectionTmp/build && /usr/bin/cmake -E cmake_depends "Unix Makefiles" /home/sunchangbao/test/github/codeCollectionTmp /home/sunchangbao/test/github/codeCollectionTmp/src/Net/TinyTCP /home/sunchangbao/test/github/codeCollectionTmp/build /home/sunchangbao/test/github/codeCollectionTmp/build/src/Net/TinyTCP /home/sunchangbao/test/github/codeCollectionTmp/build/src/Net/TinyTCP/CMakeFiles/tinytcps.dir/DependInfo.cmake --color=
make[2]: Leaving directory `/home/sunchangbao/test/github/codeCollectionTmp/build'
make -f src/Net/TinyTCP/CMakeFiles/tinytcps.dir/build.make src/Net/TinyTCP/CMakeFiles/tinytcps.dir/build
make[2]: Entering directory `/home/sunchangbao/test/github/codeCollectionTmp/build'
make[2]: Nothing to be done for `src/Net/TinyTCP/CMakeFiles/tinytcps.dir/build'.
make[2]: Leaving directory `/home/sunchangbao/test/github/codeCollectionTmp/build'
/usr/bin/cmake -E cmake_progress_report /home/sunchangbao/test/github/codeCollectionTmp/build/CMakeFiles  98
[ 93%] Built target tinytcps
make -f src/OwnCode/HttpFetcher/CMakeFiles/httpFetcherlib.dir/build.make src/OwnCode/HttpFetcher/CMakeFiles/httpFetcherlib.dir/depend
make[2]: Entering directory `/home/sunchangbao/test/github/codeCollectionTmp/build'
cd /home/sunchangbao/test/github/codeCollectionTmp/build && /usr/bin/cmake -E cmake_depends "Unix Makefiles" /home/sunchangbao/test/github/codeCollectionTmp /home/sunchangbao/test/github/codeCollectionTmp/src/OwnCode/HttpFetcher /home/sunchangbao/test/github/codeCollectionTmp/build /home/sunchangbao/test/github/codeCollectionTmp/build/src/OwnCode/HttpFetcher /home/sunchangbao/test/github/codeCollectionTmp/build/src/OwnCode/HttpFetcher/CMakeFiles/httpFetcherlib.dir/DependInfo.cmake --color=
make[2]: Leaving directory `/home/sunchangbao/test/github/codeCollectionTmp/build'
make -f src/OwnCode/HttpFetcher/CMakeFiles/httpFetcherlib.dir/build.make src/OwnCode/HttpFetcher/CMakeFiles/httpFetcherlib.dir/build
make[2]: Entering directory `/home/sunchangbao/test/github/codeCollectionTmp/build'
make[2]: Nothing to be done for `src/OwnCode/HttpFetcher/CMakeFiles/httpFetcherlib.dir/build'.
make[2]: Leaving directory `/home/sunchangbao/test/github/codeCollectionTmp/build'
/usr/bin/cmake -E cmake_progress_report /home/sunchangbao/test/github/codeCollectionTmp/build/CMakeFiles 
[ 93%] Built target httpFetcherlib
make -f src/OwnCode/HttpFetcher/CMakeFiles/Test_httpFetcher.elf.dir/build.make src/OwnCode/HttpFetcher/CMakeFiles/Test_httpFetcher.elf.dir/depend
make[2]: Entering directory `/home/sunchangbao/test/github/codeCollectionTmp/build'
cd /home/sunchangbao/test/github/codeCollectionTmp/build && /usr/bin/cmake -E cmake_depends "Unix Makefiles" /home/sunchangbao/test/github/codeCollectionTmp /home/sunchangbao/test/github/codeCollectionTmp/src/OwnCode/HttpFetcher /home/sunchangbao/test/github/codeCollectionTmp/build /home/sunchangbao/test/github/codeCollectionTmp/build/src/OwnCode/HttpFetcher /home/sunchangbao/test/github/codeCollectionTmp/build/src/OwnCode/HttpFetcher/CMakeFiles/Test_httpFetcher.elf.dir/DependInfo.cmake --color=
make[2]: Leaving directory `/home/sunchangbao/test/github/codeCollectionTmp/build'
make -f src/OwnCode/HttpFetcher/CMakeFiles/Test_httpFetcher.elf.dir/build.make src/OwnCode/HttpFetcher/CMakeFiles/Test_httpFetcher.elf.dir/build
make[2]: Entering directory `/home/sunchangbao/test/github/codeCollectionTmp/build'
make[2]: Nothing to be done for `src/OwnCode/HttpFetcher/CMakeFiles/Test_httpFetcher.elf.dir/build'.
make[2]: Leaving directory `/home/sunchangbao/test/github/codeCollectionTmp/build'
/usr/bin/cmake -E cmake_progress_report /home/sunchangbao/test/github/codeCollectionTmp/build/CMakeFiles 
[ 93%] Built target Test_httpFetcher.elf
make -f src/OwnCode/HttpFetcher/CMakeFiles/httpFetchers.dir/build.make src/OwnCode/HttpFetcher/CMakeFiles/httpFetchers.dir/depend
make[2]: Entering directory `/home/sunchangbao/test/github/codeCollectionTmp/build'
cd /home/sunchangbao/test/github/codeCollectionTmp/build && /usr/bin/cmake -E cmake_depends "Unix Makefiles" /home/sunchangbao/test/github/codeCollectionTmp /home/sunchangbao/test/github/codeCollectionTmp/src/OwnCode/HttpFetcher /home/sunchangbao/test/github/codeCollectionTmp/build /home/sunchangbao/test/github/codeCollectionTmp/build/src/OwnCode/HttpFetcher /home/sunchangbao/test/github/codeCollectionTmp/build/src/OwnCode/HttpFetcher/CMakeFiles/httpFetchers.dir/DependInfo.cmake --color=
make[2]: Leaving directory `/home/sunchangbao/test/github/codeCollectionTmp/build'
make -f src/OwnCode/HttpFetcher/CMakeFiles/httpFetchers.dir/build.make src/OwnCode/HttpFetcher/CMakeFiles/httpFetchers.dir/build
make[2]: Entering directory `/home/sunchangbao/test/github/codeCollectionTmp/build'
make[2]: Nothing to be done for `src/OwnCode/HttpFetcher/CMakeFiles/httpFetchers.dir/build'.
make[2]: Leaving directory `/home/sunchangbao/test/github/codeCollectionTmp/build'
/usr/bin/cmake -E cmake_progress_report /home/sunchangbao/test/github/codeCollectionTmp/build/CMakeFiles 
[ 93%] Built target httpFetchers
make -f src/OwnCode/LogC/CMakeFiles/logclib.dir/build.make src/OwnCode/LogC/CMakeFiles/logclib.dir/depend
make[2]: Entering directory `/home/sunchangbao/test/github/codeCollectionTmp/build'
cd /home/sunchangbao/test/github/codeCollectionTmp/build && /usr/bin/cmake -E cmake_depends "Unix Makefiles" /home/sunchangbao/test/github/codeCollectionTmp /home/sunchangbao/test/github/codeCollectionTmp/src/OwnCode/LogC /home/sunchangbao/test/github/codeCollectionTmp/build /home/sunchangbao/test/github/codeCollectionTmp/build/src/OwnCode/LogC /home/sunchangbao/test/github/codeCollectionTmp/build/src/OwnCode/LogC/CMakeFiles/logclib.dir/DependInfo.cmake --color=
make[2]: Leaving directory `/home/sunchangbao/test/github/codeCollectionTmp/build'
make -f src/OwnCode/LogC/CMakeFiles/logclib.dir/build.make src/OwnCode/LogC/CMakeFiles/logclib.dir/build
make[2]: Entering directory `/home/sunchangbao/test/github/codeCollectionTmp/build'
make[2]: Nothing to be done for `src/OwnCode/LogC/CMakeFiles/logclib.dir/build'.
make[2]: Leaving directory `/home/sunchangbao/test/github/codeCollectionTmp/build'
/usr/bin/cmake -E cmake_progress_report /home/sunchangbao/test/github/codeCollectionTmp/build/CMakeFiles  86
[ 94%] Built target logclib
make -f src/OwnCode/LogC/CMakeFiles/Test_logc.elf.dir/build.make src/OwnCode/LogC/CMakeFiles/Test_logc.elf.dir/depend
make[2]: Entering directory `/home/sunchangbao/test/github/codeCollectionTmp/build'
cd /home/sunchangbao/test/github/codeCollectionTmp/build && /usr/bin/cmake -E cmake_depends "Unix Makefiles" /home/sunchangbao/test/github/codeCollectionTmp /home/sunchangbao/test/github/codeCollectionTmp/src/OwnCode/LogC /home/sunchangbao/test/github/codeCollectionTmp/build /home/sunchangbao/test/github/codeCollectionTmp/build/src/OwnCode/LogC /home/sunchangbao/test/github/codeCollectionTmp/build/src/OwnCode/LogC/CMakeFiles/Test_logc.elf.dir/DependInfo.cmake --color=
make[2]: Leaving directory `/home/sunchangbao/test/github/codeCollectionTmp/build'
make -f src/OwnCode/LogC/CMakeFiles/Test_logc.elf.dir/build.make src/OwnCode/LogC/CMakeFiles/Test_logc.elf.dir/build
make[2]: Entering directory `/home/sunchangbao/test/github/codeCollectionTmp/build'
make[2]: Nothing to be done for `src/OwnCode/LogC/CMakeFiles/Test_logc.elf.dir/build'.
make[2]: Leaving directory `/home/sunchangbao/test/github/codeCollectionTmp/build'
/usr/bin/cmake -E cmake_progress_report /home/sunchangbao/test/github/codeCollectionTmp/build/CMakeFiles 
[ 94%] Built target Test_logc.elf
make -f src/OwnCode/LogC/CMakeFiles/logcs.dir/build.make src/OwnCode/LogC/CMakeFiles/logcs.dir/depend
make[2]: Entering directory `/home/sunchangbao/test/github/codeCollectionTmp/build'
cd /home/sunchangbao/test/github/codeCollectionTmp/build && /usr/bin/cmake -E cmake_depends "Unix Makefiles" /home/sunchangbao/test/github/codeCollectionTmp /home/sunchangbao/test/github/codeCollectionTmp/src/OwnCode/LogC /home/sunchangbao/test/github/codeCollectionTmp/build /home/sunchangbao/test/github/codeCollectionTmp/build/src/OwnCode/LogC /home/sunchangbao/test/github/codeCollectionTmp/build/src/OwnCode/LogC/CMakeFiles/logcs.dir/DependInfo.cmake --color=
make[2]: Leaving directory `/home/sunchangbao/test/github/codeCollectionTmp/build'
make -f src/OwnCode/LogC/CMakeFiles/logcs.dir/build.make src/OwnCode/LogC/CMakeFiles/logcs.dir/build
make[2]: Entering directory `/home/sunchangbao/test/github/codeCollectionTmp/build'
make[2]: Nothing to be done for `src/OwnCode/LogC/CMakeFiles/logcs.dir/build'.
make[2]: Leaving directory `/home/sunchangbao/test/github/codeCollectionTmp/build'
/usr/bin/cmake -E cmake_progress_report /home/sunchangbao/test/github/codeCollectionTmp/build/CMakeFiles 
[ 94%] Built target logcs
make -f src/OwnCode/pCap/CMakeFiles/pCaplib.dir/build.make src/OwnCode/pCap/CMakeFiles/pCaplib.dir/depend
make[2]: Entering directory `/home/sunchangbao/test/github/codeCollectionTmp/build'
cd /home/sunchangbao/test/github/codeCollectionTmp/build && /usr/bin/cmake -E cmake_depends "Unix Makefiles" /home/sunchangbao/test/github/codeCollectionTmp /home/sunchangbao/test/github/codeCollectionTmp/src/OwnCode/pCap /home/sunchangbao/test/github/codeCollectionTmp/build /home/sunchangbao/test/github/codeCollectionTmp/build/src/OwnCode/pCap /home/sunchangbao/test/github/codeCollectionTmp/build/src/OwnCode/pCap/CMakeFiles/pCaplib.dir/DependInfo.cmake --color=
make[2]: Leaving directory `/home/sunchangbao/test/github/codeCollectionTmp/build'
make -f src/OwnCode/pCap/CMakeFiles/pCaplib.dir/build.make src/OwnCode/pCap/CMakeFiles/pCaplib.dir/build
make[2]: Entering directory `/home/sunchangbao/test/github/codeCollectionTmp/build'
make[2]: Nothing to be done for `src/OwnCode/pCap/CMakeFiles/pCaplib.dir/build'.
make[2]: Leaving directory `/home/sunchangbao/test/github/codeCollectionTmp/build'
/usr/bin/cmake -E cmake_progress_report /home/sunchangbao/test/github/codeCollectionTmp/build/CMakeFiles 
[ 94%] Built target pCaplib
make -f src/OwnCode/pCap/CMakeFiles/Test_pCap.elf.dir/build.make src/OwnCode/pCap/CMakeFiles/Test_pCap.elf.dir/depend
make[2]: Entering directory `/home/sunchangbao/test/github/codeCollectionTmp/build'
cd /home/sunchangbao/test/github/codeCollectionTmp/build && /usr/bin/cmake -E cmake_depends "Unix Makefiles" /home/sunchangbao/test/github/codeCollectionTmp /home/sunchangbao/test/github/codeCollectionTmp/src/OwnCode/pCap /home/sunchangbao/test/github/codeCollectionTmp/build /home/sunchangbao/test/github/codeCollectionTmp/build/src/OwnCode/pCap /home/sunchangbao/test/github/codeCollectionTmp/build/src/OwnCode/pCap/CMakeFiles/Test_pCap.elf.dir/DependInfo.cmake --color=
make[2]: Leaving directory `/home/sunchangbao/test/github/codeCollectionTmp/build'
make -f src/OwnCode/pCap/CMakeFiles/Test_pCap.elf.dir/build.make src/OwnCode/pCap/CMakeFiles/Test_pCap.elf.dir/build
make[2]: Entering directory `/home/sunchangbao/test/github/codeCollectionTmp/build'
make[2]: Nothing to be done for `src/OwnCode/pCap/CMakeFiles/Test_pCap.elf.dir/build'.
make[2]: Leaving directory `/home/sunchangbao/test/github/codeCollectionTmp/build'
/usr/bin/cmake -E cmake_progress_report /home/sunchangbao/test/github/codeCollectionTmp/build/CMakeFiles 
[ 94%] Built target Test_pCap.elf
make -f src/OwnCode/pCap/CMakeFiles/pCaps.dir/build.make src/OwnCode/pCap/CMakeFiles/pCaps.dir/depend
make[2]: Entering directory `/home/sunchangbao/test/github/codeCollectionTmp/build'
cd /home/sunchangbao/test/github/codeCollectionTmp/build && /usr/bin/cmake -E cmake_depends "Unix Makefiles" /home/sunchangbao/test/github/codeCollectionTmp /home/sunchangbao/test/github/codeCollectionTmp/src/OwnCode/pCap /home/sunchangbao/test/github/codeCollectionTmp/build /home/sunchangbao/test/github/codeCollectionTmp/build/src/OwnCode/pCap /home/sunchangbao/test/github/codeCollectionTmp/build/src/OwnCode/pCap/CMakeFiles/pCaps.dir/DependInfo.cmake --color=
make[2]: Leaving directory `/home/sunchangbao/test/github/codeCollectionTmp/build'
make -f src/OwnCode/pCap/CMakeFiles/pCaps.dir/build.make src/OwnCode/pCap/CMakeFiles/pCaps.dir/build
make[2]: Entering directory `/home/sunchangbao/test/github/codeCollectionTmp/build'
make[2]: Nothing to be done for `src/OwnCode/pCap/CMakeFiles/pCaps.dir/build'.
make[2]: Leaving directory `/home/sunchangbao/test/github/codeCollectionTmp/build'
/usr/bin/cmake -E cmake_progress_report /home/sunchangbao/test/github/codeCollectionTmp/build/CMakeFiles 
[ 94%] Built target pCaps
make -f src/Sys/MountUSB/CMakeFiles/mountusblib.dir/build.make src/Sys/MountUSB/CMakeFiles/mountusblib.dir/depend
make[2]: Entering directory `/home/sunchangbao/test/github/codeCollectionTmp/build'
cd /home/sunchangbao/test/github/codeCollectionTmp/build && /usr/bin/cmake -E cmake_depends "Unix Makefiles" /home/sunchangbao/test/github/codeCollectionTmp /home/sunchangbao/test/github/codeCollectionTmp/src/Sys/MountUSB /home/sunchangbao/test/github/codeCollectionTmp/build /home/sunchangbao/test/github/codeCollectionTmp/build/src/Sys/MountUSB /home/sunchangbao/test/github/codeCollectionTmp/build/src/Sys/MountUSB/CMakeFiles/mountusblib.dir/DependInfo.cmake --color=
make[2]: Leaving directory `/home/sunchangbao/test/github/codeCollectionTmp/build'
make -f src/Sys/MountUSB/CMakeFiles/mountusblib.dir/build.make src/Sys/MountUSB/CMakeFiles/mountusblib.dir/build
make[2]: Entering directory `/home/sunchangbao/test/github/codeCollectionTmp/build'
make[2]: Nothing to be done for `src/Sys/MountUSB/CMakeFiles/mountusblib.dir/build'.
make[2]: Leaving directory `/home/sunchangbao/test/github/codeCollectionTmp/build'
/usr/bin/cmake -E cmake_progress_report /home/sunchangbao/test/github/codeCollectionTmp/build/CMakeFiles 
[ 94%] Built target mountusblib
make -f src/Sys/MountUSB/CMakeFiles/Test_mountusb.elf.dir/build.make src/Sys/MountUSB/CMakeFiles/Test_mountusb.elf.dir/depend
make[2]: Entering directory `/home/sunchangbao/test/github/codeCollectionTmp/build'
cd /home/sunchangbao/test/github/codeCollectionTmp/build && /usr/bin/cmake -E cmake_depends "Unix Makefiles" /home/sunchangbao/test/github/codeCollectionTmp /home/sunchangbao/test/github/codeCollectionTmp/src/Sys/MountUSB /home/sunchangbao/test/github/codeCollectionTmp/build /home/sunchangbao/test/github/codeCollectionTmp/build/src/Sys/MountUSB /home/sunchangbao/test/github/codeCollectionTmp/build/src/Sys/MountUSB/CMakeFiles/Test_mountusb.elf.dir/DependInfo.cmake --color=
make[2]: Leaving directory `/home/sunchangbao/test/github/codeCollectionTmp/build'
make -f src/Sys/MountUSB/CMakeFiles/Test_mountusb.elf.dir/build.make src/Sys/MountUSB/CMakeFiles/Test_mountusb.elf.dir/build
make[2]: Entering directory `/home/sunchangbao/test/github/codeCollectionTmp/build'
make[2]: Nothing to be done for `src/Sys/MountUSB/CMakeFiles/Test_mountusb.elf.dir/build'.
make[2]: Leaving directory `/home/sunchangbao/test/github/codeCollectionTmp/build'
/usr/bin/cmake -E cmake_progress_report /home/sunchangbao/test/github/codeCollectionTmp/build/CMakeFiles 
[ 94%] Built target Test_mountusb.elf
make -f src/Sys/MountUSB/CMakeFiles/mountusbs.dir/build.make src/Sys/MountUSB/CMakeFiles/mountusbs.dir/depend
make[2]: Entering directory `/home/sunchangbao/test/github/codeCollectionTmp/build'
cd /home/sunchangbao/test/github/codeCollectionTmp/build && /usr/bin/cmake -E cmake_depends "Unix Makefiles" /home/sunchangbao/test/github/codeCollectionTmp /home/sunchangbao/test/github/codeCollectionTmp/src/Sys/MountUSB /home/sunchangbao/test/github/codeCollectionTmp/build /home/sunchangbao/test/github/codeCollectionTmp/build/src/Sys/MountUSB /home/sunchangbao/test/github/codeCollectionTmp/build/src/Sys/MountUSB/CMakeFiles/mountusbs.dir/DependInfo.cmake --color=
make[2]: Leaving directory `/home/sunchangbao/test/github/codeCollectionTmp/build'
make -f src/Sys/MountUSB/CMakeFiles/mountusbs.dir/build.make src/Sys/MountUSB/CMakeFiles/mountusbs.dir/build
make[2]: Entering directory `/home/sunchangbao/test/github/codeCollectionTmp/build'
make[2]: Nothing to be done for `src/Sys/MountUSB/CMakeFiles/mountusbs.dir/build'.
make[2]: Leaving directory `/home/sunchangbao/test/github/codeCollectionTmp/build'
/usr/bin/cmake -E cmake_progress_report /home/sunchangbao/test/github/codeCollectionTmp/build/CMakeFiles  89
[ 95%] Built target mountusbs
make -f src/Views/EasyBMP/CMakeFiles/easybmplib.dir/build.make src/Views/EasyBMP/CMakeFiles/easybmplib.dir/depend
make[2]: Entering directory `/home/sunchangbao/test/github/codeCollectionTmp/build'
cd /home/sunchangbao/test/github/codeCollectionTmp/build && /usr/bin/cmake -E cmake_depends "Unix Makefiles" /home/sunchangbao/test/github/codeCollectionTmp /home/sunchangbao/test/github/codeCollectionTmp/src/Views/EasyBMP /home/sunchangbao/test/github/codeCollectionTmp/build /home/sunchangbao/test/github/codeCollectionTmp/build/src/Views/EasyBMP /home/sunchangbao/test/github/codeCollectionTmp/build/src/Views/EasyBMP/CMakeFiles/easybmplib.dir/DependInfo.cmake --color=
make[2]: Leaving directory `/home/sunchangbao/test/github/codeCollectionTmp/build'
make -f src/Views/EasyBMP/CMakeFiles/easybmplib.dir/build.make src/Views/EasyBMP/CMakeFiles/easybmplib.dir/build
make[2]: Entering directory `/home/sunchangbao/test/github/codeCollectionTmp/build'
make[2]: Nothing to be done for `src/Views/EasyBMP/CMakeFiles/easybmplib.dir/build'.
make[2]: Leaving directory `/home/sunchangbao/test/github/codeCollectionTmp/build'
/usr/bin/cmake -E cmake_progress_report /home/sunchangbao/test/github/codeCollectionTmp/build/CMakeFiles 
[ 95%] Built target easybmplib
make -f src/Views/EasyBMP/CMakeFiles/Test_easybmp.elf.dir/build.make src/Views/EasyBMP/CMakeFiles/Test_easybmp.elf.dir/depend
make[2]: Entering directory `/home/sunchangbao/test/github/codeCollectionTmp/build'
cd /home/sunchangbao/test/github/codeCollectionTmp/build && /usr/bin/cmake -E cmake_depends "Unix Makefiles" /home/sunchangbao/test/github/codeCollectionTmp /home/sunchangbao/test/github/codeCollectionTmp/src/Views/EasyBMP /home/sunchangbao/test/github/codeCollectionTmp/build /home/sunchangbao/test/github/codeCollectionTmp/build/src/Views/EasyBMP /home/sunchangbao/test/github/codeCollectionTmp/build/src/Views/EasyBMP/CMakeFiles/Test_easybmp.elf.dir/DependInfo.cmake --color=
make[2]: Leaving directory `/home/sunchangbao/test/github/codeCollectionTmp/build'
make -f src/Views/EasyBMP/CMakeFiles/Test_easybmp.elf.dir/build.make src/Views/EasyBMP/CMakeFiles/Test_easybmp.elf.dir/build
make[2]: Entering directory `/home/sunchangbao/test/github/codeCollectionTmp/build'
make[2]: Nothing to be done for `src/Views/EasyBMP/CMakeFiles/Test_easybmp.elf.dir/build'.
make[2]: Leaving directory `/home/sunchangbao/test/github/codeCollectionTmp/build'
/usr/bin/cmake -E cmake_progress_report /home/sunchangbao/test/github/codeCollectionTmp/build/CMakeFiles 
[ 95%] Built target Test_easybmp.elf
make -f src/Views/EasyBMP/CMakeFiles/easybmps.dir/build.make src/Views/EasyBMP/CMakeFiles/easybmps.dir/depend
make[2]: Entering directory `/home/sunchangbao/test/github/codeCollectionTmp/build'
cd /home/sunchangbao/test/github/codeCollectionTmp/build && /usr/bin/cmake -E cmake_depends "Unix Makefiles" /home/sunchangbao/test/github/codeCollectionTmp /home/sunchangbao/test/github/codeCollectionTmp/src/Views/EasyBMP /home/sunchangbao/test/github/codeCollectionTmp/build /home/sunchangbao/test/github/codeCollectionTmp/build/src/Views/EasyBMP /home/sunchangbao/test/github/codeCollectionTmp/build/src/Views/EasyBMP/CMakeFiles/easybmps.dir/DependInfo.cmake --color=
make[2]: Leaving directory `/home/sunchangbao/test/github/codeCollectionTmp/build'
make -f src/Views/EasyBMP/CMakeFiles/easybmps.dir/build.make src/Views/EasyBMP/CMakeFiles/easybmps.dir/build
make[2]: Entering directory `/home/sunchangbao/test/github/codeCollectionTmp/build'
make[2]: Nothing to be done for `src/Views/EasyBMP/CMakeFiles/easybmps.dir/build'.
make[2]: Leaving directory `/home/sunchangbao/test/github/codeCollectionTmp/build'
/usr/bin/cmake -E cmake_progress_report /home/sunchangbao/test/github/codeCollectionTmp/build/CMakeFiles 
[ 95%] Built target easybmps
make -f src/Views/GIF/CMakeFiles/giflib.dir/build.make src/Views/GIF/CMakeFiles/giflib.dir/depend
make[2]: Entering directory `/home/sunchangbao/test/github/codeCollectionTmp/build'
cd /home/sunchangbao/test/github/codeCollectionTmp/build && /usr/bin/cmake -E cmake_depends "Unix Makefiles" /home/sunchangbao/test/github/codeCollectionTmp /home/sunchangbao/test/github/codeCollectionTmp/src/Views/GIF /home/sunchangbao/test/github/codeCollectionTmp/build /home/sunchangbao/test/github/codeCollectionTmp/build/src/Views/GIF /home/sunchangbao/test/github/codeCollectionTmp/build/src/Views/GIF/CMakeFiles/giflib.dir/DependInfo.cmake --color=
make[2]: Leaving directory `/home/sunchangbao/test/github/codeCollectionTmp/build'
make -f src/Views/GIF/CMakeFiles/giflib.dir/build.make src/Views/GIF/CMakeFiles/giflib.dir/build
make[2]: Entering directory `/home/sunchangbao/test/github/codeCollectionTmp/build'
make[2]: Nothing to be done for `src/Views/GIF/CMakeFiles/giflib.dir/build'.
make[2]: Leaving directory `/home/sunchangbao/test/github/codeCollectionTmp/build'
/usr/bin/cmake -E cmake_progress_report /home/sunchangbao/test/github/codeCollectionTmp/build/CMakeFiles  26
[ 96%] Built target giflib
make -f src/Views/GIF/CMakeFiles/Test_gif.elf.dir/build.make src/Views/GIF/CMakeFiles/Test_gif.elf.dir/depend
make[2]: Entering directory `/home/sunchangbao/test/github/codeCollectionTmp/build'
cd /home/sunchangbao/test/github/codeCollectionTmp/build && /usr/bin/cmake -E cmake_depends "Unix Makefiles" /home/sunchangbao/test/github/codeCollectionTmp /home/sunchangbao/test/github/codeCollectionTmp/src/Views/GIF /home/sunchangbao/test/github/codeCollectionTmp/build /home/sunchangbao/test/github/codeCollectionTmp/build/src/Views/GIF /home/sunchangbao/test/github/codeCollectionTmp/build/src/Views/GIF/CMakeFiles/Test_gif.elf.dir/DependInfo.cmake --color=
make[2]: Leaving directory `/home/sunchangbao/test/github/codeCollectionTmp/build'
make -f src/Views/GIF/CMakeFiles/Test_gif.elf.dir/build.make src/Views/GIF/CMakeFiles/Test_gif.elf.dir/build
make[2]: Entering directory `/home/sunchangbao/test/github/codeCollectionTmp/build'
make[2]: Nothing to be done for `src/Views/GIF/CMakeFiles/Test_gif.elf.dir/build'.
make[2]: Leaving directory `/home/sunchangbao/test/github/codeCollectionTmp/build'
/usr/bin/cmake -E cmake_progress_report /home/sunchangbao/test/github/codeCollectionTmp/build/CMakeFiles 
[ 96%] Built target Test_gif.elf
make -f src/Views/GIF/CMakeFiles/gifs.dir/build.make src/Views/GIF/CMakeFiles/gifs.dir/depend
make[2]: Entering directory `/home/sunchangbao/test/github/codeCollectionTmp/build'
cd /home/sunchangbao/test/github/codeCollectionTmp/build && /usr/bin/cmake -E cmake_depends "Unix Makefiles" /home/sunchangbao/test/github/codeCollectionTmp /home/sunchangbao/test/github/codeCollectionTmp/src/Views/GIF /home/sunchangbao/test/github/codeCollectionTmp/build /home/sunchangbao/test/github/codeCollectionTmp/build/src/Views/GIF /home/sunchangbao/test/github/codeCollectionTmp/build/src/Views/GIF/CMakeFiles/gifs.dir/DependInfo.cmake --color=
make[2]: Leaving directory `/home/sunchangbao/test/github/codeCollectionTmp/build'
make -f src/Views/GIF/CMakeFiles/gifs.dir/build.make src/Views/GIF/CMakeFiles/gifs.dir/build
make[2]: Entering directory `/home/sunchangbao/test/github/codeCollectionTmp/build'
make[2]: Nothing to be done for `src/Views/GIF/CMakeFiles/gifs.dir/build'.
make[2]: Leaving directory `/home/sunchangbao/test/github/codeCollectionTmp/build'
/usr/bin/cmake -E cmake_progress_report /home/sunchangbao/test/github/codeCollectionTmp/build/CMakeFiles 
[ 96%] Built target gifs
make -f src/Views/lodePNG/CMakeFiles/lodepnglib.dir/build.make src/Views/lodePNG/CMakeFiles/lodepnglib.dir/depend
make[2]: Entering directory `/home/sunchangbao/test/github/codeCollectionTmp/build'
cd /home/sunchangbao/test/github/codeCollectionTmp/build && /usr/bin/cmake -E cmake_depends "Unix Makefiles" /home/sunchangbao/test/github/codeCollectionTmp /home/sunchangbao/test/github/codeCollectionTmp/src/Views/lodePNG /home/sunchangbao/test/github/codeCollectionTmp/build /home/sunchangbao/test/github/codeCollectionTmp/build/src/Views/lodePNG /home/sunchangbao/test/github/codeCollectionTmp/build/src/Views/lodePNG/CMakeFiles/lodepnglib.dir/DependInfo.cmake --color=
make[2]: Leaving directory `/home/sunchangbao/test/github/codeCollectionTmp/build'
make -f src/Views/lodePNG/CMakeFiles/lodepnglib.dir/build.make src/Views/lodePNG/CMakeFiles/lodepnglib.dir/build
make[2]: Entering directory `/home/sunchangbao/test/github/codeCollectionTmp/build'
make[2]: Nothing to be done for `src/Views/lodePNG/CMakeFiles/lodepnglib.dir/build'.
make[2]: Leaving directory `/home/sunchangbao/test/github/codeCollectionTmp/build'
/usr/bin/cmake -E cmake_progress_report /home/sunchangbao/test/github/codeCollectionTmp/build/CMakeFiles 
[ 96%] Built target lodepnglib
make -f src/Views/lodePNG/CMakeFiles/Test_lodepng.elf.dir/build.make src/Views/lodePNG/CMakeFiles/Test_lodepng.elf.dir/depend
make[2]: Entering directory `/home/sunchangbao/test/github/codeCollectionTmp/build'
cd /home/sunchangbao/test/github/codeCollectionTmp/build && /usr/bin/cmake -E cmake_depends "Unix Makefiles" /home/sunchangbao/test/github/codeCollectionTmp /home/sunchangbao/test/github/codeCollectionTmp/src/Views/lodePNG /home/sunchangbao/test/github/codeCollectionTmp/build /home/sunchangbao/test/github/codeCollectionTmp/build/src/Views/lodePNG /home/sunchangbao/test/github/codeCollectionTmp/build/src/Views/lodePNG/CMakeFiles/Test_lodepng.elf.dir/DependInfo.cmake --color=
make[2]: Leaving directory `/home/sunchangbao/test/github/codeCollectionTmp/build'
make -f src/Views/lodePNG/CMakeFiles/Test_lodepng.elf.dir/build.make src/Views/lodePNG/CMakeFiles/Test_lodepng.elf.dir/build
make[2]: Entering directory `/home/sunchangbao/test/github/codeCollectionTmp/build'
make[2]: Nothing to be done for `src/Views/lodePNG/CMakeFiles/Test_lodepng.elf.dir/build'.
make[2]: Leaving directory `/home/sunchangbao/test/github/codeCollectionTmp/build'
/usr/bin/cmake -E cmake_progress_report /home/sunchangbao/test/github/codeCollectionTmp/build/CMakeFiles 
[ 96%] Built target Test_lodepng.elf
make -f src/Views/lodePNG/CMakeFiles/lodepngs.dir/build.make src/Views/lodePNG/CMakeFiles/lodepngs.dir/depend
make[2]: Entering directory `/home/sunchangbao/test/github/codeCollectionTmp/build'
cd /home/sunchangbao/test/github/codeCollectionTmp/build && /usr/bin/cmake -E cmake_depends "Unix Makefiles" /home/sunchangbao/test/github/codeCollectionTmp /home/sunchangbao/test/github/codeCollectionTmp/src/Views/lodePNG /home/sunchangbao/test/github/codeCollectionTmp/build /home/sunchangbao/test/github/codeCollectionTmp/build/src/Views/lodePNG /home/sunchangbao/test/github/codeCollectionTmp/build/src/Views/lodePNG/CMakeFiles/lodepngs.dir/DependInfo.cmake --color=
make[2]: Leaving directory `/home/sunchangbao/test/github/codeCollectionTmp/build'
make -f src/Views/lodePNG/CMakeFiles/lodepngs.dir/build.make src/Views/lodePNG/CMakeFiles/lodepngs.dir/build
make[2]: Entering directory `/home/sunchangbao/test/github/codeCollectionTmp/build'
make[2]: Nothing to be done for `src/Views/lodePNG/CMakeFiles/lodepngs.dir/build'.
make[2]: Leaving directory `/home/sunchangbao/test/github/codeCollectionTmp/build'
/usr/bin/cmake -E cmake_progress_report /home/sunchangbao/test/github/codeCollectionTmp/build/CMakeFiles 
[ 96%] Built target lodepngs
make -f src/Views/PicConversion/CMakeFiles/picConvertlib.dir/build.make src/Views/PicConversion/CMakeFiles/picConvertlib.dir/depend
make[2]: Entering directory `/home/sunchangbao/test/github/codeCollectionTmp/build'
cd /home/sunchangbao/test/github/codeCollectionTmp/build && /usr/bin/cmake -E cmake_depends "Unix Makefiles" /home/sunchangbao/test/github/codeCollectionTmp /home/sunchangbao/test/github/codeCollectionTmp/src/Views/PicConversion /home/sunchangbao/test/github/codeCollectionTmp/build /home/sunchangbao/test/github/codeCollectionTmp/build/src/Views/PicConversion /home/sunchangbao/test/github/codeCollectionTmp/build/src/Views/PicConversion/CMakeFiles/picConvertlib.dir/DependInfo.cmake --color=
make[2]: Leaving directory `/home/sunchangbao/test/github/codeCollectionTmp/build'
make -f src/Views/PicConversion/CMakeFiles/picConvertlib.dir/build.make src/Views/PicConversion/CMakeFiles/picConvertlib.dir/build
make[2]: Entering directory `/home/sunchangbao/test/github/codeCollectionTmp/build'
make[2]: Nothing to be done for `src/Views/PicConversion/CMakeFiles/picConvertlib.dir/build'.
make[2]: Leaving directory `/home/sunchangbao/test/github/codeCollectionTmp/build'
/usr/bin/cmake -E cmake_progress_report /home/sunchangbao/test/github/codeCollectionTmp/build/CMakeFiles  90
[ 97%] Built target picConvertlib
make -f src/Views/PicConversion/CMakeFiles/Test_picConvert.elf.dir/build.make src/Views/PicConversion/CMakeFiles/Test_picConvert.elf.dir/depend
make[2]: Entering directory `/home/sunchangbao/test/github/codeCollectionTmp/build'
cd /home/sunchangbao/test/github/codeCollectionTmp/build && /usr/bin/cmake -E cmake_depends "Unix Makefiles" /home/sunchangbao/test/github/codeCollectionTmp /home/sunchangbao/test/github/codeCollectionTmp/src/Views/PicConversion /home/sunchangbao/test/github/codeCollectionTmp/build /home/sunchangbao/test/github/codeCollectionTmp/build/src/Views/PicConversion /home/sunchangbao/test/github/codeCollectionTmp/build/src/Views/PicConversion/CMakeFiles/Test_picConvert.elf.dir/DependInfo.cmake --color=
make[2]: Leaving directory `/home/sunchangbao/test/github/codeCollectionTmp/build'
make -f src/Views/PicConversion/CMakeFiles/Test_picConvert.elf.dir/build.make src/Views/PicConversion/CMakeFiles/Test_picConvert.elf.dir/build
make[2]: Entering directory `/home/sunchangbao/test/github/codeCollectionTmp/build'
make[2]: Nothing to be done for `src/Views/PicConversion/CMakeFiles/Test_picConvert.elf.dir/build'.
make[2]: Leaving directory `/home/sunchangbao/test/github/codeCollectionTmp/build'
/usr/bin/cmake -E cmake_progress_report /home/sunchangbao/test/github/codeCollectionTmp/build/CMakeFiles  9
[ 98%] Built target Test_picConvert.elf
make -f src/Views/PicConversion/CMakeFiles/picConverts.dir/build.make src/Views/PicConversion/CMakeFiles/picConverts.dir/depend
make[2]: Entering directory `/home/sunchangbao/test/github/codeCollectionTmp/build'
cd /home/sunchangbao/test/github/codeCollectionTmp/build && /usr/bin/cmake -E cmake_depends "Unix Makefiles" /home/sunchangbao/test/github/codeCollectionTmp /home/sunchangbao/test/github/codeCollectionTmp/src/Views/PicConversion /home/sunchangbao/test/github/codeCollectionTmp/build /home/sunchangbao/test/github/codeCollectionTmp/build/src/Views/PicConversion /home/sunchangbao/test/github/codeCollectionTmp/build/src/Views/PicConversion/CMakeFiles/picConverts.dir/DependInfo.cmake --color=
make[2]: Leaving directory `/home/sunchangbao/test/github/codeCollectionTmp/build'
make -f src/Views/PicConversion/CMakeFiles/picConverts.dir/build.make src/Views/PicConversion/CMakeFiles/picConverts.dir/build
make[2]: Entering directory `/home/sunchangbao/test/github/codeCollectionTmp/build'
make[2]: Nothing to be done for `src/Views/PicConversion/CMakeFiles/picConverts.dir/build'.
make[2]: Leaving directory `/home/sunchangbao/test/github/codeCollectionTmp/build'
/usr/bin/cmake -E cmake_progress_report /home/sunchangbao/test/github/codeCollectionTmp/build/CMakeFiles  91
[ 99%] Built target picConverts
make -f src/Views/TinyJPEG/CMakeFiles/tinyjpeglib.dir/build.make src/Views/TinyJPEG/CMakeFiles/tinyjpeglib.dir/depend
make[2]: Entering directory `/home/sunchangbao/test/github/codeCollectionTmp/build'
cd /home/sunchangbao/test/github/codeCollectionTmp/build && /usr/bin/cmake -E cmake_depends "Unix Makefiles" /home/sunchangbao/test/github/codeCollectionTmp /home/sunchangbao/test/github/codeCollectionTmp/src/Views/TinyJPEG /home/sunchangbao/test/github/codeCollectionTmp/build /home/sunchangbao/test/github/codeCollectionTmp/build/src/Views/TinyJPEG /home/sunchangbao/test/github/codeCollectionTmp/build/src/Views/TinyJPEG/CMakeFiles/tinyjpeglib.dir/DependInfo.cmake --color=
make[2]: Leaving directory `/home/sunchangbao/test/github/codeCollectionTmp/build'
make -f src/Views/TinyJPEG/CMakeFiles/tinyjpeglib.dir/build.make src/Views/TinyJPEG/CMakeFiles/tinyjpeglib.dir/build
make[2]: Entering directory `/home/sunchangbao/test/github/codeCollectionTmp/build'
make[2]: Nothing to be done for `src/Views/TinyJPEG/CMakeFiles/tinyjpeglib.dir/build'.
make[2]: Leaving directory `/home/sunchangbao/test/github/codeCollectionTmp/build'
/usr/bin/cmake -E cmake_progress_report /home/sunchangbao/test/github/codeCollectionTmp/build/CMakeFiles 
[ 99%] Built target tinyjpeglib
make -f src/Views/TinyJPEG/CMakeFiles/Test_tinyjpeg.elf.dir/build.make src/Views/TinyJPEG/CMakeFiles/Test_tinyjpeg.elf.dir/depend
make[2]: Entering directory `/home/sunchangbao/test/github/codeCollectionTmp/build'
cd /home/sunchangbao/test/github/codeCollectionTmp/build && /usr/bin/cmake -E cmake_depends "Unix Makefiles" /home/sunchangbao/test/github/codeCollectionTmp /home/sunchangbao/test/github/codeCollectionTmp/src/Views/TinyJPEG /home/sunchangbao/test/github/codeCollectionTmp/build /home/sunchangbao/test/github/codeCollectionTmp/build/src/Views/TinyJPEG /home/sunchangbao/test/github/codeCollectionTmp/build/src/Views/TinyJPEG/CMakeFiles/Test_tinyjpeg.elf.dir/DependInfo.cmake --color=
make[2]: Leaving directory `/home/sunchangbao/test/github/codeCollectionTmp/build'
make -f src/Views/TinyJPEG/CMakeFiles/Test_tinyjpeg.elf.dir/build.make src/Views/TinyJPEG/CMakeFiles/Test_tinyjpeg.elf.dir/build
make[2]: Entering directory `/home/sunchangbao/test/github/codeCollectionTmp/build'
make[2]: Nothing to be done for `src/Views/TinyJPEG/CMakeFiles/Test_tinyjpeg.elf.dir/build'.
make[2]: Leaving directory `/home/sunchangbao/test/github/codeCollectionTmp/build'
/usr/bin/cmake -E cmake_progress_report /home/sunchangbao/test/github/codeCollectionTmp/build/CMakeFiles 
[ 99%] Built target Test_tinyjpeg.elf
make -f src/Views/TinyJPEG/CMakeFiles/tinyjpegs.dir/build.make src/Views/TinyJPEG/CMakeFiles/tinyjpegs.dir/depend
make[2]: Entering directory `/home/sunchangbao/test/github/codeCollectionTmp/build'
cd /home/sunchangbao/test/github/codeCollectionTmp/build && /usr/bin/cmake -E cmake_depends "Unix Makefiles" /home/sunchangbao/test/github/codeCollectionTmp /home/sunchangbao/test/github/codeCollectionTmp/src/Views/TinyJPEG /home/sunchangbao/test/github/codeCollectionTmp/build /home/sunchangbao/test/github/codeCollectionTmp/build/src/Views/TinyJPEG /home/sunchangbao/test/github/codeCollectionTmp/build/src/Views/TinyJPEG/CMakeFiles/tinyjpegs.dir/DependInfo.cmake --color=
make[2]: Leaving directory `/home/sunchangbao/test/github/codeCollectionTmp/build'
make -f src/Views/TinyJPEG/CMakeFiles/tinyjpegs.dir/build.make src/Views/TinyJPEG/CMakeFiles/tinyjpegs.dir/build
make[2]: Entering directory `/home/sunchangbao/test/github/codeCollectionTmp/build'
make[2]: Nothing to be done for `src/Views/TinyJPEG/CMakeFiles/tinyjpegs.dir/build'.
make[2]: Leaving directory `/home/sunchangbao/test/github/codeCollectionTmp/build'
/usr/bin/cmake -E cmake_progress_report /home/sunchangbao/test/github/codeCollectionTmp/build/CMakeFiles  97
[100%] Built target tinyjpegs
make[1]: Leaving directory `/home/sunchangbao/test/github/codeCollectionTmp/build'
/usr/bin/cmake -E cmake_progress_start /home/sunchangbao/test/github/codeCollectionTmp/build/CMakeFiles 0
/usr/bin/cmake -H/home/sunchangbao/test/github/codeCollectionTmp -B/home/sunchangbao/test/github/codeCollectionTmp/build --check-build-system CMakeFiles/Makefile.cmake 0
-- Subversion is not found.
-- CONFIG_Revision set is 12345.
--  hash module.
--  hashTable module.
-- Not Include hashTable module.
-- Not Include hashTable module.
--  hashTableCpp module.
-- Not Include hashTableCpp module.
-- Not Include hashTableCpp module.
--  llmSort module.
-- Not Include llmSort module.
-- Not Include llmSort module.
--  mergeSort module.
-- Not Include mergeSort module.
-- Not Include mergeSort module.
--  tree module.
-- Not Include tree module.
-- Not Include tree module.
--  zSort module.
-- Not Include zSort module.
-- Not Include zSort module.
--  Weather module.
-- Could NOT find JThread (missing:  JTHREAD_INCLUDE_DIRS JTHREAD_LIBRARIES) 
--  aes module.
--  base64c module.
--  base64cpp module.
--  base64live555 module.
--  desc module.
--  descpp module.
--  descpp_own module.
--  md5 module.
--  md5lib module.
--  md5rfc1321 module.
--  rsa module.
--  sha128 module.
--  sha256 module.
--  debugHeap module.
--  functionsStatics module.
--  generaPrintf module.
--  systemInstrument module.
--  stackInfo module.
--  threadpool module.
--  iniParser module.
--  hashTable module.
-- Not Include hashTable module.
-- Not Include hashTable module.
--  cppJson module.
--  sqlite3 module.
--  unix2dos module.
--  arp module.
-- Not Include cURL module.
-- Not Include cURL module.
--  dhcp module.
--  dns module.
--  ftpServer module.
-- Not Include LwIP module.
-- Not Include LwIP module.
-- Not Include MiniUPnPdaemon module.
-- Not Include mount Mini UPnP daemon module.
-- Not Include OpenNTPd module.
-- Not Include OpenNTPd module.
--  sntp module.
--  sntplib module.
--  tinyadns module.
--  tinyhttpd module.
--  tinytcp module.
--  httpFetcher module.
--  logc module.
--  pCap module.
--  mountusb module.
--  easybmp module.
--  gif module.
--  lodepng module.
--  picConvert module.
--  tinyjpeg module.
-- ASTYLE_FORMATTING_FLAG is OFF.
-- Configuring done
-- Generating done
-- Build files have been written to: /home/sunchangbao/test/github/codeCollectionTmp/build
/usr/bin/cmake -E cmake_progress_start /home/sunchangbao/test/github/codeCollectionTmp/build/CMakeFiles /home/sunchangbao/test/github/codeCollectionTmp/build/CMakeFiles/progress.marks
make -f CMakeFiles/Makefile2 all
make[1]: Entering directory `/home/sunchangbao/test/github/codeCollectionTmp/build'
make -f src/CMakeFiles/build_info.dir/build.make src/CMakeFiles/build_info.dir/depend
make[2]: Entering directory `/home/sunchangbao/test/github/codeCollectionTmp/build'
cd /home/sunchangbao/test/github/codeCollectionTmp/build && /usr/bin/cmake -E cmake_depends "Unix Makefiles" /home/sunchangbao/test/github/codeCollectionTmp /home/sunchangbao/test/github/codeCollectionTmp/src /home/sunchangbao/test/github/codeCollectionTmp/build /home/sunchangbao/test/github/codeCollectionTmp/build/src /home/sunchangbao/test/github/codeCollectionTmp/build/src/CMakeFiles/build_info.dir/DependInfo.cmake --color=
Scanning dependencies of target build_info
make[2]: Leaving directory `/home/sunchangbao/test/github/codeCollectionTmp/build'
make -f src/CMakeFiles/build_info.dir/build.make src/CMakeFiles/build_info.dir/build
make[2]: Entering directory `/home/sunchangbao/test/github/codeCollectionTmp/build'
/usr/bin/cmake -E cmake_progress_report /home/sunchangbao/test/github/codeCollectionTmp/build/CMakeFiles 
[  0%] To making VERSION  ... 
cd /home/sunchangbao/test/github/codeCollectionTmp/build/src && exec /home/sunchangbao/test/github/codeCollectionTmp/config/scripts/make_version.sh
-----------------------------------------------
            generate buildInfo.h              
-----------------------------------------------
#ifndef __BUILD_INFO_H__
#define __BUILD_INFO_H__
 
 
#define g_make_build_date             "2016年 01月 15日 星期五 14:36:00 CST"
#define g_make_build_user_name        "sunchangbao"
#define g_make_build_host_name        "sunchangbao-ThinkPad"
#define g_make_build_kernel_revision  "Linux 3.19.0-32-generic x86_64"
#define g_make_svn_version    "5325"
#define g_make_major_version  "1"
#define g_make_minor_version  "0"
#define g_make_build_version  "1.0.5325"
 
#endif //__BUILD_INFO_H__
-- written to /home/sunchangbao/test/github/codeCollectionTmp/config/scripts/../../src/includes/buildInfo.h
/usr/bin/cmake -E cmake_progress_report /home/sunchangbao/test/github/codeCollectionTmp/build/CMakeFiles 17
[  1%] test build_info
make[2]: Leaving directory `/home/sunchangbao/test/github/codeCollectionTmp/build'
/usr/bin/cmake -E cmake_progress_report /home/sunchangbao/test/github/codeCollectionTmp/build/CMakeFiles  17
[  1%] Built target build_info
make -f src/Algorithm/Hash/CMakeFiles/hashlib.dir/build.make src/Algorithm/Hash/CMakeFiles/hashlib.dir/depend
make[2]: Entering directory `/home/sunchangbao/test/github/codeCollectionTmp/build'
cd /home/sunchangbao/test/github/codeCollectionTmp/build && /usr/bin/cmake -E cmake_depends "Unix Makefiles" /home/sunchangbao/test/github/codeCollectionTmp /home/sunchangbao/test/github/codeCollectionTmp/src/Algorithm/Hash /home/sunchangbao/test/github/codeCollectionTmp/build /home/sunchangbao/test/github/codeCollectionTmp/build/src/Algorithm/Hash /home/sunchangbao/test/github/codeCollectionTmp/build/src/Algorithm/Hash/CMakeFiles/hashlib.dir/DependInfo.cmake --color=
Scanning dependencies of target hashlib
make[2]: Leaving directory `/home/sunchangbao/test/github/codeCollectionTmp/build'
make -f src/Algorithm/Hash/CMakeFiles/hashlib.dir/build.make src/Algorithm/Hash/CMakeFiles/hashlib.dir/build
make[2]: Entering directory `/home/sunchangbao/test/github/codeCollectionTmp/build'
/usr/bin/cmake -E cmake_progress_report /home/sunchangbao/test/github/codeCollectionTmp/build/CMakeFiles 
[  1%] Building C object src/Algorithm/Hash/CMakeFiles/hashlib.dir/hash.c.o
cd /home/sunchangbao/test/github/codeCollectionTmp/build/src/Algorithm/Hash && /usr/bin/cc  -Dhashlib_EXPORTS -fPIC -I/home/sunchangbao/test/github/codeCollectionTmp/src/includes -I/home/sunchangbao/test/github/codeCollectionTmp/src -I/home/sunchangbao/test/github/codeCollectionTmp/src/Algorithm/Hash/includes -I/home/sunchangbao/test/github/codeCollectionTmp/src/Algorithm/Hash    -o CMakeFiles/hashlib.dir/hash.c.o   -c /home/sunchangbao/test/github/codeCollectionTmp/src/Algorithm/Hash/hash.c
Linking C shared library ../../../libs/libhashlib.so
cd /home/sunchangbao/test/github/codeCollectionTmp/build/src/Algorithm/Hash && /usr/bin/cmake -E cmake_link_script CMakeFiles/hashlib.dir/link.txt --verbose=1
/usr/bin/cc  -fPIC    -shared -Wl,-soname,libhashlib.so.1 -o ../../../libs/libhashlib.so.1.0.0 CMakeFiles/hashlib.dir/hash.c.o 
cd /home/sunchangbao/test/github/codeCollectionTmp/build/src/Algorithm/Hash && /usr/bin/cmake -E cmake_symlink_library ../../../libs/libhashlib.so.1.0.0 ../../../libs/libhashlib.so.1 ../../../libs/libhashlib.so
make[2]: Leaving directory `/home/sunchangbao/test/github/codeCollectionTmp/build'
/usr/bin/cmake -E cmake_progress_report /home/sunchangbao/test/github/codeCollectionTmp/build/CMakeFiles 
[  1%] Built target hashlib
make -f src/Algorithm/Hash/CMakeFiles/Test_hash.elf.dir/build.make src/Algorithm/Hash/CMakeFiles/Test_hash.elf.dir/depend
make[2]: Entering directory `/home/sunchangbao/test/github/codeCollectionTmp/build'
cd /home/sunchangbao/test/github/codeCollectionTmp/build && /usr/bin/cmake -E cmake_depends "Unix Makefiles" /home/sunchangbao/test/github/codeCollectionTmp /home/sunchangbao/test/github/codeCollectionTmp/src/Algorithm/Hash /home/sunchangbao/test/github/codeCollectionTmp/build /home/sunchangbao/test/github/codeCollectionTmp/build/src/Algorithm/Hash /home/sunchangbao/test/github/codeCollectionTmp/build/src/Algorithm/Hash/CMakeFiles/Test_hash.elf.dir/DependInfo.cmake --color=
Scanning dependencies of target Test_hash.elf
make[2]: Leaving directory `/home/sunchangbao/test/github/codeCollectionTmp/build'
make -f src/Algorithm/Hash/CMakeFiles/Test_hash.elf.dir/build.make src/Algorithm/Hash/CMakeFiles/Test_hash.elf.dir/build
make[2]: Entering directory `/home/sunchangbao/test/github/codeCollectionTmp/build'
/usr/bin/cmake -E cmake_progress_report /home/sunchangbao/test/github/codeCollectionTmp/build/CMakeFiles 
[  1%] Building C object src/Algorithm/Hash/CMakeFiles/Test_hash.elf.dir/hashTest.c.o
cd /home/sunchangbao/test/github/codeCollectionTmp/build/src/Algorithm/Hash && /usr/bin/cc   -I/home/sunchangbao/test/github/codeCollectionTmp/src/includes -I/home/sunchangbao/test/github/codeCollectionTmp/src -I/home/sunchangbao/test/github/codeCollectionTmp/src/Algorithm/Hash/includes -I/home/sunchangbao/test/github/codeCollectionTmp/src/Algorithm/Hash    -o CMakeFiles/Test_hash.elf.dir/hashTest.c.o   -c /home/sunchangbao/test/github/codeCollectionTmp/src/Algorithm/Hash/hashTest.c
Linking C executable ../../../bin/Test_hash.elf
cd /home/sunchangbao/test/github/codeCollectionTmp/build/src/Algorithm/Hash && /usr/bin/cmake -E cmake_link_script CMakeFiles/Test_hash.elf.dir/link.txt --verbose=1
/usr/bin/cc      CMakeFiles/Test_hash.elf.dir/hashTest.c.o  -o ../../../bin/Test_hash.elf -rdynamic ../../../libs/libhashlib.so.1.0.0 -Wl,-rpath,/home/sunchangbao/test/github/codeCollectionTmp/build/libs 
make[2]: Leaving directory `/home/sunchangbao/test/github/codeCollectionTmp/build'
/usr/bin/cmake -E cmake_progress_report /home/sunchangbao/test/github/codeCollectionTmp/build/CMakeFiles 
[  1%] Built target Test_hash.elf
make -f src/Algorithm/Hash/CMakeFiles/hashs.dir/build.make src/Algorithm/Hash/CMakeFiles/hashs.dir/depend
make[2]: Entering directory `/home/sunchangbao/test/github/codeCollectionTmp/build'
cd /home/sunchangbao/test/github/codeCollectionTmp/build && /usr/bin/cmake -E cmake_depends "Unix Makefiles" /home/sunchangbao/test/github/codeCollectionTmp /home/sunchangbao/test/github/codeCollectionTmp/src/Algorithm/Hash /home/sunchangbao/test/github/codeCollectionTmp/build /home/sunchangbao/test/github/codeCollectionTmp/build/src/Algorithm/Hash /home/sunchangbao/test/github/codeCollectionTmp/build/src/Algorithm/Hash/CMakeFiles/hashs.dir/DependInfo.cmake --color=
Scanning dependencies of target hashs
make[2]: Leaving directory `/home/sunchangbao/test/github/codeCollectionTmp/build'
make -f src/Algorithm/Hash/CMakeFiles/hashs.dir/build.make src/Algorithm/Hash/CMakeFiles/hashs.dir/build
make[2]: Entering directory `/home/sunchangbao/test/github/codeCollectionTmp/build'
/usr/bin/cmake -E cmake_progress_report /home/sunchangbao/test/github/codeCollectionTmp/build/CMakeFiles 29
[  2%] Building C object src/Algorithm/Hash/CMakeFiles/hashs.dir/hash.c.o
cd /home/sunchangbao/test/github/codeCollectionTmp/build/src/Algorithm/Hash && /usr/bin/cc   -I/home/sunchangbao/test/github/codeCollectionTmp/src/includes -I/home/sunchangbao/test/github/codeCollectionTmp/src -I/home/sunchangbao/test/github/codeCollectionTmp/src/Algorithm/Hash/includes -I/home/sunchangbao/test/github/codeCollectionTmp/src/Algorithm/Hash    -o CMakeFiles/hashs.dir/hash.c.o   -c /home/sunchangbao/test/github/codeCollectionTmp/src/Algorithm/Hash/hash.c
Linking C static library ../../../libs/libhashs.a
cd /home/sunchangbao/test/github/codeCollectionTmp/build/src/Algorithm/Hash && /usr/bin/cmake -P CMakeFiles/hashs.dir/cmake_clean_target.cmake
cd /home/sunchangbao/test/github/codeCollectionTmp/build/src/Algorithm/Hash && /usr/bin/cmake -E cmake_link_script CMakeFiles/hashs.dir/link.txt --verbose=1
/usr/bin/ar cr ../../../libs/libhashs.a  CMakeFiles/hashs.dir/hash.c.o
/usr/bin/ranlib ../../../libs/libhashs.a
make[2]: Leaving directory `/home/sunchangbao/test/github/codeCollectionTmp/build'
/usr/bin/cmake -E cmake_progress_report /home/sunchangbao/test/github/codeCollectionTmp/build/CMakeFiles  29
[  2%] Built target hashs
make -f src/A-V/jrtplib/src/CMakeFiles/jrtplib-shared.dir/build.make src/A-V/jrtplib/src/CMakeFiles/jrtplib-shared.dir/depend
make[2]: Entering directory `/home/sunchangbao/test/github/codeCollectionTmp/build'
cd /home/sunchangbao/test/github/codeCollectionTmp/build && /usr/bin/cmake -E cmake_depends "Unix Makefiles" /home/sunchangbao/test/github/codeCollectionTmp /home/sunchangbao/test/github/codeCollectionTmp/src/A-V/jrtplib/src /home/sunchangbao/test/github/codeCollectionTmp/build /home/sunchangbao/test/github/codeCollectionTmp/build/src/A-V/jrtplib/src /home/sunchangbao/test/github/codeCollectionTmp/build/src/A-V/jrtplib/src/CMakeFiles/jrtplib-shared.dir/DependInfo.cmake --color=
Scanning dependencies of target jrtplib-shared
make[2]: Leaving directory `/home/sunchangbao/test/github/codeCollectionTmp/build'
make -f src/A-V/jrtplib/src/CMakeFiles/jrtplib-shared.dir/build.make src/A-V/jrtplib/src/CMakeFiles/jrtplib-shared.dir/build
make[2]: Entering directory `/home/sunchangbao/test/github/codeCollectionTmp/build'
/usr/bin/cmake -E cmake_progress_report /home/sunchangbao/test/github/codeCollectionTmp/build/CMakeFiles 31
[  3%] Building CXX object src/A-V/jrtplib/src/CMakeFiles/jrtplib-shared.dir/rtcpapppacket.cpp.o
cd /home/sunchangbao/test/github/codeCollectionTmp/build/src/A-V/jrtplib/src && /usr/bin/c++   -DJRTPLIB_COMPILING -Djrtplib_shared_EXPORTS -fPIC -I/home/sunchangbao/test/github/codeCollectionTmp/src/includes -I/home/sunchangbao/test/github/codeCollectionTmp/src -I/home/sunchangbao/test/github/codeCollectionTmp/src/A-V/jrtplib/src -I/home/sunchangbao/test/github/codeCollectionTmp/build/src/A-V/jrtplib/src    -o CMakeFiles/jrtplib-shared.dir/rtcpapppacket.cpp.o -c /home/sunchangbao/test/github/codeCollectionTmp/src/A-V/jrtplib/src/rtcpapppacket.cpp
/usr/bin/cmake -E cmake_progress_report /home/sunchangbao/test/github/codeCollectionTmp/build/CMakeFiles 
[  3%] Building CXX object src/A-V/jrtplib/src/CMakeFiles/jrtplib-shared.dir/rtcpbyepacket.cpp.o
cd /home/sunchangbao/test/github/codeCollectionTmp/build/src/A-V/jrtplib/src && /usr/bin/c++   -DJRTPLIB_COMPILING -Djrtplib_shared_EXPORTS -fPIC -I/home/sunchangbao/test/github/codeCollectionTmp/src/includes -I/home/sunchangbao/test/github/codeCollectionTmp/src -I/home/sunchangbao/test/github/codeCollectionTmp/src/A-V/jrtplib/src -I/home/sunchangbao/test/github/codeCollectionTmp/build/src/A-V/jrtplib/src    -o CMakeFiles/jrtplib-shared.dir/rtcpbyepacket.cpp.o -c /home/sunchangbao/test/github/codeCollectionTmp/src/A-V/jrtplib/src/rtcpbyepacket.cpp
/usr/bin/cmake -E cmake_progress_report /home/sunchangbao/test/github/codeCollectionTmp/build/CMakeFiles 
[  3%] Building CXX object src/A-V/jrtplib/src/CMakeFiles/jrtplib-shared.dir/rtcpcompoundpacket.cpp.o
cd /home/sunchangbao/test/github/codeCollectionTmp/build/src/A-V/jrtplib/src && /usr/bin/c++   -DJRTPLIB_COMPILING -Djrtplib_shared_EXPORTS -fPIC -I/home/sunchangbao/test/github/codeCollectionTmp/src/includes -I/home/sunchangbao/test/github/codeCollectionTmp/src -I/home/sunchangbao/test/github/codeCollectionTmp/src/A-V/jrtplib/src -I/home/sunchangbao/test/github/codeCollectionTmp/build/src/A-V/jrtplib/src    -o CMakeFiles/jrtplib-shared.dir/rtcpcompoundpacket.cpp.o -c /home/sunchangbao/test/github/codeCollectionTmp/src/A-V/jrtplib/src/rtcpcompoundpacket.cpp
/usr/bin/cmake -E cmake_progress_report /home/sunchangbao/test/github/codeCollectionTmp/build/CMakeFiles 
[  3%] Building CXX object src/A-V/jrtplib/src/CMakeFiles/jrtplib-shared.dir/rtcpcompoundpacketbuilder.cpp.o
cd /home/sunchangbao/test/github/codeCollectionTmp/build/src/A-V/jrtplib/src && /usr/bin/c++   -DJRTPLIB_COMPILING -Djrtplib_shared_EXPORTS -fPIC -I/home/sunchangbao/test/github/codeCollectionTmp/src/includes -I/home/sunchangbao/test/github/codeCollectionTmp/src -I/home/sunchangbao/test/github/codeCollectionTmp/src/A-V/jrtplib/src -I/home/sunchangbao/test/github/codeCollectionTmp/build/src/A-V/jrtplib/src    -o CMakeFiles/jrtplib-shared.dir/rtcpcompoundpacketbuilder.cpp.o -c /home/sunchangbao/test/github/codeCollectionTmp/src/A-V/jrtplib/src/rtcpcompoundpacketbuilder.cpp
/usr/bin/cmake -E cmake_progress_report /home/sunchangbao/test/github/codeCollectionTmp/build/CMakeFiles 32
[  4%] Building CXX object src/A-V/jrtplib/src/CMakeFiles/jrtplib-shared.dir/rtcppacket.cpp.o
cd /home/sunchangbao/test/github/codeCollectionTmp/build/src/A-V/jrtplib/src && /usr/bin/c++   -DJRTPLIB_COMPILING -Djrtplib_shared_EXPORTS -fPIC -I/home/sunchangbao/test/github/codeCollectionTmp/src/includes -I/home/sunchangbao/test/github/codeCollectionTmp/src -I/home/sunchangbao/test/github/codeCollectionTmp/src/A-V/jrtplib/src -I/home/sunchangbao/test/github/codeCollectionTmp/build/src/A-V/jrtplib/src    -o CMakeFiles/jrtplib-shared.dir/rtcppacket.cpp.o -c /home/sunchangbao/test/github/codeCollectionTmp/src/A-V/jrtplib/src/rtcppacket.cpp
/usr/bin/cmake -E cmake_progress_report /home/sunchangbao/test/github/codeCollectionTmp/build/CMakeFiles 
[  4%] Building CXX object src/A-V/jrtplib/src/CMakeFiles/jrtplib-shared.dir/rtcppacketbuilder.cpp.o
cd /home/sunchangbao/test/github/codeCollectionTmp/build/src/A-V/jrtplib/src && /usr/bin/c++   -DJRTPLIB_COMPILING -Djrtplib_shared_EXPORTS -fPIC -I/home/sunchangbao/test/github/codeCollectionTmp/src/includes -I/home/sunchangbao/test/github/codeCollectionTmp/src -I/home/sunchangbao/test/github/codeCollectionTmp/src/A-V/jrtplib/src -I/home/sunchangbao/test/github/codeCollectionTmp/build/src/A-V/jrtplib/src    -o CMakeFiles/jrtplib-shared.dir/rtcppacketbuilder.cpp.o -c /home/sunchangbao/test/github/codeCollectionTmp/src/A-V/jrtplib/src/rtcppacketbuilder.cpp
/usr/bin/cmake -E cmake_progress_report /home/sunchangbao/test/github/codeCollectionTmp/build/CMakeFiles 
[  4%] Building CXX object src/A-V/jrtplib/src/CMakeFiles/jrtplib-shared.dir/rtcprrpacket.cpp.o
cd /home/sunchangbao/test/github/codeCollectionTmp/build/src/A-V/jrtplib/src && /usr/bin/c++   -DJRTPLIB_COMPILING -Djrtplib_shared_EXPORTS -fPIC -I/home/sunchangbao/test/github/codeCollectionTmp/src/includes -I/home/sunchangbao/test/github/codeCollectionTmp/src -I/home/sunchangbao/test/github/codeCollectionTmp/src/A-V/jrtplib/src -I/home/sunchangbao/test/github/codeCollectionTmp/build/src/A-V/jrtplib/src    -o CMakeFiles/jrtplib-shared.dir/rtcprrpacket.cpp.o -c /home/sunchangbao/test/github/codeCollectionTmp/src/A-V/jrtplib/src/rtcprrpacket.cpp
/usr/bin/cmake -E cmake_progress_report /home/sunchangbao/test/github/codeCollectionTmp/build/CMakeFiles 
[  4%] Building CXX object src/A-V/jrtplib/src/CMakeFiles/jrtplib-shared.dir/rtcpscheduler.cpp.o
cd /home/sunchangbao/test/github/codeCollectionTmp/build/src/A-V/jrtplib/src && /usr/bin/c++   -DJRTPLIB_COMPILING -Djrtplib_shared_EXPORTS -fPIC -I/home/sunchangbao/test/github/codeCollectionTmp/src/includes -I/home/sunchangbao/test/github/codeCollectionTmp/src -I/home/sunchangbao/test/github/codeCollectionTmp/src/A-V/jrtplib/src -I/home/sunchangbao/test/github/codeCollectionTmp/build/src/A-V/jrtplib/src    -o CMakeFiles/jrtplib-shared.dir/rtcpscheduler.cpp.o -c /home/sunchangbao/test/github/codeCollectionTmp/src/A-V/jrtplib/src/rtcpscheduler.cpp
/usr/bin/cmake -E cmake_progress_report /home/sunchangbao/test/github/codeCollectionTmp/build/CMakeFiles 
[  4%] Building CXX object src/A-V/jrtplib/src/CMakeFiles/jrtplib-shared.dir/rtcpsdesinfo.cpp.o
cd /home/sunchangbao/test/github/codeCollectionTmp/build/src/A-V/jrtplib/src && /usr/bin/c++   -DJRTPLIB_COMPILING -Djrtplib_shared_EXPORTS -fPIC -I/home/sunchangbao/test/github/codeCollectionTmp/src/includes -I/home/sunchangbao/test/github/codeCollectionTmp/src -I/home/sunchangbao/test/github/codeCollectionTmp/src/A-V/jrtplib/src -I/home/sunchangbao/test/github/codeCollectionTmp/build/src/A-V/jrtplib/src    -o CMakeFiles/jrtplib-shared.dir/rtcpsdesinfo.cpp.o -c /home/sunchangbao/test/github/codeCollectionTmp/src/A-V/jrtplib/src/rtcpsdesinfo.cpp
/usr/bin/cmake -E cmake_progress_report /home/sunchangbao/test/github/codeCollectionTmp/build/CMakeFiles 33
[  5%] Building CXX object src/A-V/jrtplib/src/CMakeFiles/jrtplib-shared.dir/rtcpsdespacket.cpp.o
cd /home/sunchangbao/test/github/codeCollectionTmp/build/src/A-V/jrtplib/src && /usr/bin/c++   -DJRTPLIB_COMPILING -Djrtplib_shared_EXPORTS -fPIC -I/home/sunchangbao/test/github/codeCollectionTmp/src/includes -I/home/sunchangbao/test/github/codeCollectionTmp/src -I/home/sunchangbao/test/github/codeCollectionTmp/src/A-V/jrtplib/src -I/home/sunchangbao/test/github/codeCollectionTmp/build/src/A-V/jrtplib/src    -o CMakeFiles/jrtplib-shared.dir/rtcpsdespacket.cpp.o -c /home/sunchangbao/test/github/codeCollectionTmp/src/A-V/jrtplib/src/rtcpsdespacket.cpp
/usr/bin/cmake -E cmake_progress_report /home/sunchangbao/test/github/codeCollectionTmp/build/CMakeFiles 
[  5%] Building CXX object src/A-V/jrtplib/src/CMakeFiles/jrtplib-shared.dir/rtcpsrpacket.cpp.o
cd /home/sunchangbao/test/github/codeCollectionTmp/build/src/A-V/jrtplib/src && /usr/bin/c++   -DJRTPLIB_COMPILING -Djrtplib_shared_EXPORTS -fPIC -I/home/sunchangbao/test/github/codeCollectionTmp/src/includes -I/home/sunchangbao/test/github/codeCollectionTmp/src -I/home/sunchangbao/test/github/codeCollectionTmp/src/A-V/jrtplib/src -I/home/sunchangbao/test/github/codeCollectionTmp/build/src/A-V/jrtplib/src    -o CMakeFiles/jrtplib-shared.dir/rtcpsrpacket.cpp.o -c /home/sunchangbao/test/github/codeCollectionTmp/src/A-V/jrtplib/src/rtcpsrpacket.cpp
/usr/bin/cmake -E cmake_progress_report /home/sunchangbao/test/github/codeCollectionTmp/build/CMakeFiles 
[  5%] Building CXX object src/A-V/jrtplib/src/CMakeFiles/jrtplib-shared.dir/rtpcollisionlist.cpp.o
cd /home/sunchangbao/test/github/codeCollectionTmp/build/src/A-V/jrtplib/src && /usr/bin/c++   -DJRTPLIB_COMPILING -Djrtplib_shared_EXPORTS -fPIC -I/home/sunchangbao/test/github/codeCollectionTmp/src/includes -I/home/sunchangbao/test/github/codeCollectionTmp/src -I/home/sunchangbao/test/github/codeCollectionTmp/src/A-V/jrtplib/src -I/home/sunchangbao/test/github/codeCollectionTmp/build/src/A-V/jrtplib/src    -o CMakeFiles/jrtplib-shared.dir/rtpcollisionlist.cpp.o -c /home/sunchangbao/test/github/codeCollectionTmp/src/A-V/jrtplib/src/rtpcollisionlist.cpp
/usr/bin/cmake -E cmake_progress_report /home/sunchangbao/test/github/codeCollectionTmp/build/CMakeFiles 
[  5%] Building CXX object src/A-V/jrtplib/src/CMakeFiles/jrtplib-shared.dir/rtpdebug.cpp.o
cd /home/sunchangbao/test/github/codeCollectionTmp/build/src/A-V/jrtplib/src && /usr/bin/c++   -DJRTPLIB_COMPILING -Djrtplib_shared_EXPORTS -fPIC -I/home/sunchangbao/test/github/codeCollectionTmp/src/includes -I/home/sunchangbao/test/github/codeCollectionTmp/src -I/home/sunchangbao/test/github/codeCollectionTmp/src/A-V/jrtplib/src -I/home/sunchangbao/test/github/codeCollectionTmp/build/src/A-V/jrtplib/src    -o CMakeFiles/jrtplib-shared.dir/rtpdebug.cpp.o -c /home/sunchangbao/test/github/codeCollectionTmp/src/A-V/jrtplib/src/rtpdebug.cpp
/usr/bin/cmake -E cmake_progress_report /home/sunchangbao/test/github/codeCollectionTmp/build/CMakeFiles 34
[  6%] Building CXX object src/A-V/jrtplib/src/CMakeFiles/jrtplib-shared.dir/rtperrors.cpp.o
cd /home/sunchangbao/test/github/codeCollectionTmp/build/src/A-V/jrtplib/src && /usr/bin/c++   -DJRTPLIB_COMPILING -Djrtplib_shared_EXPORTS -fPIC -I/home/sunchangbao/test/github/codeCollectionTmp/src/includes -I/home/sunchangbao/test/github/codeCollectionTmp/src -I/home/sunchangbao/test/github/codeCollectionTmp/src/A-V/jrtplib/src -I/home/sunchangbao/test/github/codeCollectionTmp/build/src/A-V/jrtplib/src    -o CMakeFiles/jrtplib-shared.dir/rtperrors.cpp.o -c /home/sunchangbao/test/github/codeCollectionTmp/src/A-V/jrtplib/src/rtperrors.cpp
/usr/bin/cmake -E cmake_progress_report /home/sunchangbao/test/github/codeCollectionTmp/build/CMakeFiles 
[  6%] Building CXX object src/A-V/jrtplib/src/CMakeFiles/jrtplib-shared.dir/rtpinternalsourcedata.cpp.o
cd /home/sunchangbao/test/github/codeCollectionTmp/build/src/A-V/jrtplib/src && /usr/bin/c++   -DJRTPLIB_COMPILING -Djrtplib_shared_EXPORTS -fPIC -I/home/sunchangbao/test/github/codeCollectionTmp/src/includes -I/home/sunchangbao/test/github/codeCollectionTmp/src -I/home/sunchangbao/test/github/codeCollectionTmp/src/A-V/jrtplib/src -I/home/sunchangbao/test/github/codeCollectionTmp/build/src/A-V/jrtplib/src    -o CMakeFiles/jrtplib-shared.dir/rtpinternalsourcedata.cpp.o -c /home/sunchangbao/test/github/codeCollectionTmp/src/A-V/jrtplib/src/rtpinternalsourcedata.cpp
/usr/bin/cmake -E cmake_progress_report /home/sunchangbao/test/github/codeCollectionTmp/build/CMakeFiles 
[  6%] Building CXX object src/A-V/jrtplib/src/CMakeFiles/jrtplib-shared.dir/rtpipv4address.cpp.o
cd /home/sunchangbao/test/github/codeCollectionTmp/build/src/A-V/jrtplib/src && /usr/bin/c++   -DJRTPLIB_COMPILING -Djrtplib_shared_EXPORTS -fPIC -I/home/sunchangbao/test/github/codeCollectionTmp/src/includes -I/home/sunchangbao/test/github/codeCollectionTmp/src -I/home/sunchangbao/test/github/codeCollectionTmp/src/A-V/jrtplib/src -I/home/sunchangbao/test/github/codeCollectionTmp/build/src/A-V/jrtplib/src    -o CMakeFiles/jrtplib-shared.dir/rtpipv4address.cpp.o -c /home/sunchangbao/test/github/codeCollectionTmp/src/A-V/jrtplib/src/rtpipv4address.cpp
/usr/bin/cmake -E cmake_progress_report /home/sunchangbao/test/github/codeCollectionTmp/build/CMakeFiles 
[  6%] Building CXX object src/A-V/jrtplib/src/CMakeFiles/jrtplib-shared.dir/rtpipv6address.cpp.o
cd /home/sunchangbao/test/github/codeCollectionTmp/build/src/A-V/jrtplib/src && /usr/bin/c++   -DJRTPLIB_COMPILING -Djrtplib_shared_EXPORTS -fPIC -I/home/sunchangbao/test/github/codeCollectionTmp/src/includes -I/home/sunchangbao/test/github/codeCollectionTmp/src -I/home/sunchangbao/test/github/codeCollectionTmp/src/A-V/jrtplib/src -I/home/sunchangbao/test/github/codeCollectionTmp/build/src/A-V/jrtplib/src    -o CMakeFiles/jrtplib-shared.dir/rtpipv6address.cpp.o -c /home/sunchangbao/test/github/codeCollectionTmp/src/A-V/jrtplib/src/rtpipv6address.cpp
/usr/bin/cmake -E cmake_progress_report /home/sunchangbao/test/github/codeCollectionTmp/build/CMakeFiles 35
[  7%] Building CXX object src/A-V/jrtplib/src/CMakeFiles/jrtplib-shared.dir/rtplibraryversion.cpp.o
cd /home/sunchangbao/test/github/codeCollectionTmp/build/src/A-V/jrtplib/src && /usr/bin/c++   -DJRTPLIB_COMPILING -Djrtplib_shared_EXPORTS -fPIC -I/home/sunchangbao/test/github/codeCollectionTmp/src/includes -I/home/sunchangbao/test/github/codeCollectionTmp/src -I/home/sunchangbao/test/github/codeCollectionTmp/src/A-V/jrtplib/src -I/home/sunchangbao/test/github/codeCollectionTmp/build/src/A-V/jrtplib/src    -o CMakeFiles/jrtplib-shared.dir/rtplibraryversion.cpp.o -c /home/sunchangbao/test/github/codeCollectionTmp/src/A-V/jrtplib/src/rtplibraryversion.cpp
/usr/bin/cmake -E cmake_progress_report /home/sunchangbao/test/github/codeCollectionTmp/build/CMakeFiles 
[  7%] Building CXX object src/A-V/jrtplib/src/CMakeFiles/jrtplib-shared.dir/rtppacket.cpp.o
cd /home/sunchangbao/test/github/codeCollectionTmp/build/src/A-V/jrtplib/src && /usr/bin/c++   -DJRTPLIB_COMPILING -Djrtplib_shared_EXPORTS -fPIC -I/home/sunchangbao/test/github/codeCollectionTmp/src/includes -I/home/sunchangbao/test/github/codeCollectionTmp/src -I/home/sunchangbao/test/github/codeCollectionTmp/src/A-V/jrtplib/src -I/home/sunchangbao/test/github/codeCollectionTmp/build/src/A-V/jrtplib/src    -o CMakeFiles/jrtplib-shared.dir/rtppacket.cpp.o -c /home/sunchangbao/test/github/codeCollectionTmp/src/A-V/jrtplib/src/rtppacket.cpp
/usr/bin/cmake -E cmake_progress_report /home/sunchangbao/test/github/codeCollectionTmp/build/CMakeFiles 
[  7%] Building CXX object src/A-V/jrtplib/src/CMakeFiles/jrtplib-shared.dir/rtppacketbuilder.cpp.o
cd /home/sunchangbao/test/github/codeCollectionTmp/build/src/A-V/jrtplib/src && /usr/bin/c++   -DJRTPLIB_COMPILING -Djrtplib_shared_EXPORTS -fPIC -I/home/sunchangbao/test/github/codeCollectionTmp/src/includes -I/home/sunchangbao/test/github/codeCollectionTmp/src -I/home/sunchangbao/test/github/codeCollectionTmp/src/A-V/jrtplib/src -I/home/sunchangbao/test/github/codeCollectionTmp/build/src/A-V/jrtplib/src    -o CMakeFiles/jrtplib-shared.dir/rtppacketbuilder.cpp.o -c /home/sunchangbao/test/github/codeCollectionTmp/src/A-V/jrtplib/src/rtppacketbuilder.cpp
/usr/bin/cmake -E cmake_progress_report /home/sunchangbao/test/github/codeCollectionTmp/build/CMakeFiles 
[  7%] Building CXX object src/A-V/jrtplib/src/CMakeFiles/jrtplib-shared.dir/rtppollthread.cpp.o
cd /home/sunchangbao/test/github/codeCollectionTmp/build/src/A-V/jrtplib/src && /usr/bin/c++   -DJRTPLIB_COMPILING -Djrtplib_shared_EXPORTS -fPIC -I/home/sunchangbao/test/github/codeCollectionTmp/src/includes -I/home/sunchangbao/test/github/codeCollectionTmp/src -I/home/sunchangbao/test/github/codeCollectionTmp/src/A-V/jrtplib/src -I/home/sunchangbao/test/github/codeCollectionTmp/build/src/A-V/jrtplib/src    -o CMakeFiles/jrtplib-shared.dir/rtppollthread.cpp.o -c /home/sunchangbao/test/github/codeCollectionTmp/src/A-V/jrtplib/src/rtppollthread.cpp
/usr/bin/cmake -E cmake_progress_report /home/sunchangbao/test/github/codeCollectionTmp/build/CMakeFiles 
[  7%] Building CXX object src/A-V/jrtplib/src/CMakeFiles/jrtplib-shared.dir/rtprandom.cpp.o
cd /home/sunchangbao/test/github/codeCollectionTmp/build/src/A-V/jrtplib/src && /usr/bin/c++   -DJRTPLIB_COMPILING -Djrtplib_shared_EXPORTS -fPIC -I/home/sunchangbao/test/github/codeCollectionTmp/src/includes -I/home/sunchangbao/test/github/codeCollectionTmp/src -I/home/sunchangbao/test/github/codeCollectionTmp/src/A-V/jrtplib/src -I/home/sunchangbao/test/github/codeCollectionTmp/build/src/A-V/jrtplib/src    -o CMakeFiles/jrtplib-shared.dir/rtprandom.cpp.o -c /home/sunchangbao/test/github/codeCollectionTmp/src/A-V/jrtplib/src/rtprandom.cpp
/usr/bin/cmake -E cmake_progress_report /home/sunchangbao/test/github/codeCollectionTmp/build/CMakeFiles 36
[  8%] Building CXX object src/A-V/jrtplib/src/CMakeFiles/jrtplib-shared.dir/rtprandomrand48.cpp.o
cd /home/sunchangbao/test/github/codeCollectionTmp/build/src/A-V/jrtplib/src && /usr/bin/c++   -DJRTPLIB_COMPILING -Djrtplib_shared_EXPORTS -fPIC -I/home/sunchangbao/test/github/codeCollectionTmp/src/includes -I/home/sunchangbao/test/github/codeCollectionTmp/src -I/home/sunchangbao/test/github/codeCollectionTmp/src/A-V/jrtplib/src -I/home/sunchangbao/test/github/codeCollectionTmp/build/src/A-V/jrtplib/src    -o CMakeFiles/jrtplib-shared.dir/rtprandomrand48.cpp.o -c /home/sunchangbao/test/github/codeCollectionTmp/src/A-V/jrtplib/src/rtprandomrand48.cpp
/usr/bin/cmake -E cmake_progress_report /home/sunchangbao/test/github/codeCollectionTmp/build/CMakeFiles 
[  8%] Building CXX object src/A-V/jrtplib/src/CMakeFiles/jrtplib-shared.dir/rtprandomrands.cpp.o
cd /home/sunchangbao/test/github/codeCollectionTmp/build/src/A-V/jrtplib/src && /usr/bin/c++   -DJRTPLIB_COMPILING -Djrtplib_shared_EXPORTS -fPIC -I/home/sunchangbao/test/github/codeCollectionTmp/src/includes -I/home/sunchangbao/test/github/codeCollectionTmp/src -I/home/sunchangbao/test/github/codeCollectionTmp/src/A-V/jrtplib/src -I/home/sunchangbao/test/github/codeCollectionTmp/build/src/A-V/jrtplib/src    -o CMakeFiles/jrtplib-shared.dir/rtprandomrands.cpp.o -c /home/sunchangbao/test/github/codeCollectionTmp/src/A-V/jrtplib/src/rtprandomrands.cpp
/usr/bin/cmake -E cmake_progress_report /home/sunchangbao/test/github/codeCollectionTmp/build/CMakeFiles 
[  8%] Building CXX object src/A-V/jrtplib/src/CMakeFiles/jrtplib-shared.dir/rtprandomurandom.cpp.o
cd /home/sunchangbao/test/github/codeCollectionTmp/build/src/A-V/jrtplib/src && /usr/bin/c++   -DJRTPLIB_COMPILING -Djrtplib_shared_EXPORTS -fPIC -I/home/sunchangbao/test/github/codeCollectionTmp/src/includes -I/home/sunchangbao/test/github/codeCollectionTmp/src -I/home/sunchangbao/test/github/codeCollectionTmp/src/A-V/jrtplib/src -I/home/sunchangbao/test/github/codeCollectionTmp/build/src/A-V/jrtplib/src    -o CMakeFiles/jrtplib-shared.dir/rtprandomurandom.cpp.o -c /home/sunchangbao/test/github/codeCollectionTmp/src/A-V/jrtplib/src/rtprandomurandom.cpp
/usr/bin/cmake -E cmake_progress_report /home/sunchangbao/test/github/codeCollectionTmp/build/CMakeFiles 
[  8%] Building CXX object src/A-V/jrtplib/src/CMakeFiles/jrtplib-shared.dir/rtpsession.cpp.o
cd /home/sunchangbao/test/github/codeCollectionTmp/build/src/A-V/jrtplib/src && /usr/bin/c++   -DJRTPLIB_COMPILING -Djrtplib_shared_EXPORTS -fPIC -I/home/sunchangbao/test/github/codeCollectionTmp/src/includes -I/home/sunchangbao/test/github/codeCollectionTmp/src -I/home/sunchangbao/test/github/codeCollectionTmp/src/A-V/jrtplib/src -I/home/sunchangbao/test/github/codeCollectionTmp/build/src/A-V/jrtplib/src    -o CMakeFiles/jrtplib-shared.dir/rtpsession.cpp.o -c /home/sunchangbao/test/github/codeCollectionTmp/src/A-V/jrtplib/src/rtpsession.cpp
/usr/bin/cmake -E cmake_progress_report /home/sunchangbao/test/github/codeCollectionTmp/build/CMakeFiles 37
[  9%] Building CXX object src/A-V/jrtplib/src/CMakeFiles/jrtplib-shared.dir/rtpsessionparams.cpp.o
cd /home/sunchangbao/test/github/codeCollectionTmp/build/src/A-V/jrtplib/src && /usr/bin/c++   -DJRTPLIB_COMPILING -Djrtplib_shared_EXPORTS -fPIC -I/home/sunchangbao/test/github/codeCollectionTmp/src/includes -I/home/sunchangbao/test/github/codeCollectionTmp/src -I/home/sunchangbao/test/github/codeCollectionTmp/src/A-V/jrtplib/src -I/home/sunchangbao/test/github/codeCollectionTmp/build/src/A-V/jrtplib/src    -o CMakeFiles/jrtplib-shared.dir/rtpsessionparams.cpp.o -c /home/sunchangbao/test/github/codeCollectionTmp/src/A-V/jrtplib/src/rtpsessionparams.cpp
/usr/bin/cmake -E cmake_progress_report /home/sunchangbao/test/github/codeCollectionTmp/build/CMakeFiles 
[  9%] Building CXX object src/A-V/jrtplib/src/CMakeFiles/jrtplib-shared.dir/rtpsessionsources.cpp.o
cd /home/sunchangbao/test/github/codeCollectionTmp/build/src/A-V/jrtplib/src && /usr/bin/c++   -DJRTPLIB_COMPILING -Djrtplib_shared_EXPORTS -fPIC -I/home/sunchangbao/test/github/codeCollectionTmp/src/includes -I/home/sunchangbao/test/github/codeCollectionTmp/src -I/home/sunchangbao/test/github/codeCollectionTmp/src/A-V/jrtplib/src -I/home/sunchangbao/test/github/codeCollectionTmp/build/src/A-V/jrtplib/src    -o CMakeFiles/jrtplib-shared.dir/rtpsessionsources.cpp.o -c /home/sunchangbao/test/github/codeCollectionTmp/src/A-V/jrtplib/src/rtpsessionsources.cpp
/usr/bin/cmake -E cmake_progress_report /home/sunchangbao/test/github/codeCollectionTmp/build/CMakeFiles 
[  9%] Building CXX object src/A-V/jrtplib/src/CMakeFiles/jrtplib-shared.dir/rtpsourcedata.cpp.o
cd /home/sunchangbao/test/github/codeCollectionTmp/build/src/A-V/jrtplib/src && /usr/bin/c++   -DJRTPLIB_COMPILING -Djrtplib_shared_EXPORTS -fPIC -I/home/sunchangbao/test/github/codeCollectionTmp/src/includes -I/home/sunchangbao/test/github/codeCollectionTmp/src -I/home/sunchangbao/test/github/codeCollectionTmp/src/A-V/jrtplib/src -I/home/sunchangbao/test/github/codeCollectionTmp/build/src/A-V/jrtplib/src    -o CMakeFiles/jrtplib-shared.dir/rtpsourcedata.cpp.o -c /home/sunchangbao/test/github/codeCollectionTmp/src/A-V/jrtplib/src/rtpsourcedata.cpp
/usr/bin/cmake -E cmake_progress_report /home/sunchangbao/test/github/codeCollectionTmp/build/CMakeFiles 
[  9%] Building CXX object src/A-V/jrtplib/src/CMakeFiles/jrtplib-shared.dir/rtpsources.cpp.o
cd /home/sunchangbao/test/github/codeCollectionTmp/build/src/A-V/jrtplib/src && /usr/bin/c++   -DJRTPLIB_COMPILING -Djrtplib_shared_EXPORTS -fPIC -I/home/sunchangbao/test/github/codeCollectionTmp/src/includes -I/home/sunchangbao/test/github/codeCollectionTmp/src -I/home/sunchangbao/test/github/codeCollectionTmp/src/A-V/jrtplib/src -I/home/sunchangbao/test/github/codeCollectionTmp/build/src/A-V/jrtplib/src    -o CMakeFiles/jrtplib-shared.dir/rtpsources.cpp.o -c /home/sunchangbao/test/github/codeCollectionTmp/src/A-V/jrtplib/src/rtpsources.cpp
/usr/bin/cmake -E cmake_progress_report /home/sunchangbao/test/github/codeCollectionTmp/build/CMakeFiles 38
[ 10%] Building CXX object src/A-V/jrtplib/src/CMakeFiles/jrtplib-shared.dir/rtptimeutilities.cpp.o
cd /home/sunchangbao/test/github/codeCollectionTmp/build/src/A-V/jrtplib/src && /usr/bin/c++   -DJRTPLIB_COMPILING -Djrtplib_shared_EXPORTS -fPIC -I/home/sunchangbao/test/github/codeCollectionTmp/src/includes -I/home/sunchangbao/test/github/codeCollectionTmp/src -I/home/sunchangbao/test/github/codeCollectionTmp/src/A-V/jrtplib/src -I/home/sunchangbao/test/github/codeCollectionTmp/build/src/A-V/jrtplib/src    -o CMakeFiles/jrtplib-shared.dir/rtptimeutilities.cpp.o -c /home/sunchangbao/test/github/codeCollectionTmp/src/A-V/jrtplib/src/rtptimeutilities.cpp
/usr/bin/cmake -E cmake_progress_report /home/sunchangbao/test/github/codeCollectionTmp/build/CMakeFiles 
[ 10%] Building CXX object src/A-V/jrtplib/src/CMakeFiles/jrtplib-shared.dir/rtpudpv4transmitter.cpp.o
cd /home/sunchangbao/test/github/codeCollectionTmp/build/src/A-V/jrtplib/src && /usr/bin/c++   -DJRTPLIB_COMPILING -Djrtplib_shared_EXPORTS -fPIC -I/home/sunchangbao/test/github/codeCollectionTmp/src/includes -I/home/sunchangbao/test/github/codeCollectionTmp/src -I/home/sunchangbao/test/github/codeCollectionTmp/src/A-V/jrtplib/src -I/home/sunchangbao/test/github/codeCollectionTmp/build/src/A-V/jrtplib/src    -o CMakeFiles/jrtplib-shared.dir/rtpudpv4transmitter.cpp.o -c /home/sunchangbao/test/github/codeCollectionTmp/src/A-V/jrtplib/src/rtpudpv4transmitter.cpp
/usr/bin/cmake -E cmake_progress_report /home/sunchangbao/test/github/codeCollectionTmp/build/CMakeFiles 
[ 10%] Building CXX object src/A-V/jrtplib/src/CMakeFiles/jrtplib-shared.dir/rtpudpv6transmitter.cpp.o
cd /home/sunchangbao/test/github/codeCollectionTmp/build/src/A-V/jrtplib/src && /usr/bin/c++   -DJRTPLIB_COMPILING -Djrtplib_shared_EXPORTS -fPIC -I/home/sunchangbao/test/github/codeCollectionTmp/src/includes -I/home/sunchangbao/test/github/codeCollectionTmp/src -I/home/sunchangbao/test/github/codeCollectionTmp/src/A-V/jrtplib/src -I/home/sunchangbao/test/github/codeCollectionTmp/build/src/A-V/jrtplib/src    -o CMakeFiles/jrtplib-shared.dir/rtpudpv6transmitter.cpp.o -c /home/sunchangbao/test/github/codeCollectionTmp/src/A-V/jrtplib/src/rtpudpv6transmitter.cpp
/usr/bin/cmake -E cmake_progress_report /home/sunchangbao/test/github/codeCollectionTmp/build/CMakeFiles 
[ 10%] Building CXX object src/A-V/jrtplib/src/CMakeFiles/jrtplib-shared.dir/rtpbyteaddress.cpp.o
cd /home/sunchangbao/test/github/codeCollectionTmp/build/src/A-V/jrtplib/src && /usr/bin/c++   -DJRTPLIB_COMPILING -Djrtplib_shared_EXPORTS -fPIC -I/home/sunchangbao/test/github/codeCollectionTmp/src/includes -I/home/sunchangbao/test/github/codeCollectionTmp/src -I/home/sunchangbao/test/github/codeCollectionTmp/src/A-V/jrtplib/src -I/home/sunchangbao/test/github/codeCollectionTmp/build/src/A-V/jrtplib/src    -o CMakeFiles/jrtplib-shared.dir/rtpbyteaddress.cpp.o -c /home/sunchangbao/test/github/codeCollectionTmp/src/A-V/jrtplib/src/rtpbyteaddress.cpp
/usr/bin/cmake -E cmake_progress_report /home/sunchangbao/test/github/codeCollectionTmp/build/CMakeFiles 
[ 10%] Building CXX object src/A-V/jrtplib/src/CMakeFiles/jrtplib-shared.dir/rtpexternaltransmitter.cpp.o
cd /home/sunchangbao/test/github/codeCollectionTmp/build/src/A-V/jrtplib/src && /usr/bin/c++   -DJRTPLIB_COMPILING -Djrtplib_shared_EXPORTS -fPIC -I/home/sunchangbao/test/github/codeCollectionTmp/src/includes -I/home/sunchangbao/test/github/codeCollectionTmp/src -I/home/sunchangbao/test/github/codeCollectionTmp/src/A-V/jrtplib/src -I/home/sunchangbao/test/github/codeCollectionTmp/build/src/A-V/jrtplib/src    -o CMakeFiles/jrtplib-shared.dir/rtpexternaltransmitter.cpp.o -c /home/sunchangbao/test/github/codeCollectionTmp/src/A-V/jrtplib/src/rtpexternaltransmitter.cpp
/usr/bin/cmake -E cmake_progress_report /home/sunchangbao/test/github/codeCollectionTmp/build/CMakeFiles 39
[ 11%] Building CXX object src/A-V/jrtplib/src/CMakeFiles/jrtplib-shared.dir/extratransmitters/rtpfaketransmitter.cpp.o
cd /home/sunchangbao/test/github/codeCollectionTmp/build/src/A-V/jrtplib/src && /usr/bin/c++   -DJRTPLIB_COMPILING -Djrtplib_shared_EXPORTS -fPIC -I/home/sunchangbao/test/github/codeCollectionTmp/src/includes -I/home/sunchangbao/test/github/codeCollectionTmp/src -I/home/sunchangbao/test/github/codeCollectionTmp/src/A-V/jrtplib/src -I/home/sunchangbao/test/github/codeCollectionTmp/build/src/A-V/jrtplib/src    -o CMakeFiles/jrtplib-shared.dir/extratransmitters/rtpfaketransmitter.cpp.o -c /home/sunchangbao/test/github/codeCollectionTmp/src/A-V/jrtplib/src/extratransmitters/rtpfaketransmitter.cpp
Linking CXX shared library ../../../../libs/libjrtp.so
cd /home/sunchangbao/test/github/codeCollectionTmp/build/src/A-V/jrtplib/src && /usr/bin/cmake -E cmake_link_script CMakeFiles/jrtplib-shared.dir/link.txt --verbose=1
/usr/bin/c++  -fPIC    -shared -Wl,-soname,libjrtp.so.3.9.1 -o ../../../../libs/libjrtp.so.3.9.1 CMakeFiles/jrtplib-shared.dir/rtcpapppacket.cpp.o CMakeFiles/jrtplib-shared.dir/rtcpbyepacket.cpp.o CMakeFiles/jrtplib-shared.dir/rtcpcompoundpacket.cpp.o CMakeFiles/jrtplib-shared.dir/rtcpcompoundpacketbuilder.cpp.o CMakeFiles/jrtplib-shared.dir/rtcppacket.cpp.o CMakeFiles/jrtplib-shared.dir/rtcppacketbuilder.cpp.o CMakeFiles/jrtplib-shared.dir/rtcprrpacket.cpp.o CMakeFiles/jrtplib-shared.dir/rtcpscheduler.cpp.o CMakeFiles/jrtplib-shared.dir/rtcpsdesinfo.cpp.o CMakeFiles/jrtplib-shared.dir/rtcpsdespacket.cpp.o CMakeFiles/jrtplib-shared.dir/rtcpsrpacket.cpp.o CMakeFiles/jrtplib-shared.dir/rtpcollisionlist.cpp.o CMakeFiles/jrtplib-shared.dir/rtpdebug.cpp.o CMakeFiles/jrtplib-shared.dir/rtperrors.cpp.o CMakeFiles/jrtplib-shared.dir/rtpinternalsourcedata.cpp.o CMakeFiles/jrtplib-shared.dir/rtpipv4address.cpp.o CMakeFiles/jrtplib-shared.dir/rtpipv6address.cpp.o CMakeFiles/jrtplib-shared.dir/rtplibraryversion.cpp.o CMakeFiles/jrtplib-shared.dir/rtppacket.cpp.o CMakeFiles/jrtplib-shared.dir/rtppacketbuilder.cpp.o CMakeFiles/jrtplib-shared.dir/rtppollthread.cpp.o CMakeFiles/jrtplib-shared.dir/rtprandom.cpp.o CMakeFiles/jrtplib-shared.dir/rtprandomrand48.cpp.o CMakeFiles/jrtplib-shared.dir/rtprandomrands.cpp.o CMakeFiles/jrtplib-shared.dir/rtprandomurandom.cpp.o CMakeFiles/jrtplib-shared.dir/rtpsession.cpp.o CMakeFiles/jrtplib-shared.dir/rtpsessionparams.cpp.o CMakeFiles/jrtplib-shared.dir/rtpsessionsources.cpp.o CMakeFiles/jrtplib-shared.dir/rtpsourcedata.cpp.o CMakeFiles/jrtplib-shared.dir/rtpsources.cpp.o CMakeFiles/jrtplib-shared.dir/rtptimeutilities.cpp.o CMakeFiles/jrtplib-shared.dir/rtpudpv4transmitter.cpp.o CMakeFiles/jrtplib-shared.dir/rtpudpv6transmitter.cpp.o CMakeFiles/jrtplib-shared.dir/rtpbyteaddress.cpp.o CMakeFiles/jrtplib-shared.dir/rtpexternaltransmitter.cpp.o CMakeFiles/jrtplib-shared.dir/extratransmitters/rtpfaketransmitter.cpp.o 
cd /home/sunchangbao/test/github/codeCollectionTmp/build/src/A-V/jrtplib/src && /usr/bin/cmake -E cmake_symlink_library ../../../../libs/libjrtp.so.3.9.1 ../../../../libs/libjrtp.so.3.9.1 ../../../../libs/libjrtp.so
make[2]: Leaving directory `/home/sunchangbao/test/github/codeCollectionTmp/build'
/usr/bin/cmake -E cmake_progress_report /home/sunchangbao/test/github/codeCollectionTmp/build/CMakeFiles  31 32 33 34 35 36 37 38 39
[ 11%] Built target jrtplib-shared
make -f src/A-V/jrtplib/src/CMakeFiles/jrtplib-static.dir/build.make src/A-V/jrtplib/src/CMakeFiles/jrtplib-static.dir/depend
make[2]: Entering directory `/home/sunchangbao/test/github/codeCollectionTmp/build'
cd /home/sunchangbao/test/github/codeCollectionTmp/build && /usr/bin/cmake -E cmake_depends "Unix Makefiles" /home/sunchangbao/test/github/codeCollectionTmp /home/sunchangbao/test/github/codeCollectionTmp/src/A-V/jrtplib/src /home/sunchangbao/test/github/codeCollectionTmp/build /home/sunchangbao/test/github/codeCollectionTmp/build/src/A-V/jrtplib/src /home/sunchangbao/test/github/codeCollectionTmp/build/src/A-V/jrtplib/src/CMakeFiles/jrtplib-static.dir/DependInfo.cmake --color=
Scanning dependencies of target jrtplib-static
make[2]: Leaving directory `/home/sunchangbao/test/github/codeCollectionTmp/build'
make -f src/A-V/jrtplib/src/CMakeFiles/jrtplib-static.dir/build.make src/A-V/jrtplib/src/CMakeFiles/jrtplib-static.dir/build
make[2]: Entering directory `/home/sunchangbao/test/github/codeCollectionTmp/build'
/usr/bin/cmake -E cmake_progress_report /home/sunchangbao/test/github/codeCollectionTmp/build/CMakeFiles 
[ 11%] Building CXX object src/A-V/jrtplib/src/CMakeFiles/jrtplib-static.dir/rtcpapppacket.cpp.o
cd /home/sunchangbao/test/github/codeCollectionTmp/build/src/A-V/jrtplib/src && /usr/bin/c++   -DJRTPLIB_COMPILING -I/home/sunchangbao/test/github/codeCollectionTmp/src/includes -I/home/sunchangbao/test/github/codeCollectionTmp/src -I/home/sunchangbao/test/github/codeCollectionTmp/src/A-V/jrtplib/src -I/home/sunchangbao/test/github/codeCollectionTmp/build/src/A-V/jrtplib/src    -o CMakeFiles/jrtplib-static.dir/rtcpapppacket.cpp.o -c /home/sunchangbao/test/github/codeCollectionTmp/src/A-V/jrtplib/src/rtcpapppacket.cpp
/usr/bin/cmake -E cmake_progress_report /home/sunchangbao/test/github/codeCollectionTmp/build/CMakeFiles 
[ 11%] Building CXX object src/A-V/jrtplib/src/CMakeFiles/jrtplib-static.dir/rtcpbyepacket.cpp.o
cd /home/sunchangbao/test/github/codeCollectionTmp/build/src/A-V/jrtplib/src && /usr/bin/c++   -DJRTPLIB_COMPILING -I/home/sunchangbao/test/github/codeCollectionTmp/src/includes -I/home/sunchangbao/test/github/codeCollectionTmp/src -I/home/sunchangbao/test/github/codeCollectionTmp/src/A-V/jrtplib/src -I/home/sunchangbao/test/github/codeCollectionTmp/build/src/A-V/jrtplib/src    -o CMakeFiles/jrtplib-static.dir/rtcpbyepacket.cpp.o -c /home/sunchangbao/test/github/codeCollectionTmp/src/A-V/jrtplib/src/rtcpbyepacket.cpp
/usr/bin/cmake -E cmake_progress_report /home/sunchangbao/test/github/codeCollectionTmp/build/CMakeFiles 
[ 11%] Building CXX object src/A-V/jrtplib/src/CMakeFiles/jrtplib-static.dir/rtcpcompoundpacket.cpp.o
cd /home/sunchangbao/test/github/codeCollectionTmp/build/src/A-V/jrtplib/src && /usr/bin/c++   -DJRTPLIB_COMPILING -I/home/sunchangbao/test/github/codeCollectionTmp/src/includes -I/home/sunchangbao/test/github/codeCollectionTmp/src -I/home/sunchangbao/test/github/codeCollectionTmp/src/A-V/jrtplib/src -I/home/sunchangbao/test/github/codeCollectionTmp/build/src/A-V/jrtplib/src    -o CMakeFiles/jrtplib-static.dir/rtcpcompoundpacket.cpp.o -c /home/sunchangbao/test/github/codeCollectionTmp/src/A-V/jrtplib/src/rtcpcompoundpacket.cpp
/usr/bin/cmake -E cmake_progress_report /home/sunchangbao/test/github/codeCollectionTmp/build/CMakeFiles 40
[ 12%] Building CXX object src/A-V/jrtplib/src/CMakeFiles/jrtplib-static.dir/rtcpcompoundpacketbuilder.cpp.o
cd /home/sunchangbao/test/github/codeCollectionTmp/build/src/A-V/jrtplib/src && /usr/bin/c++   -DJRTPLIB_COMPILING -I/home/sunchangbao/test/github/codeCollectionTmp/src/includes -I/home/sunchangbao/test/github/codeCollectionTmp/src -I/home/sunchangbao/test/github/codeCollectionTmp/src/A-V/jrtplib/src -I/home/sunchangbao/test/github/codeCollectionTmp/build/src/A-V/jrtplib/src    -o CMakeFiles/jrtplib-static.dir/rtcpcompoundpacketbuilder.cpp.o -c /home/sunchangbao/test/github/codeCollectionTmp/src/A-V/jrtplib/src/rtcpcompoundpacketbuilder.cpp
/usr/bin/cmake -E cmake_progress_report /home/sunchangbao/test/github/codeCollectionTmp/build/CMakeFiles 
[ 12%] Building CXX object src/A-V/jrtplib/src/CMakeFiles/jrtplib-static.dir/rtcppacket.cpp.o
cd /home/sunchangbao/test/github/codeCollectionTmp/build/src/A-V/jrtplib/src && /usr/bin/c++   -DJRTPLIB_COMPILING -I/home/sunchangbao/test/github/codeCollectionTmp/src/includes -I/home/sunchangbao/test/github/codeCollectionTmp/src -I/home/sunchangbao/test/github/codeCollectionTmp/src/A-V/jrtplib/src -I/home/sunchangbao/test/github/codeCollectionTmp/build/src/A-V/jrtplib/src    -o CMakeFiles/jrtplib-static.dir/rtcppacket.cpp.o -c /home/sunchangbao/test/github/codeCollectionTmp/src/A-V/jrtplib/src/rtcppacket.cpp
/usr/bin/cmake -E cmake_progress_report /home/sunchangbao/test/github/codeCollectionTmp/build/CMakeFiles 
[ 12%] Building CXX object src/A-V/jrtplib/src/CMakeFiles/jrtplib-static.dir/rtcppacketbuilder.cpp.o
cd /home/sunchangbao/test/github/codeCollectionTmp/build/src/A-V/jrtplib/src && /usr/bin/c++   -DJRTPLIB_COMPILING -I/home/sunchangbao/test/github/codeCollectionTmp/src/includes -I/home/sunchangbao/test/github/codeCollectionTmp/src -I/home/sunchangbao/test/github/codeCollectionTmp/src/A-V/jrtplib/src -I/home/sunchangbao/test/github/codeCollectionTmp/build/src/A-V/jrtplib/src    -o CMakeFiles/jrtplib-static.dir/rtcppacketbuilder.cpp.o -c /home/sunchangbao/test/github/codeCollectionTmp/src/A-V/jrtplib/src/rtcppacketbuilder.cpp
/usr/bin/cmake -E cmake_progress_report /home/sunchangbao/test/github/codeCollectionTmp/build/CMakeFiles 
[ 12%] Building CXX object src/A-V/jrtplib/src/CMakeFiles/jrtplib-static.dir/rtcprrpacket.cpp.o
cd /home/sunchangbao/test/github/codeCollectionTmp/build/src/A-V/jrtplib/src && /usr/bin/c++   -DJRTPLIB_COMPILING -I/home/sunchangbao/test/github/codeCollectionTmp/src/includes -I/home/sunchangbao/test/github/codeCollectionTmp/src -I/home/sunchangbao/test/github/codeCollectionTmp/src/A-V/jrtplib/src -I/home/sunchangbao/test/github/codeCollectionTmp/build/src/A-V/jrtplib/src    -o CMakeFiles/jrtplib-static.dir/rtcprrpacket.cpp.o -c /home/sunchangbao/test/github/codeCollectionTmp/src/A-V/jrtplib/src/rtcprrpacket.cpp
/usr/bin/cmake -E cmake_progress_report /home/sunchangbao/test/github/codeCollectionTmp/build/CMakeFiles 41
[ 13%] Building CXX object src/A-V/jrtplib/src/CMakeFiles/jrtplib-static.dir/rtcpscheduler.cpp.o
cd /home/sunchangbao/test/github/codeCollectionTmp/build/src/A-V/jrtplib/src && /usr/bin/c++   -DJRTPLIB_COMPILING -I/home/sunchangbao/test/github/codeCollectionTmp/src/includes -I/home/sunchangbao/test/github/codeCollectionTmp/src -I/home/sunchangbao/test/github/codeCollectionTmp/src/A-V/jrtplib/src -I/home/sunchangbao/test/github/codeCollectionTmp/build/src/A-V/jrtplib/src    -o CMakeFiles/jrtplib-static.dir/rtcpscheduler.cpp.o -c /home/sunchangbao/test/github/codeCollectionTmp/src/A-V/jrtplib/src/rtcpscheduler.cpp
/usr/bin/cmake -E cmake_progress_report /home/sunchangbao/test/github/codeCollectionTmp/build/CMakeFiles 
[ 13%] Building CXX object src/A-V/jrtplib/src/CMakeFiles/jrtplib-static.dir/rtcpsdesinfo.cpp.o
cd /home/sunchangbao/test/github/codeCollectionTmp/build/src/A-V/jrtplib/src && /usr/bin/c++   -DJRTPLIB_COMPILING -I/home/sunchangbao/test/github/codeCollectionTmp/src/includes -I/home/sunchangbao/test/github/codeCollectionTmp/src -I/home/sunchangbao/test/github/codeCollectionTmp/src/A-V/jrtplib/src -I/home/sunchangbao/test/github/codeCollectionTmp/build/src/A-V/jrtplib/src    -o CMakeFiles/jrtplib-static.dir/rtcpsdesinfo.cpp.o -c /home/sunchangbao/test/github/codeCollectionTmp/src/A-V/jrtplib/src/rtcpsdesinfo.cpp
/usr/bin/cmake -E cmake_progress_report /home/sunchangbao/test/github/codeCollectionTmp/build/CMakeFiles 
[ 13%] Building CXX object src/A-V/jrtplib/src/CMakeFiles/jrtplib-static.dir/rtcpsdespacket.cpp.o
cd /home/sunchangbao/test/github/codeCollectionTmp/build/src/A-V/jrtplib/src && /usr/bin/c++   -DJRTPLIB_COMPILING -I/home/sunchangbao/test/github/codeCollectionTmp/src/includes -I/home/sunchangbao/test/github/codeCollectionTmp/src -I/home/sunchangbao/test/github/codeCollectionTmp/src/A-V/jrtplib/src -I/home/sunchangbao/test/github/codeCollectionTmp/build/src/A-V/jrtplib/src    -o CMakeFiles/jrtplib-static.dir/rtcpsdespacket.cpp.o -c /home/sunchangbao/test/github/codeCollectionTmp/src/A-V/jrtplib/src/rtcpsdespacket.cpp
/usr/bin/cmake -E cmake_progress_report /home/sunchangbao/test/github/codeCollectionTmp/build/CMakeFiles 
[ 13%] Building CXX object src/A-V/jrtplib/src/CMakeFiles/jrtplib-static.dir/rtcpsrpacket.cpp.o
cd /home/sunchangbao/test/github/codeCollectionTmp/build/src/A-V/jrtplib/src && /usr/bin/c++   -DJRTPLIB_COMPILING -I/home/sunchangbao/test/github/codeCollectionTmp/src/includes -I/home/sunchangbao/test/github/codeCollectionTmp/src -I/home/sunchangbao/test/github/codeCollectionTmp/src/A-V/jrtplib/src -I/home/sunchangbao/test/github/codeCollectionTmp/build/src/A-V/jrtplib/src    -o CMakeFiles/jrtplib-static.dir/rtcpsrpacket.cpp.o -c /home/sunchangbao/test/github/codeCollectionTmp/src/A-V/jrtplib/src/rtcpsrpacket.cpp
/usr/bin/cmake -E cmake_progress_report /home/sunchangbao/test/github/codeCollectionTmp/build/CMakeFiles 
[ 13%] Building CXX object src/A-V/jrtplib/src/CMakeFiles/jrtplib-static.dir/rtpcollisionlist.cpp.o
cd /home/sunchangbao/test/github/codeCollectionTmp/build/src/A-V/jrtplib/src && /usr/bin/c++   -DJRTPLIB_COMPILING -I/home/sunchangbao/test/github/codeCollectionTmp/src/includes -I/home/sunchangbao/test/github/codeCollectionTmp/src -I/home/sunchangbao/test/github/codeCollectionTmp/src/A-V/jrtplib/src -I/home/sunchangbao/test/github/codeCollectionTmp/build/src/A-V/jrtplib/src    -o CMakeFiles/jrtplib-static.dir/rtpcollisionlist.cpp.o -c /home/sunchangbao/test/github/codeCollectionTmp/src/A-V/jrtplib/src/rtpcollisionlist.cpp
/usr/bin/cmake -E cmake_progress_report /home/sunchangbao/test/github/codeCollectionTmp/build/CMakeFiles 42
[ 14%] Building CXX object src/A-V/jrtplib/src/CMakeFiles/jrtplib-static.dir/rtpdebug.cpp.o
cd /home/sunchangbao/test/github/codeCollectionTmp/build/src/A-V/jrtplib/src && /usr/bin/c++   -DJRTPLIB_COMPILING -I/home/sunchangbao/test/github/codeCollectionTmp/src/includes -I/home/sunchangbao/test/github/codeCollectionTmp/src -I/home/sunchangbao/test/github/codeCollectionTmp/src/A-V/jrtplib/src -I/home/sunchangbao/test/github/codeCollectionTmp/build/src/A-V/jrtplib/src    -o CMakeFiles/jrtplib-static.dir/rtpdebug.cpp.o -c /home/sunchangbao/test/github/codeCollectionTmp/src/A-V/jrtplib/src/rtpdebug.cpp
/usr/bin/cmake -E cmake_progress_report /home/sunchangbao/test/github/codeCollectionTmp/build/CMakeFiles 
[ 14%] Building CXX object src/A-V/jrtplib/src/CMakeFiles/jrtplib-static.dir/rtperrors.cpp.o
cd /home/sunchangbao/test/github/codeCollectionTmp/build/src/A-V/jrtplib/src && /usr/bin/c++   -DJRTPLIB_COMPILING -I/home/sunchangbao/test/github/codeCollectionTmp/src/includes -I/home/sunchangbao/test/github/codeCollectionTmp/src -I/home/sunchangbao/test/github/codeCollectionTmp/src/A-V/jrtplib/src -I/home/sunchangbao/test/github/codeCollectionTmp/build/src/A-V/jrtplib/src    -o CMakeFiles/jrtplib-static.dir/rtperrors.cpp.o -c /home/sunchangbao/test/github/codeCollectionTmp/src/A-V/jrtplib/src/rtperrors.cpp
/usr/bin/cmake -E cmake_progress_report /home/sunchangbao/test/github/codeCollectionTmp/build/CMakeFiles 
[ 14%] Building CXX object src/A-V/jrtplib/src/CMakeFiles/jrtplib-static.dir/rtpinternalsourcedata.cpp.o
cd /home/sunchangbao/test/github/codeCollectionTmp/build/src/A-V/jrtplib/src && /usr/bin/c++   -DJRTPLIB_COMPILING -I/home/sunchangbao/test/github/codeCollectionTmp/src/includes -I/home/sunchangbao/test/github/codeCollectionTmp/src -I/home/sunchangbao/test/github/codeCollectionTmp/src/A-V/jrtplib/src -I/home/sunchangbao/test/github/codeCollectionTmp/build/src/A-V/jrtplib/src    -o CMakeFiles/jrtplib-static.dir/rtpinternalsourcedata.cpp.o -c /home/sunchangbao/test/github/codeCollectionTmp/src/A-V/jrtplib/src/rtpinternalsourcedata.cpp
